<html>
<body>
<pre>
<h1>�Vision Build Log</h1>
<h2>Tool Versions:</h2>
IDE-Version: ��Vision V5.42.0.0
Copyright (C) 2025 ARM Ltd and ARM Germany GmbH. All rights reserved.
License Information: 424447 LYY, HP Inc., LIC=9N0AE-5T2L3-8Y7VV-PRKQB-0MQ39-KE9GT
 
Tool Versions:
Toolchain:       MDK-ARM Professional  Version: 5.42.0.0
Toolchain Path:  D:\Keil5\ARM\ARMCLANG\Bin
C Compiler:      ArmClang.exe V6.23
Assembler:       Armasm.exe V6.23
Linker/Locator:  ArmLink.exe V6.23
Library Manager: ArmAr.exe V6.23
Hex Converter:   FromElf.exe V6.23
CPU DLL:         SARMCM3.DLL V5.42.0.0
Dialog DLL:      DCM.DLL V1.17.5.0
Target DLL:      STLink\ST-LINKIII-KEIL_SWO.dll V3.3.0.0
Dialog DLL:      TCM.DLL V1.56.6.0
 
<h2>Project:</h2>
D:\My_Project\STM32_SMART_DOOR_LOCK\CODE_HAL\MDK-ARM\Doorlock.uvprojx
Project File Date:  08/16/2026

<h2>Output:</h2>
*** Using Compiler 'V6.23', folder: 'D:\Keil5\ARM\ARMCLANG\Bin'
Build target 'Doorlock'
../Core/Src/main.c(161): warning: illegal character encoding in string literal [-Winvalid-source-encoding]
  161 |           OLED_ShowString(28, 28, "<BD><E2><CB><F8><B3>ɹ<A6><A3><A1>", OLED_8X16);
      |                                    ^~~~~~~~~~~~~~~~~~~~ ~~~~~~~~~~~~
../Core/Src/main.c(173): warning: illegal character encoding in string literal [-Winvalid-source-encoding]
  173 |           OLED_ShowString(28, 28, "<C3><DC><C2><EB><B4><ED><CE><F3><A3><A1>", OLED_8X16);
      |                                    ^~~~~~~~~~~~~~~~~~~~~~~~~~~~~~~~~~~~~~~~
../Core/Src/main.c(190): warning: illegal character encoding in string literal [-Winvalid-source-encoding]
  190 |           OLED_ShowString(20, 28, "ָ<CE><C6>δƥ<C5><E4>!", OLED_8X16);
      |                                    ^~~~~~~~  ~~~~~~~~
../Core/Src/main.c(203): warning: illegal character encoding in string literal [-Winvalid-source-encoding]
  203 |           OLED_ShowString(32, 28, "ָ<CE><C6>ID:", OLED_8X16);
      |                                    ^~~~~~~~
../Core/Src/main.c(247): warning: illegal character encoding in string literal [-Winvalid-source-encoding]
  247 |         OLED_ShowString(20, 28, "<D5><FD><D4>ڹ<D8><CB><F8>", OLED_8X16);
      |                                  ^~~~~~~~~~~~ ~~~~~~~~~~~~
../Core/Src/main.c(346): warning: illegal character encoding in string literal [-Winvalid-source-encoding]
  346 |     OLED_ShowString(28, 28, "<BF><A8>Ƭ<B4><ED><CE><F3><A3><A1>", OLED_8X16);
      |                              ^~~~~~~~ ~~~~~~~~~~~~~~~~~~~~~~~~
../Core/Src/main.c(356): warning: illegal character encoding in string literal [-Winvalid-source-encoding]
  356 |     OLED_ShowString(40, 28, "<BF><A8>ID:", OLED_8X16);
      |                              ^~~~~~~~
7 warnings generated.
compiling main.c...
../Hardware/Menu.c(64): warning: illegal character encoding in string literal [-Winvalid-source-encoding]
   64 |         OLED_ShowString(16, 24, "<D6><C7><C4><DC><C3>Ž<FB>ϵͳ", OLED_8X16);
      |                                  ^~~~~~~~~~~~~~~~~~~~ ~~~~
../Hardware/Menu.c(78): warning: illegal character encoding in string literal [-Winvalid-source-encoding]
   78 |         OLED_ShowString(32, 40, "<C3><DC><C2><EB><BD><E2><CB><F8>", OLED_8X16);
      |                                  ^~~~~~~~~~~~~~~~~~~~~~~~~~~~~~~~
../Hardware/Menu.c(89): warning: illegal character encoding in string literal [-Winvalid-source-encoding]
   89 |                 OLED_ShowString(24, 20, "<B0><B2>ȫ<CB><F8><B6><A8>", OLED_8X16);
      |                                          ^~~~~~~~ ~~~~~~~~~~~~~~~~
../Hardware/Menu.c(90): warning: illegal character encoding in string literal [-Winvalid-source-encoding]
   90 |                 OLED_ShowString(8, 40, "ʣ<D3><E0>", OLED_8X16);
      |                                          ^~~~~~~~
../Hardware/Menu.c(92): warning: illegal character encoding in string literal [-Winvalid-source-encoding]
   92 |                 OLED_ShowString(88, 40, "<C3><EB>", OLED_8X16);
      |                                          ^~~~~~~~
../Hardware/Menu.c(110): warning: illegal character encoding in string literal [-Winvalid-source-encoding]
  110 |         OLED_ShowString(0, 0, "һ<A1><A2><D0><U+07B8><C4><C3><DC><C2><EB>", OLED_8X16);
      |                                 ^~~~~~~~~~~~        ~~~~~~~~~~~~~~~~~~~~
../Hardware/Menu.c(111): warning: illegal character encoding in string literal [-Winvalid-source-encoding]
  111 |         OLED_ShowString(0, 16, "<B6><FE><A1><A2>¼<C8><EB><D0>¿<A8>", OLED_8X16);
      |                                 ^~~~~~~~~~~~~~~~ ~~~~~~~~~~~~ ~~~~
../Hardware/Menu.c(112): warning: illegal character encoding in string literal [-Winvalid-source-encoding]
  112 |         OLED_ShowString(0, 32, "<C8><FD><A1><A2>ɾ<B3><FD><BF><A8>Ƭ", OLED_8X16);
      |                                 ^~~~~~~~~~~~~~~~ ~~~~~~~~~~~~~~~~
../Hardware/Menu.c(113): warning: illegal character encoding in string literal [-Winvalid-source-encoding]
  113 |         OLED_ShowString(0, 48, "<CB>ġ<A2><B9><D8><CB><F8>", OLED_8X16);
      |                                 ^~~~ ~~~~~~~~~~~~~~~~~~~~
../Hardware/Menu.c(119): warning: illegal character encoding in string literal [-Winvalid-source-encoding]
  119 |         OLED_ShowString(0, 0, "<CE>塢¼<C8><EB>ָ<CE><C6>", OLED_8X16);
      |                                ^~~~   ~~~~~~~~~~~~~~~~
../Hardware/Menu.c(120): warning: illegal character encoding in string literal [-Winvalid-source-encoding]
  120 |         OLED_ShowString(0, 16, "<C1><F9><A1><A2>ɾ<B3><FD>ָ<CE><C6>", OLED_8X16);
      |                                 ^~~~~~~~~~~~~~~~ ~~~~~~~~~~~~~~~~
../Hardware/Menu.c(121): warning: illegal character encoding in string literal [-Winvalid-source-encoding]
  121 |         OLED_ShowString(0, 32, "<C6>ߡ<A2><BF><AA><CB><F8><C8><D5>־", OLED_8X16);
      |                                 ^~~~ ~~~~~~~~~~~~~~~~~~~~~~~~~~~~
../Hardware/Menu.c(208): warning: illegal character encoding in string literal [-Winvalid-source-encoding]
  208 |         OLED_ShowString(16, 0, "<CA><E4><C8><EB><CB><C4>λ<C3><DC><C2><EB>", OLED_8X16);
      |                                 ^~~~~~~~~~~~~~~~~~~~~~~~ ~~~~~~~~~~~~~~~~
../Hardware/Menu.c(280): warning: illegal character encoding in string literal [-Winvalid-source-encoding]
  280 |                                 OLED_ShowString(28, 28, "<BD><E2><CB><F8><B3>ɹ<A6><A3><A1>", OLED_8X16);
      |                                                          ^~~~~~~~~~~~~~~~~~~~ ~~~~~~~~~~~~
../Hardware/Menu.c(295): warning: illegal character encoding in string literal [-Winvalid-source-encoding]
  295 |                                 OLED_ShowString(28, 28, "<C3><DC><C2><EB><B4><ED><CE><F3><A3><A1>", OLED_8X16);
      |                                                          ^~~~~~~~~~~~~~~~~~~~~~~~~~~~~~~~~~~~~~~~
../Hardware/Menu.c(310): warning: illegal character encoding in string literal [-Winvalid-source-encoding]
  310 |                         OLED_ShowString(16, 48, "<C3><DC><C2>벻<D7><E3><CB><C4>λ", OLED_8X16);
      |                                                  ^~~~~~~~~~~~  ~~~~~~~~~~~~~~~~
../Hardware/Menu.c(328): warning: illegal character encoding in string literal [-Winvalid-source-encoding]
  328 |                 OLED_ShowString(20, 28, "<D7>Զ<AF><B9><D8><CB><F8>", OLED_8X16);
      |                                          ^~~~ ~~~~~~~~~~~~~~~~~~~~
../Hardware/Menu.c(392): warning: illegal character encoding in string literal [-Winvalid-source-encoding]
  392 |         OLED_ShowString(16, 0, "<CA><E4><C8><EB><B3><F5>ʼ<C3><DC><C2><EB>", OLED_8X16);
      |                                 ^~~~~~~~~~~~~~~~~~~~~~~~ ~~~~~~~~~~~~~~~~
../Hardware/Menu.c(416): warning: illegal character encoding in string literal [-Winvalid-source-encoding]
  416 |         OLED_ShowString(16, 0, "<C7><EB><CA><E4><C8><EB><D0><C2><C3><DC><C2><EB>", OLED_8X16);
      |                                 ^~~~~~~~~~~~~~~~~~~~~~~~~~~~~~~~~~~~~~~~~~~~~~~~
../Hardware/Menu.c(479): warning: illegal character encoding in string literal [-Winvalid-source-encoding]
  479 |                                 OLED_ShowString(28, 28, "<C3><DC><C2><EB><B4><ED><CE><F3><A3><A1>", OLED_8X16);
      |                                                          ^~~~~~~~~~~~~~~~~~~~~~~~~~~~~~~~~~~~~~~~
../Hardware/Menu.c(494): warning: illegal character encoding in string literal [-Winvalid-source-encoding]
  494 |                         OLED_ShowString(16, 48, "<C3><DC><C2>벻<D7><E3><CB><C4>λ", OLED_8X16);
      |                                                  ^~~~~~~~~~~~  ~~~~~~~~~~~~~~~~
../Hardware/Menu.c(542): warning: illegal character encoding in string literal [-Winvalid-source-encoding]
  542 |                         OLED_ShowString(28, 28, "<D0><U+07B8>ĳɹ<A6><A3><A1>", OLED_8X16);
      |                                                  ^~~~          ~~~~~~~~~~~~
../Hardware/Menu.c(554): warning: illegal character encoding in string literal [-Winvalid-source-encoding]
  554 |                         OLED_ShowString(16, 48, "<C3><DC><C2>벻<D7><E3><CB><C4>λ", OLED_8X16);
      |                                                  ^~~~~~~~~~~~  ~~~~~~~~~~~~~~~~
../Hardware/Menu.c(635): warning: illegal character encoding in string literal [-Winvalid-source-encoding]
  635 |                 OLED_ShowString(24, 28, "<C7><EB>¼<C8><EB><D0>¿<A8><A3><A1>", OLED_8X16);
      |                                          ^~~~~~~~ ~~~~~~~~~~~~ ~~~~~~~~~~~~
../Hardware/Menu.c(641): warning: illegal character encoding in string literal [-Winvalid-source-encoding]
  641 |                 OLED_ShowString(0, 0, "<BF><A8>һ", OLED_8X16);
      |                                        ^~~~~~~~
../Hardware/Menu.c(643): warning: illegal character encoding in string literal [-Winvalid-source-encoding]
  643 |                 OLED_ShowString(0, 16, "<BF><A8><B6><FE>", OLED_8X16);
      |                                         ^~~~~~~~~~~~~~~~
../Hardware/Menu.c(645): warning: illegal character encoding in string literal [-Winvalid-source-encoding]
  645 |                 OLED_ShowString(0, 32, "<BF><A8><C8><FD>", OLED_8X16);
      |                                         ^~~~~~~~~~~~~~~~
../Hardware/Menu.c(647): warning: illegal character encoding in string literal [-Winvalid-source-encoding]
  647 |                 OLED_ShowString(0, 48, "<BF><A8><CB><C4>", OLED_8X16);
      |                                         ^~~~~~~~~~~~~~~~
../Hardware/Menu.c(712): warning: illegal character encoding in string literal [-Winvalid-source-encoding]
  712 |                                 OLED_ShowString(16, 28, "¼<C8>뿨һ<B3>ɹ<A6><A3><A1>", OLED_8X16);
      |                                                           ^~~~   ~~~~ ~~~~~~~~~~~~
../Hardware/Menu.c(726): warning: illegal character encoding in string literal [-Winvalid-source-encoding]
  726 |                                 OLED_ShowString(16, 28, "¼<C8>뿨<B6><FE><B3>ɹ<A6><A3><A1>", OLED_8X16);
      |                                                           ^~~~  ~~~~~~~~~~~~ ~~~~~~~~~~~~
../Hardware/Menu.c(740): warning: illegal character encoding in string literal [-Winvalid-source-encoding]
  740 |                                 OLED_ShowString(16, 28, "¼<C8>뿨<C8><FD><B3>ɹ<A6><A3><A1>", OLED_8X16);
      |                                                           ^~~~  ~~~~~~~~~~~~ ~~~~~~~~~~~~
../Hardware/Menu.c(754): warning: illegal character encoding in string literal [-Winvalid-source-encoding]
  754 |                                 OLED_ShowString(16, 28, "¼<C8>뿨<CB>ĳɹ<A6><A3><A1>", OLED_8X16);
      |                                                           ^~~~  ~~~~  ~~~~~~~~~~~~
../Hardware/Menu.c(763): warning: illegal character encoding in string literal [-Winvalid-source-encoding]
  763 |                                 OLED_ShowString(28, 28, "<BF><A8>λ<D2><D1><C2><FA><A3><A1>", OLED_8X16);
      |                                                          ^~~~~~~~ ~~~~~~~~~~~~~~~~~~~~~~~~
../Hardware/Menu.c(771): warning: illegal character encoding in string literal [-Winvalid-source-encoding]
  771 |                                 OLED_ShowString(24, 28, "<D0>¿<A8><D2>Ѵ<E6><D4>ڣ<A1>", OLED_8X16);
      |                                                          ^~~~ ~~~~~~~~ ~~~~~~~~ ~~~~
../Hardware/Menu.c(804): warning: illegal character encoding in string literal [-Winvalid-source-encoding]
  804 |         OLED_ShowString(0, 0, "<BF><A8>һ", OLED_8X16);
      |                                ^~~~~~~~
../Hardware/Menu.c(806): warning: illegal character encoding in string literal [-Winvalid-source-encoding]
  806 |         OLED_ShowString(0, 16, "<BF><A8><B6><FE>", OLED_8X16);
      |                                 ^~~~~~~~~~~~~~~~
../Hardware/Menu.c(808): warning: illegal character encoding in string literal [-Winvalid-source-encoding]
  808 |         OLED_ShowString(0, 32, "<BF><A8><C8><FD>", OLED_8X16);
      |                                 ^~~~~~~~~~~~~~~~
../Hardware/Menu.c(810): warning: illegal character encoding in string literal [-Winvalid-source-encoding]
  810 |         OLED_ShowString(0, 48, "<BF><A8><CB><C4>", OLED_8X16);
      |                                 ^~~~~~~~~~~~~~~~
../Hardware/Menu.c(837): warning: illegal character encoding in string literal [-Winvalid-source-encoding]
  837 |                         OLED_ShowString(28, 28, "<CE><DE>Чɾ<B3><FD><A3><A1>", OLED_8X16);
      |                                                  ^~~~~~~~  ~~~~~~~~~~~~~~~~
../Hardware/Menu.c(850): warning: illegal character encoding in string literal [-Winvalid-source-encoding]
  850 |                         OLED_ShowString(28, 28, "ɾ<B3><FD><B3>ɹ<A6><A3><A1>", OLED_8X16);
      |                                                   ^~~~~~~~~~~~ ~~~~~~~~~~~~
../Hardware/Menu.c(860): warning: illegal character encoding in string literal [-Winvalid-source-encoding]
  860 |                         OLED_ShowString(28, 28, "<CE><DE>Чɾ<B3><FD><A3><A1>", OLED_8X16);
      |                                                  ^~~~~~~~  ~~~~~~~~~~~~~~~~
../Hardware/Menu.c(873): warning: illegal character encoding in string literal [-Winvalid-source-encoding]
  873 |                         OLED_ShowString(28, 28, "ɾ<B3><FD><B3>ɹ<A6><A3><A1>", OLED_8X16);
      |                                                   ^~~~~~~~~~~~ ~~~~~~~~~~~~
../Hardware/Menu.c(883): warning: illegal character encoding in string literal [-Winvalid-source-encoding]
  883 |                         OLED_ShowString(28, 28, "<CE><DE>Чɾ<B3><FD><A3><A1>", OLED_8X16);
      |                                                  ^~~~~~~~  ~~~~~~~~~~~~~~~~
../Hardware/Menu.c(896): warning: illegal character encoding in string literal [-Winvalid-source-encoding]
  896 |                         OLED_ShowString(28, 28, "ɾ<B3><FD><B3>ɹ<A6><A3><A1>", OLED_8X16);
      |                                                   ^~~~~~~~~~~~ ~~~~~~~~~~~~
../Hardware/Menu.c(906): warning: illegal character encoding in string literal [-Winvalid-source-encoding]
  906 |                         OLED_ShowString(28, 28, "<CE><DE>Чɾ<B3><FD><A3><A1>", OLED_8X16);
      |                                                  ^~~~~~~~  ~~~~~~~~~~~~~~~~
../Hardware/Menu.c(919): warning: illegal character encoding in string literal [-Winvalid-source-encoding]
  919 |                         OLED_ShowString(28, 28, "ɾ<B3><FD><B3>ɹ<A6><A3><A1>", OLED_8X16);
      |                                                   ^~~~~~~~~~~~ ~~~~~~~~~~~~
../Hardware/Menu.c(942): warning: | has lower precedence than ==; == will be evaluated first [-Wparentheses]
  942 |                 if ((KeyNum >= 1 && KeyNum <= 12) | KeyNum == 15)
      |                                                   ^~~~~~~~~~~~~~
../Hardware/Menu.c(942): note: place parentheses around the '==' expression to silence this warning
  942 |                 if ((KeyNum >= 1 && KeyNum <= 12) | KeyNum == 15)
      |                                                   ^             
      |                                                     (           )
../Hardware/Menu.c(942): note: place parentheses around the | expression to evaluate it first
  942 |                 if ((KeyNum >= 1 && KeyNum <= 12) | KeyNum == 15)
      |                                                   ^
      |                     (                                     )
../Hardware/Menu.c(1017): warning: illegal character encoding in string literal [-Winvalid-source-encoding]
 1017 |         OLED_ShowString(0, 0, "ָ<CE><C6>һ", OLED_8X16);
      |                                ^~~~~~~~
../Hardware/Menu.c(1019): warning: illegal character encoding in string literal [-Winvalid-source-encoding]
 1019 |         OLED_ShowString(0, 16, "ָ<CE>ƶ<FE>", OLED_8X16);
      |                                 ^~~~ ~~~~
../Hardware/Menu.c(1021): warning: illegal character encoding in string literal [-Winvalid-source-encoding]
 1021 |         OLED_ShowString(0, 32, "ָ<CE><C6><C8><FD>", OLED_8X16);
      |                                 ^~~~~~~~~~~~~~~~
../Hardware/Menu.c(1023): warning: illegal character encoding in string literal [-Winvalid-source-encoding]
 1023 |         OLED_ShowString(0, 48, "ָ<CE><C6><CB><C4>", OLED_8X16);
      |                                 ^~~~~~~~~~~~~~~~
../Hardware/Menu.c(1052): warning: illegal character encoding in string literal [-Winvalid-source-encoding]
 1052 |                 OLED_ShowString(12, 28, "ָ<CE><C6><D2><D1><C2><FA><CB>ĸ<F6><A3><A1>", OLED_8X16);
      |                                          ^~~~~~~~~~~~~~~~~~~~~~~~~~~~ ~~~~~~~~~~~~
../Hardware/Menu.c(1057): warning: illegal character encoding in string literal [-Winvalid-source-encoding]
 1057 |                 OLED_ShowString(20, 28, "<C7><EB>¼<C8><EB>ָ<CE>ƣ<A1>", OLED_8X16);
      |                                          ^~~~~~~~ ~~~~~~~~~~~~ ~~~~
../Hardware/Menu.c(1120): warning: illegal character encoding in string literal [-Winvalid-source-encoding]
 1120 |                         OLED_ShowString(20, 28, "<D5><FD><D4><DA>¼<C8><EB>", OLED_8X16);
      |                                                  ^~~~~~~~~~~~~~~~ ~~~~~~~~
../Hardware/Menu.c(1130): warning: illegal character encoding in string literal [-Winvalid-source-encoding]
 1130 |                                 OLED_ShowString(28, 28, "¼<C8><EB><B3>ɹ<A6><A3><A1>", OLED_8X16);
      |                                                           ^~~~~~~~~~~~ ~~~~~~~~~~~~
../Hardware/Menu.c(1138): warning: illegal character encoding in string literal [-Winvalid-source-encoding]
 1138 |                                 OLED_ShowString(28, 28, "¼<C8><EB>ʧ<B0>ܣ<A1>", OLED_8X16);
      |                                                           ^~~~~~~~ ~~~~ ~~~~
../Hardware/Menu.c(1168): warning: illegal character encoding in string literal [-Winvalid-source-encoding]
 1168 |         OLED_ShowString(0, 0, "ָ<CE><C6>һ", OLED_8X16);
      |                                ^~~~~~~~
../Hardware/Menu.c(1170): warning: illegal character encoding in string literal [-Winvalid-source-encoding]
 1170 |         OLED_ShowString(0, 16, "ָ<CE>ƶ<FE>", OLED_8X16);
      |                                 ^~~~ ~~~~
../Hardware/Menu.c(1172): warning: illegal character encoding in string literal [-Winvalid-source-encoding]
 1172 |         OLED_ShowString(0, 32, "ָ<CE><C6><C8><FD>", OLED_8X16);
      |                                 ^~~~~~~~~~~~~~~~
../Hardware/Menu.c(1174): warning: illegal character encoding in string literal [-Winvalid-source-encoding]
 1174 |         OLED_ShowString(0, 48, "ָ<CE><C6><CB><C4>", OLED_8X16);
      |                                 ^~~~~~~~~~~~~~~~
../Hardware/Menu.c(1206): warning: illegal character encoding in string literal [-Winvalid-source-encoding]
 1206 |                 OLED_ShowString(28, 28, "<CE><DE>Чɾ<B3><FD><A3><A1>", OLED_8X16);
      |                                          ^~~~~~~~  ~~~~~~~~~~~~~~~~
../Hardware/Menu.c(1223): warning: illegal character encoding in string literal [-Winvalid-source-encoding]
 1223 |                 OLED_ShowString(28, 28, "ɾ<B3><FD><B3>ɹ<A6><A3><A1>", OLED_8X16);
      |                                           ^~~~~~~~~~~~ ~~~~~~~~~~~~
../Hardware/Menu.c(1242): warning: | has lower precedence than ==; == will be evaluated first [-Wparentheses]
 1242 |                 if ((KeyNum >= 1 && KeyNum <= 12) | KeyNum == 15)
      |                                                   ^~~~~~~~~~~~~~
../Hardware/Menu.c(1242): note: place parentheses around the '==' expression to silence this warning
 1242 |                 if ((KeyNum >= 1 && KeyNum <= 12) | KeyNum == 15)
      |                                                   ^             
      |                                                     (           )
../Hardware/Menu.c(1242): note: place parentheses around the | expression to evaluate it first
 1242 |                 if ((KeyNum >= 1 && KeyNum <= 12) | KeyNum == 15)
      |                                                   ^
      |                     (                                     )
../Hardware/Menu.c(1310): warning: illegal character encoding in string literal [-Winvalid-source-encoding]
 1310 |                 OLED_ShowString(8, 0, "<BF><AA><CB><F8><C8><D5>־", OLED_8X16);
      |                                        ^~~~~~~~~~~~~~~~~~~~~~~~
64 warnings generated.
compiling Menu.c...
linking...
Program Size: Code=38028 RO-data=9380 RW-data=36 ZI-data=3388  
FromELF: creating hex file...
"Doorlock\Doorlock.axf" - 0 Error(s), 71 Warning(s).

<h2>Software Packages used:</h2>

Package Vendor: ARM
                https://www.keil.com/pack/ARM.CMSIS.6.1.0.pack
                ARM::CMSIS@6.1.0
                CMSIS (Common Microcontroller Software Interface Standard)
   * Component: CORE Version: 6.1.0

Package Vendor: Keil
                https://www.keil.com/pack/Keil.STM32F1xx_DFP.2.4.1.pack
                Keil::STM32F1xx_DFP@2.4.1
                STMicroelectronics STM32F1 Series Device Support, Drivers and Examples

<h2>Collection of Component include folders:</h2>
  ./RTE/_Doorlock
  D:/Keil5/Packs/ARM/CMSIS/6.1.0/CMSIS/Core/Include
  D:/Keil5/Packs/Keil/STM32F1xx_DFP/2.4.1/Device/Include

<h2>Collection of Component Files used:</h2>

   * Component: ARM::CMSIS:CORE@6.1.0
      Include file:  CMSIS/Core/Include/tz_context.h
Build Time Elapsed:  00:00:01
</pre>
</body>
</html>
