<html>
<body>
<pre>
<h1>�Vision Build Log</h1>
<h2>Tool Versions:</h2>
IDE-Version: ��Vision V5.42.0.0
Copyright (C) 2025 ARM Ltd and ARM Germany GmbH. All rights reserved.
License Information: 424447 LYY, HP Inc., LIC=9N0AE-5T2L3-8Y7VV-PRKQB-0MQ39-KE9GT
 
Tool Versions:
Toolchain:       MDK-ARM Professional  Version: 5.42.0.0
Toolchain Path:  D:\Keil5\ARM\ARMCLANG\Bin
C Compiler:      ArmClang.exe V6.23
Assembler:       Armasm.exe V6.23
Linker/Locator:  ArmLink.exe V6.23
Library Manager: ArmAr.exe V6.23
Hex Converter:   FromElf.exe V6.23
CPU DLL:         SARMCM3.DLL V5.42.0.0
Dialog DLL:      DCM.DLL V1.17.5.0
Target DLL:      STLink\ST-LINKIII-KEIL_SWO.dll V3.3.0.0
Dialog DLL:      TCM.DLL V1.56.6.0
 
<h2>Project:</h2>
D:\My_Project\STM32_SMART_DOOR_LOCK\CODE_HAL\MDK-ARM\Doorlock.uvprojx
Project File Date:  08/16/2026

<h2>Output:</h2>
*** Using Compiler 'V6.23', folder: 'D:\Keil5\ARM\ARMCLANG\Bin'
Build target 'Doorlock'
compiling PasswordFlash.c...
compiling Security.c...
../Core/Src/main.c(160): warning: illegal character encoding in string literal [-Winvalid-source-encoding]
  160 |           OLED_ShowString(28, 28, "<BD><E2><CB><F8><B3>ɹ<A6><A3><A1>", OLED_8X16);
      |                                    ^~~~~~~~~~~~~~~~~~~~ ~~~~~~~~~~~~
../Core/Src/main.c(172): warning: illegal character encoding in string literal [-Winvalid-source-encoding]
  172 |           OLED_ShowString(28, 28, "<C3><DC><C2><EB><B4><ED><CE><F3><A3><A1>", OLED_8X16);
      |                                    ^~~~~~~~~~~~~~~~~~~~~~~~~~~~~~~~~~~~~~~~
../Core/Src/main.c(191): warning: illegal character encoding in string literal [-Winvalid-source-encoding]
  191 |           OLED_ShowString(20, 28, "ָ<CE><C6>δƥ<C5><E4>!", OLED_8X16);
      |                                    ^~~~~~~~  ~~~~~~~~
../Core/Src/main.c(204): warning: illegal character encoding in string literal [-Winvalid-source-encoding]
  204 |           OLED_ShowString(32, 28, "ָ<CE><C6>ID:", OLED_8X16);
      |                                    ^~~~~~~~
../Core/Src/main.c(249): warning: illegal character encoding in string literal [-Winvalid-source-encoding]
  249 |         OLED_ShowString(20, 28, "<D5><FD><D4>ڹ<D8><CB><F8>", OLED_8X16);
      |                                  ^~~~~~~~~~~~ ~~~~~~~~~~~~
../Core/Src/main.c(358): warning: illegal character encoding in string literal [-Winvalid-source-encoding]
  358 |     OLED_ShowString(28, 28, "<BF><A8>Ƭ<B4><ED><CE><F3><A3><A1>", OLED_8X16);
      |                              ^~~~~~~~ ~~~~~~~~~~~~~~~~~~~~~~~~
../Core/Src/main.c(368): warning: illegal character encoding in string literal [-Winvalid-source-encoding]
  368 |     OLED_ShowString(40, 28, "<BF><A8>ID:", OLED_8X16);
      |                              ^~~~~~~~
7 warnings generated.
compiling main.c...
../Hardware/AS608.c(883): warning: illegal character encoding in string literal [-Winvalid-source-encoding]
  883 |         return "<CA><FD><BE>ݰ<FC><BD><D3><CA>մ<ED><CE><F3>";
      |                 ^~~~~~~~~~~~ ~~~~~~~~~~~~~~~~ ~~~~~~~~~~~~
../Hardware/AS608.c(885): warning: illegal character encoding in string literal [-Winvalid-source-encoding]
  885 |         return "<B4><AB><B8><D0><C6><F7><C9><CF>û<D3><D0><CA><D6>ָ";
      |                 ^~~~~~~~~~~~~~~~~~~~~~~~~~~~~~~~ ~~~~~~~~~~~~~~~~
../Hardware/AS608.c(887): warning: illegal character encoding in string literal [-Winvalid-source-encoding]
  887 |         return "¼<C8><EB>ָ<CE><C6>ͼ<CF><F1>ʧ<B0><DC>";
      |                  ^~~~~~~~~~~~~~~~ ~~~~~~~~ ~~~~~~~~
../Hardware/AS608.c(889): warning: illegal character encoding in string literal [-Winvalid-source-encoding]
  889 |         return "ָ<CE><C6>ͼ<CF><F1>̫<B8>ɡ<A2>̫<B5><AD><B6><F8><C9><FA><B2><BB><B3><C9><CC><D8><D5><F7>";
      |                 ^~~~~~~~ ~~~~~~~~~~~~ ~~~~~~~~~~~~~~~~~~~~~~~~~~~~~~~~~~~~~~~~~~~~~~~~~~~~~~~~~~~~
../Hardware/AS608.c(891): warning: illegal character encoding in string literal [-Winvalid-source-encoding]
  891 |         return "ָ<CE><C6>ͼ<CF><F1>̫ʪ<A1><A2>̫<BA><FD><B6><F8><C9><FA><B2><BB><B3><C9><CC><D8><D5><F7>";
      |                 ^~~~~~~~ ~~~~~~~~ ~~~~~~~~~~~~~~~~~~~~~~~~~~~~~~~~~~~~~~~~~~~~~~~~~~~~~~~~~~~~~~~~
../Hardware/AS608.c(893): warning: illegal character encoding in string literal [-Winvalid-source-encoding]
  893 |         return "ָ<CE><C6>ͼ<CF><F1>̫<C2>Ҷ<F8><C9><FA><B2><BB><B3><C9><CC><D8><D5><F7>";
      |                 ^~~~~~~~ ~~~~~~~~~~~~ ~~~~~~~~~~~~~~~~~~~~~~~~~~~~~~~~~~~~~~~~~~~~
../Hardware/AS608.c(895): warning: illegal character encoding in string literal [-Winvalid-source-encoding]
  895 |         return "<CC><D8><D5><F7><B5><E3>̫<C9>ٶ<F8><C9><FA><B2><BB><B3><C9><CC><D8><D5><F7>";
      |                 ^~~~~~~~~~~~~~~~~~~~~~~~~~~~ ~~~~~~~~~~~~~~~~~~~~~~~~~~~~~~~~~~~~~~~~~~~~
../Hardware/AS608.c(897): warning: illegal character encoding in string literal [-Winvalid-source-encoding]
  897 |         return "ָ<CE>Ʋ<BB>ƥ<C5><E4>!";
      |                 ^~~~ ~~~~ ~~~~~~~~
../Hardware/AS608.c(899): warning: illegal character encoding in string literal [-Winvalid-source-encoding]
  899 |         return "ָ<CE>Ʋ<BB>ƥ<C5><E4>!"; // ģ<BF>鳣<BB><EC><D3><C3>
      |                 ^~~~ ~~~~ ~~~~~~~~
../Hardware/AS608.c(901): warning: illegal character encoding in string literal [-Winvalid-source-encoding]
  901 |         return "<CC><D8><D5><F7><BA>ϲ<A2>ʧ<B0><DC>";
      |                 ^~~~~~~~~~~~~~~~~~~~ ~~~~ ~~~~~~~~
../Hardware/AS608.c(903): warning: illegal character encoding in string literal [-Winvalid-source-encoding]
  903 |         return "<B7><C3><CE><CA>ָ<CE>ƿ<E2>ʱ<B5><D8>ַ<D0><F2><BA>ų<AC><B3><F6><B7><B6>Χ";
      |                 ^~~~~~~~~~~~~~~~~~~~ ~~~~ ~~~~~~~~~~~~~~~~~~~~ ~~~~~~~~~~~~~~~~~~~~
../Hardware/AS608.c(905): warning: illegal character encoding in string literal [-Winvalid-source-encoding]
  905 |         return "ɾ<B3><FD>ģ<B0><E5>ʧ<B0><DC>";
      |                  ^~~~~~~~ ~~~~~~~~ ~~~~~~~~
../Hardware/AS608.c(907): warning: illegal character encoding in string literal [-Winvalid-source-encoding]
  907 |         return "<C7><E5><BF><D5>ָ<CE>ƿ<E2>ʧ<B0><DC>";
      |                 ^~~~~~~~~~~~~~~~~~~~ ~~~~ ~~~~~~~~
../Hardware/AS608.c(909): warning: illegal character encoding in string literal [-Winvalid-source-encoding]
  909 |         return "<BB><BA><B3><E5><C7><F8><CE><DE><D3><D0>Чԭʼͼ";
      |                 ^~~~~~~~~~~~~~~~~~~~~~~~~~~~~~~~~~~~~~~~
../Hardware/AS608.c(911): warning: illegal character encoding in string literal [-Winvalid-source-encoding]
  911 |         return "<B6><C1>д FLASH <B3><F6><B4><ED>";
      |                 ^~~~~~~~        ~~~~~~~~~~~~~~~~
../Hardware/AS608.c(913): warning: illegal character encoding in string literal [-Winvalid-source-encoding]
  913 |         return "<CE><DE>Ч<BC>Ĵ<E6><C6><F7><BA><C5>";
      |                 ^~~~~~~~ ~~~~ ~~~~~~~~~~~~~~~~~~~~
../Hardware/AS608.c(915): warning: illegal character encoding in string literal [-Winvalid-source-encoding]
  915 |         return "<BC>Ĵ<E6><C6><F7><C9>趨<C4><DA><C8>ݴ<ED><CE><F3>";
      |                 ^~~~ ~~~~~~~~~~~~~~~~  ~~~~~~~~~~~~ ~~~~~~~~~~~~
../Hardware/AS608.c(917): warning: illegal character encoding in string literal [-Winvalid-source-encoding]
  917 |         return "<BC><C7><CA>±<BE>ҳ<C2><EB>ָ<B6><A8><B4><ED><CE><F3>";
      |                 ^~~~~~~~~~~~ ~~~~ ~~~~~~~~~~~~~~~~~~~~~~~~~~~~~~~~
../Hardware/AS608.c(919): warning: illegal character encoding in string literal [-Winvalid-source-encoding]
  919 |         return "ָ<CE>ƿ<E2><C2><FA>";
      |                 ^~~~ ~~~~~~~~~~~~
../Hardware/AS608.c(921): warning: illegal character encoding in string literal [-Winvalid-source-encoding]
  921 |         return "<B5><D8>ַ<B4><ED><CE><F3>";
      |                 ^~~~~~~~~~~~~~~~~~~~~~~~
../Hardware/AS608.c(923): warning: illegal character encoding in string literal [-Winvalid-source-encoding]
  923 |         return "ģ<BF>鷵<BB><D8>ȷ<C8><CF><C2><EB><D3><D0><CE><F3>";
      |                  ^~~~  ~~~~~~~~ ~~~~~~~~~~~~~~~~~~~~~~~~~~~~~~~~
21 warnings generated.
compiling AS608.c...
../Hardware/Menu.c(63): warning: illegal character encoding in string literal [-Winvalid-source-encoding]
   63 |         OLED_ShowString(16, 24, "<D6><C7><C4><DC><C3>Ž<FB>ϵͳ", OLED_8X16);
      |                                  ^~~~~~~~~~~~~~~~~~~~ ~~~~
../Hardware/Menu.c(77): warning: illegal character encoding in string literal [-Winvalid-source-encoding]
   77 |         OLED_ShowString(32, 40, "<C3><DC><C2><EB><BD><E2><CB><F8>", OLED_8X16);
      |                                  ^~~~~~~~~~~~~~~~~~~~~~~~~~~~~~~~
../Hardware/Menu.c(88): warning: illegal character encoding in string literal [-Winvalid-source-encoding]
   88 |                 OLED_ShowString(24, 20, "<B0><B2>ȫ<CB><F8><B6><A8>", OLED_8X16);
      |                                          ^~~~~~~~ ~~~~~~~~~~~~~~~~
../Hardware/Menu.c(89): warning: illegal character encoding in string literal [-Winvalid-source-encoding]
   89 |                 OLED_ShowString(8, 40, "ʣ<D3><E0>", OLED_8X16);
      |                                          ^~~~~~~~
../Hardware/Menu.c(91): warning: illegal character encoding in string literal [-Winvalid-source-encoding]
   91 |                 OLED_ShowString(88, 40, "<C3><EB>", OLED_8X16);
      |                                          ^~~~~~~~
../Hardware/Menu.c(109): warning: illegal character encoding in string literal [-Winvalid-source-encoding]
  109 |         OLED_ShowString(0, 0, "һ<A1><A2><D0><U+07B8><C4><C3><DC><C2><EB>", OLED_8X16);
      |                                 ^~~~~~~~~~~~        ~~~~~~~~~~~~~~~~~~~~
../Hardware/Menu.c(110): warning: illegal character encoding in string literal [-Winvalid-source-encoding]
  110 |         OLED_ShowString(0, 16, "<B6><FE><A1><A2>¼<C8><EB><D0>¿<A8>", OLED_8X16);
      |                                 ^~~~~~~~~~~~~~~~ ~~~~~~~~~~~~ ~~~~
../Hardware/Menu.c(111): warning: illegal character encoding in string literal [-Winvalid-source-encoding]
  111 |         OLED_ShowString(0, 32, "<C8><FD><A1><A2>ɾ<B3><FD><BF><A8>Ƭ", OLED_8X16);
      |                                 ^~~~~~~~~~~~~~~~ ~~~~~~~~~~~~~~~~
../Hardware/Menu.c(112): warning: illegal character encoding in string literal [-Winvalid-source-encoding]
  112 |         OLED_ShowString(0, 48, "<CB>ġ<A2><B9><D8><CB><F8>", OLED_8X16);
      |                                 ^~~~ ~~~~~~~~~~~~~~~~~~~~
../Hardware/Menu.c(118): warning: illegal character encoding in string literal [-Winvalid-source-encoding]
  118 |         OLED_ShowString(0, 0, "<CE>塢¼<C8><EB>ָ<CE><C6>", OLED_8X16);
      |                                ^~~~   ~~~~~~~~~~~~~~~~
../Hardware/Menu.c(119): warning: illegal character encoding in string literal [-Winvalid-source-encoding]
  119 |         OLED_ShowString(0, 16, "<C1><F9><A1><A2>ɾ<B3><FD>ָ<CE><C6>", OLED_8X16);
      |                                 ^~~~~~~~~~~~~~~~ ~~~~~~~~~~~~~~~~
../Hardware/Menu.c(120): warning: illegal character encoding in string literal [-Winvalid-source-encoding]
  120 |         OLED_ShowString(0, 32, "<C6>ߡ<A2><BF><AA><CB><F8><C8><D5>־", OLED_8X16);
      |                                 ^~~~ ~~~~~~~~~~~~~~~~~~~~~~~~~~~~
../Hardware/Menu.c(207): warning: illegal character encoding in string literal [-Winvalid-source-encoding]
  207 |         OLED_ShowString(16, 0, "<CA><E4><C8><EB><CB><C4>λ<C3><DC><C2><EB>", OLED_8X16);
      |                                 ^~~~~~~~~~~~~~~~~~~~~~~~ ~~~~~~~~~~~~~~~~
../Hardware/Menu.c(279): warning: illegal character encoding in string literal [-Winvalid-source-encoding]
  279 |                                 OLED_ShowString(28, 28, "<BD><E2><CB><F8><B3>ɹ<A6><A3><A1>", OLED_8X16);
      |                                                          ^~~~~~~~~~~~~~~~~~~~ ~~~~~~~~~~~~
../Hardware/Menu.c(294): warning: illegal character encoding in string literal [-Winvalid-source-encoding]
  294 |                                 OLED_ShowString(28, 28, "<C3><DC><C2><EB><B4><ED><CE><F3><A3><A1>", OLED_8X16);
      |                                                          ^~~~~~~~~~~~~~~~~~~~~~~~~~~~~~~~~~~~~~~~
../Hardware/Menu.c(309): warning: illegal character encoding in string literal [-Winvalid-source-encoding]
  309 |                         OLED_ShowString(16, 48, "<C3><DC><C2>벻<D7><E3><CB><C4>λ", OLED_8X16);
      |                                                  ^~~~~~~~~~~~  ~~~~~~~~~~~~~~~~
../Hardware/Menu.c(327): warning: illegal character encoding in string literal [-Winvalid-source-encoding]
  327 |                 OLED_ShowString(20, 28, "<D7>Զ<AF><B9><D8><CB><F8>", OLED_8X16);
      |                                          ^~~~ ~~~~~~~~~~~~~~~~~~~~
../Hardware/Menu.c(389): warning: illegal character encoding in string literal [-Winvalid-source-encoding]
  389 |         OLED_ShowString(16, 0, "<CA><E4><C8><EB><B3><F5>ʼ<C3><DC><C2><EB>", OLED_8X16);
      |                                 ^~~~~~~~~~~~~~~~~~~~~~~~ ~~~~~~~~~~~~~~~~
../Hardware/Menu.c(413): warning: illegal character encoding in string literal [-Winvalid-source-encoding]
  413 |         OLED_ShowString(16, 0, "<C7><EB><CA><E4><C8><EB><D0><C2><C3><DC><C2><EB>", OLED_8X16);
      |                                 ^~~~~~~~~~~~~~~~~~~~~~~~~~~~~~~~~~~~~~~~~~~~~~~~
../Hardware/Menu.c(476): warning: illegal character encoding in string literal [-Winvalid-source-encoding]
  476 |                                 OLED_ShowString(28, 28, "<C3><DC><C2><EB><B4><ED><CE><F3><A3><A1>", OLED_8X16);
      |                                                          ^~~~~~~~~~~~~~~~~~~~~~~~~~~~~~~~~~~~~~~~
../Hardware/Menu.c(491): warning: illegal character encoding in string literal [-Winvalid-source-encoding]
  491 |                         OLED_ShowString(16, 48, "<C3><DC><C2>벻<D7><E3><CB><C4>λ", OLED_8X16);
      |                                                  ^~~~~~~~~~~~  ~~~~~~~~~~~~~~~~
../Hardware/Menu.c(539): warning: illegal character encoding in string literal [-Winvalid-source-encoding]
  539 |                         OLED_ShowString(28, 28, "<D0><U+07B8>ĳɹ<A6><A3><A1>", OLED_8X16);
      |                                                  ^~~~          ~~~~~~~~~~~~
../Hardware/Menu.c(551): warning: illegal character encoding in string literal [-Winvalid-source-encoding]
  551 |                         OLED_ShowString(16, 48, "<C3><DC><C2>벻<D7><E3><CB><C4>λ", OLED_8X16);
      |                                                  ^~~~~~~~~~~~  ~~~~~~~~~~~~~~~~
../Hardware/Menu.c(632): warning: illegal character encoding in string literal [-Winvalid-source-encoding]
  632 |                 OLED_ShowString(24, 28, "<C7><EB>¼<C8><EB><D0>¿<A8><A3><A1>", OLED_8X16);
      |                                          ^~~~~~~~ ~~~~~~~~~~~~ ~~~~~~~~~~~~
../Hardware/Menu.c(638): warning: illegal character encoding in string literal [-Winvalid-source-encoding]
  638 |                 OLED_ShowString(0, 0, "<BF><A8>һ", OLED_8X16);
      |                                        ^~~~~~~~
../Hardware/Menu.c(640): warning: illegal character encoding in string literal [-Winvalid-source-encoding]
  640 |                 OLED_ShowString(0, 16, "<BF><A8><B6><FE>", OLED_8X16);
      |                                         ^~~~~~~~~~~~~~~~
../Hardware/Menu.c(642): warning: illegal character encoding in string literal [-Winvalid-source-encoding]
  642 |                 OLED_ShowString(0, 32, "<BF><A8><C8><FD>", OLED_8X16);
      |                                         ^~~~~~~~~~~~~~~~
../Hardware/Menu.c(644): warning: illegal character encoding in string literal [-Winvalid-source-encoding]
  644 |                 OLED_ShowString(0, 48, "<BF><A8><CB><C4>", OLED_8X16);
      |                                         ^~~~~~~~~~~~~~~~
../Hardware/Menu.c(709): warning: illegal character encoding in string literal [-Winvalid-source-encoding]
  709 |                                 OLED_ShowString(16, 28, "¼<C8>뿨һ<B3>ɹ<A6><A3><A1>", OLED_8X16);
      |                                                           ^~~~   ~~~~ ~~~~~~~~~~~~
../Hardware/Menu.c(723): warning: illegal character encoding in string literal [-Winvalid-source-encoding]
  723 |                                 OLED_ShowString(16, 28, "¼<C8>뿨<B6><FE><B3>ɹ<A6><A3><A1>", OLED_8X16);
      |                                                           ^~~~  ~~~~~~~~~~~~ ~~~~~~~~~~~~
../Hardware/Menu.c(737): warning: illegal character encoding in string literal [-Winvalid-source-encoding]
  737 |                                 OLED_ShowString(16, 28, "¼<C8>뿨<C8><FD><B3>ɹ<A6><A3><A1>", OLED_8X16);
      |                                                           ^~~~  ~~~~~~~~~~~~ ~~~~~~~~~~~~
../Hardware/Menu.c(751): warning: illegal character encoding in string literal [-Winvalid-source-encoding]
  751 |                                 OLED_ShowString(16, 28, "¼<C8>뿨<CB>ĳɹ<A6><A3><A1>", OLED_8X16);
      |                                                           ^~~~  ~~~~  ~~~~~~~~~~~~
../Hardware/Menu.c(760): warning: illegal character encoding in string literal [-Winvalid-source-encoding]
  760 |                                 OLED_ShowString(28, 28, "<BF><A8>λ<D2><D1><C2><FA><A3><A1>", OLED_8X16);
      |                                                          ^~~~~~~~ ~~~~~~~~~~~~~~~~~~~~~~~~
../Hardware/Menu.c(768): warning: illegal character encoding in string literal [-Winvalid-source-encoding]
  768 |                                 OLED_ShowString(24, 28, "<D0>¿<A8><D2>Ѵ<E6><D4>ڣ<A1>", OLED_8X16);
      |                                                          ^~~~ ~~~~~~~~ ~~~~~~~~ ~~~~
../Hardware/Menu.c(801): warning: illegal character encoding in string literal [-Winvalid-source-encoding]
  801 |         OLED_ShowString(0, 0, "<BF><A8>һ", OLED_8X16);
      |                                ^~~~~~~~
../Hardware/Menu.c(803): warning: illegal character encoding in string literal [-Winvalid-source-encoding]
  803 |         OLED_ShowString(0, 16, "<BF><A8><B6><FE>", OLED_8X16);
      |                                 ^~~~~~~~~~~~~~~~
../Hardware/Menu.c(805): warning: illegal character encoding in string literal [-Winvalid-source-encoding]
  805 |         OLED_ShowString(0, 32, "<BF><A8><C8><FD>", OLED_8X16);
      |                                 ^~~~~~~~~~~~~~~~
../Hardware/Menu.c(807): warning: illegal character encoding in string literal [-Winvalid-source-encoding]
  807 |         OLED_ShowString(0, 48, "<BF><A8><CB><C4>", OLED_8X16);
      |                                 ^~~~~~~~~~~~~~~~
../Hardware/Menu.c(834): warning: illegal character encoding in string literal [-Winvalid-source-encoding]
  834 |                         OLED_ShowString(28, 28, "<CE><DE>Чɾ<B3><FD><A3><A1>", OLED_8X16);
      |                                                  ^~~~~~~~  ~~~~~~~~~~~~~~~~
../Hardware/Menu.c(847): warning: illegal character encoding in string literal [-Winvalid-source-encoding]
  847 |                         OLED_ShowString(28, 28, "ɾ<B3><FD><B3>ɹ<A6><A3><A1>", OLED_8X16);
      |                                                   ^~~~~~~~~~~~ ~~~~~~~~~~~~
../Hardware/Menu.c(857): warning: illegal character encoding in string literal [-Winvalid-source-encoding]
  857 |                         OLED_ShowString(28, 28, "<CE><DE>Чɾ<B3><FD><A3><A1>", OLED_8X16);
      |                                                  ^~~~~~~~  ~~~~~~~~~~~~~~~~
../Hardware/Menu.c(870): warning: illegal character encoding in string literal [-Winvalid-source-encoding]
  870 |                         OLED_ShowString(28, 28, "ɾ<B3><FD><B3>ɹ<A6><A3><A1>", OLED_8X16);
      |                                                   ^~~~~~~~~~~~ ~~~~~~~~~~~~
../Hardware/Menu.c(880): warning: illegal character encoding in string literal [-Winvalid-source-encoding]
  880 |                         OLED_ShowString(28, 28, "<CE><DE>Чɾ<B3><FD><A3><A1>", OLED_8X16);
      |                                                  ^~~~~~~~  ~~~~~~~~~~~~~~~~
../Hardware/Menu.c(893): warning: illegal character encoding in string literal [-Winvalid-source-encoding]
  893 |                         OLED_ShowString(28, 28, "ɾ<B3><FD><B3>ɹ<A6><A3><A1>", OLED_8X16);
      |                                                   ^~~~~~~~~~~~ ~~~~~~~~~~~~
../Hardware/Menu.c(903): warning: illegal character encoding in string literal [-Winvalid-source-encoding]
  903 |                         OLED_ShowString(28, 28, "<CE><DE>Чɾ<B3><FD><A3><A1>", OLED_8X16);
      |                                                  ^~~~~~~~  ~~~~~~~~~~~~~~~~
../Hardware/Menu.c(916): warning: illegal character encoding in string literal [-Winvalid-source-encoding]
  916 |                         OLED_ShowString(28, 28, "ɾ<B3><FD><B3>ɹ<A6><A3><A1>", OLED_8X16);
      |                                                   ^~~~~~~~~~~~ ~~~~~~~~~~~~
../Hardware/Menu.c(939): warning: | has lower precedence than ==; == will be evaluated first [-Wparentheses]
  939 |                 if ((KeyNum >= 1 && KeyNum <= 12) | KeyNum == 15)
      |                                                   ^~~~~~~~~~~~~~
../Hardware/Menu.c(939): note: place parentheses around the '==' expression to silence this warning
  939 |                 if ((KeyNum >= 1 && KeyNum <= 12) | KeyNum == 15)
      |                                                   ^             
      |                                                     (           )
../Hardware/Menu.c(939): note: place parentheses around the | expression to evaluate it first
  939 |                 if ((KeyNum >= 1 && KeyNum <= 12) | KeyNum == 15)
      |                                                   ^
      |                     (                                     )
../Hardware/Menu.c(1014): warning: illegal character encoding in string literal [-Winvalid-source-encoding]
 1014 |         OLED_ShowString(0, 0, "ָ<CE><C6>һ", OLED_8X16);
      |                                ^~~~~~~~
../Hardware/Menu.c(1016): warning: illegal character encoding in string literal [-Winvalid-source-encoding]
 1016 |         OLED_ShowString(0, 16, "ָ<CE>ƶ<FE>", OLED_8X16);
      |                                 ^~~~ ~~~~
../Hardware/Menu.c(1018): warning: illegal character encoding in string literal [-Winvalid-source-encoding]
 1018 |         OLED_ShowString(0, 32, "ָ<CE><C6><C8><FD>", OLED_8X16);
      |                                 ^~~~~~~~~~~~~~~~
../Hardware/Menu.c(1020): warning: illegal character encoding in string literal [-Winvalid-source-encoding]
 1020 |         OLED_ShowString(0, 48, "ָ<CE><C6><CB><C4>", OLED_8X16);
      |                                 ^~~~~~~~~~~~~~~~
../Hardware/Menu.c(1049): warning: illegal character encoding in string literal [-Winvalid-source-encoding]
 1049 |                 OLED_ShowString(12, 28, "ָ<CE><C6><D2><D1><C2><FA><CB>ĸ<F6><A3><A1>", OLED_8X16);
      |                                          ^~~~~~~~~~~~~~~~~~~~~~~~~~~~ ~~~~~~~~~~~~
../Hardware/Menu.c(1054): warning: illegal character encoding in string literal [-Winvalid-source-encoding]
 1054 |                 OLED_ShowString(20, 28, "<C7><EB>¼<C8><EB>ָ<CE>ƣ<A1>", OLED_8X16);
      |                                          ^~~~~~~~ ~~~~~~~~~~~~ ~~~~
../Hardware/Menu.c(1117): warning: illegal character encoding in string literal [-Winvalid-source-encoding]
 1117 |                         OLED_ShowString(20, 28, "<D5><FD><D4><DA>¼<C8><EB>", OLED_8X16);
      |                                                  ^~~~~~~~~~~~~~~~ ~~~~~~~~
../Hardware/Menu.c(1127): warning: illegal character encoding in string literal [-Winvalid-source-encoding]
 1127 |                                 OLED_ShowString(28, 28, "¼<C8><EB><B3>ɹ<A6><A3><A1>", OLED_8X16);
      |                                                           ^~~~~~~~~~~~ ~~~~~~~~~~~~
../Hardware/Menu.c(1135): warning: illegal character encoding in string literal [-Winvalid-source-encoding]
 1135 |                                 OLED_ShowString(28, 28, "¼<C8><EB>ʧ<B0>ܣ<A1>", OLED_8X16);
      |                                                           ^~~~~~~~ ~~~~ ~~~~
../Hardware/Menu.c(1165): warning: illegal character encoding in string literal [-Winvalid-source-encoding]
 1165 |         OLED_ShowString(0, 0, "ָ<CE><C6>һ", OLED_8X16);
      |                                ^~~~~~~~
../Hardware/Menu.c(1167): warning: illegal character encoding in string literal [-Winvalid-source-encoding]
 1167 |         OLED_ShowString(0, 16, "ָ<CE>ƶ<FE>", OLED_8X16);
      |                                 ^~~~ ~~~~
../Hardware/Menu.c(1169): warning: illegal character encoding in string literal [-Winvalid-source-encoding]
 1169 |         OLED_ShowString(0, 32, "ָ<CE><C6><C8><FD>", OLED_8X16);
      |                                 ^~~~~~~~~~~~~~~~
../Hardware/Menu.c(1171): warning: illegal character encoding in string literal [-Winvalid-source-encoding]
 1171 |         OLED_ShowString(0, 48, "ָ<CE><C6><CB><C4>", OLED_8X16);
      |                                 ^~~~~~~~~~~~~~~~
../Hardware/Menu.c(1203): warning: illegal character encoding in string literal [-Winvalid-source-encoding]
 1203 |                 OLED_ShowString(28, 28, "<CE><DE>Чɾ<B3><FD><A3><A1>", OLED_8X16);
      |                                          ^~~~~~~~  ~~~~~~~~~~~~~~~~
../Hardware/Menu.c(1220): warning: illegal character encoding in string literal [-Winvalid-source-encoding]
 1220 |                 OLED_ShowString(28, 28, "ɾ<B3><FD><B3>ɹ<A6><A3><A1>", OLED_8X16);
      |                                           ^~~~~~~~~~~~ ~~~~~~~~~~~~
../Hardware/Menu.c(1239): warning: | has lower precedence than ==; == will be evaluated first [-Wparentheses]
 1239 |                 if ((KeyNum >= 1 && KeyNum <= 12) | KeyNum == 15)
      |                                                   ^~~~~~~~~~~~~~
../Hardware/Menu.c(1239): note: place parentheses around the '==' expression to silence this warning
 1239 |                 if ((KeyNum >= 1 && KeyNum <= 12) | KeyNum == 15)
      |                                                   ^             
      |                                                     (           )
../Hardware/Menu.c(1239): note: place parentheses around the | expression to evaluate it first
 1239 |                 if ((KeyNum >= 1 && KeyNum <= 12) | KeyNum == 15)
      |                                                   ^
      |                     (                                     )
../Hardware/Menu.c(1307): warning: illegal character encoding in string literal [-Winvalid-source-encoding]
 1307 |                 OLED_ShowString(8, 0, "<BF><AA><CB><F8><C8><D5>־", OLED_8X16);
      |                                        ^~~~~~~~~~~~~~~~~~~~~~~~
64 warnings generated.
compiling Menu.c...
linking...
Program Size: Code=37932 RO-data=9380 RW-data=36 ZI-data=3388  
FromELF: creating hex file...
"Doorlock\Doorlock.axf" - 0 Error(s), 92 Warning(s).

<h2>Software Packages used:</h2>

Package Vendor: ARM
                https://www.keil.com/pack/ARM.CMSIS.6.1.0.pack
                ARM::CMSIS@6.1.0
                CMSIS (Common Microcontroller Software Interface Standard)
   * Component: CORE Version: 6.1.0

Package Vendor: Keil
                https://www.keil.com/pack/Keil.STM32F1xx_DFP.2.4.1.pack
                Keil::STM32F1xx_DFP@2.4.1
                STMicroelectronics STM32F1 Series Device Support, Drivers and Examples

<h2>Collection of Component include folders:</h2>
  ./RTE/_Doorlock
  D:/Keil5/Packs/ARM/CMSIS/6.1.0/CMSIS/Core/Include
  D:/Keil5/Packs/Keil/STM32F1xx_DFP/2.4.1/Device/Include

<h2>Collection of Component Files used:</h2>

   * Component: ARM::CMSIS:CORE@6.1.0
      Include file:  CMSIS/Core/Include/tz_context.h
Build Time Elapsed:  00:00:01
</pre>
</body>
</html>
