Component: Arm Compiler for Embedded 6.23 Tool: armlink [5f102400]

==============================================================================

Section Cross References

    startup_stm32f103xb.o(STACK) refers (Special) to heapauxi.o(.text) for __use_two_region_memory
    startup_stm32f103xb.o(HEAP) refers (Special) to heapauxi.o(.text) for __use_two_region_memory
    startup_stm32f103xb.o(RESET) refers (Special) to heapauxi.o(.text) for __use_two_region_memory
    startup_stm32f103xb.o(RESET) refers to startup_stm32f103xb.o(STACK) for __initial_sp
    startup_stm32f103xb.o(RESET) refers to startup_stm32f103xb.o(.text) for Reset_Handler
    startup_stm32f103xb.o(RESET) refers to stm32f1xx_it.o(.text.NMI_Handler) for NMI_Handler
    startup_stm32f103xb.o(RESET) refers to stm32f1xx_it.o(.text.HardFault_Handler) for HardFault_Handler
    startup_stm32f103xb.o(RESET) refers to stm32f1xx_it.o(.text.MemManage_Handler) for MemManage_Handler
    startup_stm32f103xb.o(RESET) refers to stm32f1xx_it.o(.text.BusFault_Handler) for BusFault_Handler
    startup_stm32f103xb.o(RESET) refers to stm32f1xx_it.o(.text.UsageFault_Handler) for UsageFault_Handler
    startup_stm32f103xb.o(RESET) refers to stm32f1xx_it.o(.text.SVC_Handler) for SVC_Handler
    startup_stm32f103xb.o(RESET) refers to stm32f1xx_it.o(.text.DebugMon_Handler) for DebugMon_Handler
    startup_stm32f103xb.o(RESET) refers to stm32f1xx_it.o(.text.PendSV_Handler) for PendSV_Handler
    startup_stm32f103xb.o(RESET) refers to stm32f1xx_it.o(.text.SysTick_Handler) for SysTick_Handler
    startup_stm32f103xb.o(RESET) refers to stm32f1xx_it.o(.text.TIM2_IRQHandler) for TIM2_IRQHandler
    startup_stm32f103xb.o(RESET) refers to stm32f1xx_it.o(.text.USART1_IRQHandler) for USART1_IRQHandler
    startup_stm32f103xb.o(RESET) refers to stm32f1xx_it.o(.text.USART2_IRQHandler) for USART2_IRQHandler
    startup_stm32f103xb.o(.text) refers (Special) to heapauxi.o(.text) for __use_two_region_memory
    startup_stm32f103xb.o(.text) refers to system_stm32f1xx.o(.text.SystemInit) for SystemInit
    startup_stm32f103xb.o(.text) refers to __main.o(!!!main) for __main
    startup_stm32f103xb.o(.text) refers to startup_stm32f103xb.o(HEAP) for Heap_Mem
    startup_stm32f103xb.o(.text) refers to startup_stm32f103xb.o(STACK) for Stack_Mem
    stm32f1xx_hal_gpio_ex.o(.ARM.exidx.text.HAL_GPIOEx_ConfigEventout) refers to stm32f1xx_hal_gpio_ex.o(.text.HAL_GPIOEx_ConfigEventout) for [Anonymous Symbol]
    stm32f1xx_hal_gpio_ex.o(.ARM.exidx.text.HAL_GPIOEx_EnableEventout) refers to stm32f1xx_hal_gpio_ex.o(.text.HAL_GPIOEx_EnableEventout) for [Anonymous Symbol]
    stm32f1xx_hal_gpio_ex.o(.ARM.exidx.text.HAL_GPIOEx_DisableEventout) refers to stm32f1xx_hal_gpio_ex.o(.text.HAL_GPIOEx_DisableEventout) for [Anonymous Symbol]
    stm32f1xx_hal_tim.o(.text.HAL_TIM_Base_Init) refers to tim.o(.text.HAL_TIM_Base_MspInit) for HAL_TIM_Base_MspInit
    stm32f1xx_hal_tim.o(.ARM.exidx.text.HAL_TIM_Base_Init) refers to stm32f1xx_hal_tim.o(.text.HAL_TIM_Base_Init) for [Anonymous Symbol]
    stm32f1xx_hal_tim.o(.ARM.exidx.text.HAL_TIM_Base_MspInit) refers to stm32f1xx_hal_tim.o(.text.HAL_TIM_Base_MspInit) for [Anonymous Symbol]
    stm32f1xx_hal_tim.o(.ARM.exidx.text.TIM_Base_SetConfig) refers to stm32f1xx_hal_tim.o(.text.TIM_Base_SetConfig) for [Anonymous Symbol]
    stm32f1xx_hal_tim.o(.text.HAL_TIM_Base_DeInit) refers to tim.o(.text.HAL_TIM_Base_MspDeInit) for HAL_TIM_Base_MspDeInit
    stm32f1xx_hal_tim.o(.ARM.exidx.text.HAL_TIM_Base_DeInit) refers to stm32f1xx_hal_tim.o(.text.HAL_TIM_Base_DeInit) for [Anonymous Symbol]
    stm32f1xx_hal_tim.o(.ARM.exidx.text.HAL_TIM_Base_MspDeInit) refers to stm32f1xx_hal_tim.o(.text.HAL_TIM_Base_MspDeInit) for [Anonymous Symbol]
    stm32f1xx_hal_tim.o(.ARM.exidx.text.HAL_TIM_Base_Start) refers to stm32f1xx_hal_tim.o(.text.HAL_TIM_Base_Start) for [Anonymous Symbol]
    stm32f1xx_hal_tim.o(.ARM.exidx.text.HAL_TIM_Base_Stop) refers to stm32f1xx_hal_tim.o(.text.HAL_TIM_Base_Stop) for [Anonymous Symbol]
    stm32f1xx_hal_tim.o(.ARM.exidx.text.HAL_TIM_Base_Start_IT) refers to stm32f1xx_hal_tim.o(.text.HAL_TIM_Base_Start_IT) for [Anonymous Symbol]
    stm32f1xx_hal_tim.o(.ARM.exidx.text.HAL_TIM_Base_Stop_IT) refers to stm32f1xx_hal_tim.o(.text.HAL_TIM_Base_Stop_IT) for [Anonymous Symbol]
    stm32f1xx_hal_tim.o(.text.HAL_TIM_Base_Start_DMA) refers to stm32f1xx_hal_tim.o(.text.TIM_DMAPeriodElapsedCplt) for TIM_DMAPeriodElapsedCplt
    stm32f1xx_hal_tim.o(.text.HAL_TIM_Base_Start_DMA) refers to stm32f1xx_hal_tim.o(.text.TIM_DMAPeriodElapsedHalfCplt) for TIM_DMAPeriodElapsedHalfCplt
    stm32f1xx_hal_tim.o(.text.HAL_TIM_Base_Start_DMA) refers to stm32f1xx_hal_tim.o(.text.TIM_DMAError) for TIM_DMAError
    stm32f1xx_hal_tim.o(.text.HAL_TIM_Base_Start_DMA) refers to stm32f1xx_hal_dma.o(.text.HAL_DMA_Start_IT) for HAL_DMA_Start_IT
    stm32f1xx_hal_tim.o(.ARM.exidx.text.HAL_TIM_Base_Start_DMA) refers to stm32f1xx_hal_tim.o(.text.HAL_TIM_Base_Start_DMA) for [Anonymous Symbol]
[...]
    exit                                     0x08001649   Thumb Code    18  exit.o(.text)
    _sys_exit                                0x0800165d   Thumb Code     8  sys_exit.o(.text)
    __I$use$semihosting                      0x08001669   Thumb Code     0  use_no_semi.o(.text)
    __use_no_semihosting_swi                 0x08001669   Thumb Code     2  use_no_semi.o(.text)
    __semihosting_library_function           0x0800166b   Thumb Code     0  indicate_semi.o(.text)
    AS608_Add                                0x0800166d   Thumb Code   384  as608.o(.text.AS608_Add)
    AS608_Delete                             0x080017ed   Thumb Code    16  as608.o(.text.AS608_Delete)
    AS608_IdentifyOnce                       0x080017fd   Thumb Code   188  as608.o(.text.AS608_IdentifyOnce)
    AS608_RecvPacket                         0x080018b9   Thumb Code   464  as608.o(.text.AS608_RecvPacket)
    AS608_RxPush                             0x08001a89   Thumb Code    64  as608.o(.text.AS608_RxPush)
    Add_Card                                 0x08001ac9   Thumb Code   692  menu.o(.text.Add_Card)
    Add_Card_Page                            0x08001dd9   Thumb Code   118  menu.o(.text.Add_Card_Page)
    Add_Card_UI                              0x08001e51   Thumb Code   680  menu.o(.text.Add_Card_UI)
    Add_Fingerprint                          0x08002109   Thumb Code   148  menu.o(.text.Add_Fingerprint)
    Add_Fingerprint_Page                     0x0800219d   Thumb Code   348  menu.o(.text.Add_Fingerprint_Page)
    Add_Fingerprint_UI                       0x0800231d   Thumb Code   360  menu.o(.text.Add_Fingerprint_UI)
    AuditLog_Append                          0x080024a5   Thumb Code   322  security.o(.text.AuditLog_Append)
    AuditLog_GetCount                        0x080025e9   Thumb Code    22  security.o(.text.AuditLog_GetCount)
    AuditLog_GetEntry                        0x08002601   Thumb Code    20  security.o(.text.AuditLog_GetEntry)
    AuditLog_Page                            0x08002615   Thumb Code   292  menu.o(.text.AuditLog_Page)
    AutoRelock_CheckAndExec                  0x08002761   Thumb Code    76  menu.o(.text.AutoRelock_CheckAndExec)
    BusFault_Handler                         0x080027ad   Thumb Code     2  stm32f1xx_it.o(.text.BusFault_Handler)
    Buzzer_Key                               0x080027b1   Thumb Code    44  buzzer.o(.text.Buzzer_Key)
    Buzzer_Lock                              0x080027dd   Thumb Code    46  buzzer.o(.text.Buzzer_Lock)
    Buzzer_OLED_long                         0x0800280d   Thumb Code    46  buzzer.o(.text.Buzzer_OLED_long)
    Buzzer_OLED_short                        0x0800283d   Thumb Code    44  buzzer.o(.text.Buzzer_OLED_short)
    DWT_Init                                 0x08002869   Thumb Code    38  delay.o(.text.DWT_Init)
    DebugMon_Handler                         0x08002891   Thumb Code     2  stm32f1xx_it.o(.text.DebugMon_Handler)
    Delete_Card                              0x08002895   Thumb Code   290  menu.o(.text.Delete_Card)
    Delete_Card_Page                         0x080029b9   Thumb Code   250  menu.o(.text.Delete_Card_Page)
    Delete_Card_UI                           0x08002ab5   Thumb Code   504  menu.o(.text.Delete_Card_UI)
    Delete_Fingerprint                       0x08002cad   Thumb Code   174  menu.o(.text.Delete_Fingerprint)
    Delete_Fingerprint_Page                  0x08002d5d   Thumb Code   250  menu.o(.text.Delete_Fingerprint_Page)
    Delete_Fingerprint_UI                    0x08002e59   Thumb Code   320  menu.o(.text.Delete_Fingerprint_UI)
    Display_NewPassword                      0x08002f99   Thumb Code   140  menu.o(.text.Display_NewPassword)
    Display_OldPassword                      0x08003035   Thumb Code   140  menu.o(.text.Display_OldPassword)
    Display_Password                         0x080030d1   Thumb Code   140  menu.o(.text.Display_Password)
    Error_Handler                            0x0800316d   Thumb Code    10  main.o(.text.Error_Handler)
    FLASH_Clear                              0x080031c5   Thumb Code    46  flash.o(.text.FLASH_Clear)
    FLASH_R                                  0x080031f5   Thumb Code     4  flash.o(.text.FLASH_R)
    FLASH_W                                  0x080031f9   Thumb Code   108  flash.o(.text.FLASH_W)
    FLASH_WaitForLastOperation               0x08003265   Thumb Code   186  stm32f1xx_hal_flash.o(.text.FLASH_WaitForLastOperation)
    FingerprintFlash_AddSlot                 0x08003321   Thumb Code   104  fingerprintflash.o(.text.FingerprintFlash_AddSlot)
    FingerprintFlash_Count                   0x08003389   Thumb Code    44  fingerprintflash.o(.text.FingerprintFlash_Count)
    FingerprintFlash_ReadAll                 0x080033b5   Thumb Code    82  fingerprintflash.o(.text.FingerprintFlash_ReadAll)
    FingerprintFlash_RemoveSlot              0x08003409   Thumb Code    82  fingerprintflash.o(.text.FingerprintFlash_RemoveSlot)
    First_Page                               0x0800345d   Thumb Code   646  menu.o(.text.First_Page)
    HAL_DMA_Abort                            0x080036e5   Thumb Code    64  stm32f1xx_hal_dma.o(.text.HAL_DMA_Abort)
    HAL_DMA_Abort_IT                         0x08003725   Thumb Code   178  stm32f1xx_hal_dma.o(.text.HAL_DMA_Abort_IT)
    HAL_DMA_GetError                         0x080037d9   Thumb Code     4  stm32f1xx_hal_dma.o(.text.HAL_DMA_GetError)
    HAL_Delay                                0x080037dd   Thumb Code    40  stm32f1xx_hal.o(.text.HAL_Delay)
    HAL_FLASHEx_Erase                        0x08003805   Thumb Code   212  stm32f1xx_hal_flash_ex.o(.text.HAL_FLASHEx_Erase)
    HAL_FLASH_Lock                           0x080038d9   Thumb Code    20  stm32f1xx_hal_flash.o(.text.HAL_FLASH_Lock)
    HAL_FLASH_Program                        0x080038ed   Thumb Code   194  stm32f1xx_hal_flash.o(.text.HAL_FLASH_Program)
    HAL_FLASH_Unlock                         0x080039b1   Thumb Code    46  stm32f1xx_hal_flash.o(.text.HAL_FLASH_Unlock)
    HAL_GPIO_Init                            0x080039e1   Thumb Code   514  stm32f1xx_hal_gpio.o(.text.HAL_GPIO_Init)
    HAL_GPIO_ReadPin                         0x08003be5   Thumb Code    10  stm32f1xx_hal_gpio.o(.text.HAL_GPIO_ReadPin)
    HAL_GPIO_WritePin                        0x08003bf1   Thumb Code    10  stm32f1xx_hal_gpio.o(.text.HAL_GPIO_WritePin)
    HAL_GetTick                              0x08003bfd   Thumb Code    12  stm32f1xx_hal.o(.text.HAL_GetTick)
    HAL_IWDG_Init                            0x08003c09   Thumb Code    96  stm32f1xx_hal_iwdg.o(.text.HAL_IWDG_Init)
    HAL_IWDG_Refresh                         0x08003c69   Thumb Code    12  stm32f1xx_hal_iwdg.o(.text.HAL_IWDG_Refresh)
    HAL_IncTick                              0x08003c75   Thumb Code    26  stm32f1xx_hal.o(.text.HAL_IncTick)
    HAL_Init                                 0x08003c91   Thumb Code    38  stm32f1xx_hal.o(.text.HAL_Init)
    HAL_InitTick                             0x08003cb9   Thumb Code    80  stm32f1xx_hal.o(.text.HAL_InitTick)
    HAL_MspInit                              0x08003d09   Thumb Code    74  stm32f1xx_hal_msp.o(.text.HAL_MspInit)
    HAL_NVIC_EnableIRQ                       0x08003d55   Thumb Code    34  stm32f1xx_hal_cortex.o(.text.HAL_NVIC_EnableIRQ)
    HAL_NVIC_SetPriority                     0x08003d79   Thumb Code    86  stm32f1xx_hal_cortex.o(.text.HAL_NVIC_SetPriority)
    HAL_NVIC_SetPriorityGrouping             0x08003dd1   Thumb Code    32  stm32f1xx_hal_cortex.o(.text.HAL_NVIC_SetPriorityGrouping)
    HAL_RCC_ClockConfig                      0x08003df1   Thumb Code   434  stm32f1xx_hal_rcc.o(.text.HAL_RCC_ClockConfig)
    HAL_RCC_GetPCLK1Freq                     0x08003fa5   Thumb Code    38  stm32f1xx_hal_rcc.o(.text.HAL_RCC_GetPCLK1Freq)
    HAL_RCC_GetPCLK2Freq                     0x08003fcd   Thumb Code    38  stm32f1xx_hal_rcc.o(.text.HAL_RCC_GetPCLK2Freq)
    HAL_RCC_OscConfig                        0x08003ff5   Thumb Code   824  stm32f1xx_hal_rcc.o(.text.HAL_RCC_OscConfig)
    HAL_SYSTICK_Config                       0x0800432d   Thumb Code    44  stm32f1xx_hal_cortex.o(.text.HAL_SYSTICK_Config)
    HAL_TIMEx_BreakCallback                  0x08004359   Thumb Code     2  stm32f1xx_hal_tim_ex.o(.text.HAL_TIMEx_BreakCallback)
    HAL_TIMEx_CommutCallback                 0x0800435d   Thumb Code     2  stm32f1xx_hal_tim_ex.o(.text.HAL_TIMEx_CommutCallback)
    HAL_TIMEx_MasterConfigSynchronization    0x08004361   Thumb Code   122  stm32f1xx_hal_tim_ex.o(.text.HAL_TIMEx_MasterConfigSynchronization)
    HAL_TIM_Base_Init                        0x080043dd   Thumb Code   230  stm32f1xx_hal_tim.o(.text.HAL_TIM_Base_Init)
    HAL_TIM_Base_MspInit                     0x080044c5   Thumb Code    62  tim.o(.text.HAL_TIM_Base_MspInit)
    HAL_TIM_Base_Start_IT                    0x08004505   Thumb Code   102  stm32f1xx_hal_tim.o(.text.HAL_TIM_Base_Start_IT)
    HAL_TIM_ConfigClockSource                0x0800456d   Thumb Code   416  stm32f1xx_hal_tim.o(.text.HAL_TIM_ConfigClockSource)
    HAL_TIM_IC_CaptureCallback               0x0800470d   Thumb Code     2  stm32f1xx_hal_tim.o(.text.HAL_TIM_IC_CaptureCallback)
    HAL_TIM_IRQHandler                       0x08004711   Thumb Code   330  stm32f1xx_hal_tim.o(.text.HAL_TIM_IRQHandler)
    HAL_TIM_OC_DelayElapsedCallback          0x0800485d   Thumb Code     2  stm32f1xx_hal_tim.o(.text.HAL_TIM_OC_DelayElapsedCallback)
    HAL_TIM_PWM_PulseFinishedCallback        0x08004861   Thumb Code     2  stm32f1xx_hal_tim.o(.text.HAL_TIM_PWM_PulseFinishedCallback)
    HAL_TIM_PeriodElapsedCallback            0x08004865   Thumb Code    14  main.o(.text.HAL_TIM_PeriodElapsedCallback)
    HAL_TIM_TriggerCallback                  0x08004875   Thumb Code     2  stm32f1xx_hal_tim.o(.text.HAL_TIM_TriggerCallback)
    HAL_UARTEx_RxEventCallback               0x08004879   Thumb Code     2  stm32f1xx_hal_uart.o(.text.HAL_UARTEx_RxEventCallback)
    HAL_UART_AbortReceive                    0x0800487d   Thumb Code   146  stm32f1xx_hal_uart.o(.text.HAL_UART_AbortReceive)
    HAL_UART_ErrorCallback                   0x08004911   Thumb Code     2  stm32f1xx_hal_uart.o(.text.HAL_UART_ErrorCallback)
    HAL_UART_IRQHandler                      0x08004915   Thumb Code   770  stm32f1xx_hal_uart.o(.text.HAL_UART_IRQHandler)
    HAL_UART_Init                            0x08004c19   Thumb Code   224  stm32f1xx_hal_uart.o(.text.HAL_UART_Init)
    HAL_UART_MspInit                         0x08004cf9   Thumb Code   212  usart.o(.text.HAL_UART_MspInit)
    HAL_UART_Receive_IT                      0x08004dcd   Thumb Code    84  stm32f1xx_hal_uart.o(.text.HAL_UART_Receive_IT)
    HAL_UART_RxCpltCallback                  0x08004e21   Thumb Code    86  main.o(.text.HAL_UART_RxCpltCallback)
    HAL_UART_Transmit                        0x08004e79   Thumb Code   244  stm32f1xx_hal_uart.o(.text.HAL_UART_Transmit)
    HAL_UART_TxCpltCallback                  0x08004f6d   Thumb Code     2  stm32f1xx_hal_uart.o(.text.HAL_UART_TxCpltCallback)
    HardFault_Handler                        0x08004f71   Thumb Code     2  stm32f1xx_it.o(.text.HardFault_Handler)
    Intput_NewPassword                       0x08004f75   Thumb Code   248  menu.o(.text.Intput_NewPassword)
    Intput_OldPassword                       0x08005079   Thumb Code   292  menu.o(.text.Intput_OldPassword)
    Intput_Password                          0x0800519d   Thumb Code   364  menu.o(.text.Intput_Password)
    Key_GetNum                               0x08005315   Thumb Code    22  key.o(.text.Key_GetNum)
    Key_Scan                                 0x0800532d   Thumb Code   442  key.o(.text.Key_Scan)
    Key_Tick                                 0x080054e9   Thumb Code    78  key.o(.text.Key_Tick)
    Lock_Page                                0x08005539   Thumb Code   192  menu.o(.text.Lock_Page)
    M500PcdConfigISOType                     0x08005611   Thumb Code   120  mfrc522.o(.text.M500PcdConfigISOType)
    MX_GPIO_Init                             0x08005689   Thumb Code   342  gpio.o(.text.MX_GPIO_Init)
    MX_TIM2_Init                             0x080057e1   Thumb Code   122  tim.o(.text.MX_TIM2_Init)
    MX_USART1_UART_Init                      0x0800585d   Thumb Code    60  usart.o(.text.MX_USART1_UART_Init)
    MX_USART2_UART_Init                      0x08005899   Thumb Code    80  usart.o(.text.MX_USART2_UART_Init)
    MemManage_Handler                        0x080058e9   Thumb Code     2  stm32f1xx_it.o(.text.MemManage_Handler)
    Menu_Show_UI                             0x080058ed   Thumb Code    48  menu.o(.text.Menu_Show_UI)
    Menu_UI                                  0x0800592d   Thumb Code    82  menu.o(.text.Menu_UI)
    Motor_DirectionAngle90                   0x08005981   Thumb Code   112  motor.o(.text.Motor_DirectionAngle90)
    Motor_HalfDrive                          0x080059f1   Thumb Code    92  motor.o(.text.Motor_HalfDrive)
    NMI_Handler                              0x08005a6d   Thumb Code     2  stm32f1xx_it.o(.text.NMI_Handler)
    NewPassword_Page                         0x08005a71   Thumb Code   160  menu.o(.text.NewPassword_Page)
    OLED_Clear                               0x08005b11   Thumb Code    20  oled.o(.text.OLED_Clear)
    OLED_DrawEllipse                         0x08005b25   Thumb Code  1410  oled.o(.text.OLED_DrawEllipse)
    OLED_I2C_SendByte                        0x080060a9   Thumb Code    92  oled.o(.text.OLED_I2C_SendByte)
    OLED_Init                                0x08006105   Thumb Code   202  oled.o(.text.OLED_Init)
    OLED_Printf                              0x080061d1   Thumb Code    40  oled.o(.text.OLED_Printf)
    OLED_ReverseArea                         0x080061f9   Thumb Code   106  oled.o(.text.OLED_ReverseArea)
    OLED_ShowChar                            0x08006265   Thumb Code   104  oled.o(.text.OLED_ShowChar)
    OLED_ShowImage                           0x080062cd   Thumb Code   298  oled.o(.text.OLED_ShowImage)
    OLED_ShowNum                             0x080063f9   Thumb Code   212  oled.o(.text.OLED_ShowNum)
    OLED_ShowString                          0x080064cd   Thumb Code   358  oled.o(.text.OLED_ShowString)
    OLED_Update                              0x08006635   Thumb Code    54  oled.o(.text.OLED_Update)
    OLED_WriteCommand                        0x0800666d   Thumb Code   178  oled.o(.text.OLED_WriteCommand)
    OLED_WriteData                           0x08006721   Thumb Code   132  oled.o(.text.OLED_WriteData)
    OldPassword_Page                         0x080067a5   Thumb Code   160  menu.o(.text.OldPassword_Page)
    PS_DeletChar                             0x08006845   Thumb Code   424  as608.o(.text.PS_DeletChar)
    PS_GenChar                               0x080069ed   Thumb Code   328  as608.o(.text.PS_GenChar)
    PS_GetImage                              0x08006b35   Thumb Code   302  as608.o(.text.PS_GetImage)
    PS_ReadTouch                             0x08006c65   Thumb Code    26  as608.o(.text.PS_ReadTouch)
    PS_RegModel                              0x08006c81   Thumb Code   304  as608.o(.text.PS_RegModel)
    PS_Search                                0x08006db1   Thumb Code   478  as608.o(.text.PS_Search)
    PS_StoreChar                             0x08006f91   Thumb Code   388  as608.o(.text.PS_StoreChar)
    PasswordFlash_Init                       0x08007115   Thumb Code   114  passwordflash.o(.text.PasswordFlash_Init)
    PasswordFlash_Read                       0x08007189   Thumb Code    52  passwordflash.o(.text.PasswordFlash_Read)
    PasswordFlash_Write                      0x080071bd   Thumb Code   116  passwordflash.o(.text.PasswordFlash_Write)
    PcdAnticoll                              0x08007231   Thumb Code   136  mfrc522.o(.text.PcdAnticoll)
    PcdComMF522                              0x080072b9   Thumb Code   326  mfrc522.o(.text.PcdComMF522)
    PcdRequest                               0x08007401   Thumb Code    96  mfrc522.o(.text.PcdRequest)
    PcdReset                                 0x08007461   Thumb Code   106  mfrc522.o(.text.PcdReset)
    PendSV_Handler                           0x080074cd   Thumb Code     2  stm32f1xx_it.o(.text.PendSV_Handler)
    RFID_Check                               0x080074d1   Thumb Code   200  main.o(.text.RFID_Check)
    RFID_Init                                0x080075ad   Thumb Code    58  mfrc522.o(.text.RFID_Init)
    Rc522Test                                0x080075e9   Thumb Code   220  mfrc522.o(.text.Rc522Test)
    ReadRawRC                                0x080076c5   Thumb Code   150  mfrc522.o(.text.ReadRawRC)
    Read_Card                                0x0800775d   Thumb Code   200  main.o(.text.Read_Card)
    SVC_Handler                              0x08007825   Thumb Code     2  stm32f1xx_it.o(.text.SVC_Handler)
    Security_ClearRelock                     0x08007829   Thumb Code    14  security.o(.text.Security_ClearRelock)
    Security_Init                            0x08007839   Thumb Code    34  security.o(.text.Security_Init)
    Security_IsLocked                        0x0800785d   Thumb Code    58  security.o(.text.Security_IsLocked)
    Security_LockRemainMs                    0x08007899   Thumb Code    54  security.o(.text.Security_LockRemainMs)
    Security_OnAuthFail                      0x080078d1   Thumb Code    62  security.o(.text.Security_OnAuthFail)
    Security_OnAuthSuccess                   0x08007911   Thumb Code    64  security.o(.text.Security_OnAuthSuccess)
    Security_RelockDue                       0x08007951   Thumb Code    48  security.o(.text.Security_RelockDue)
    Security_RelockExtend                    0x08007981   Thumb Code    44  security.o(.text.Security_RelockExtend)
    Show_Emoji_UI                            0x080079ad   Thumb Code   278  menu.o(.text.Show_Emoji_UI)
    SysTick_Handler                          0x08007ac5   Thumb Code     4  stm32f1xx_it.o(.text.SysTick_Handler)
    SystemInit                               0x08007ac9   Thumb Code     2  system_stm32f1xx.o(.text.SystemInit)
    TIM2_IRQHandler                          0x08007acd   Thumb Code    12  stm32f1xx_it.o(.text.TIM2_IRQHandler)
    USART1_IRQHandler                        0x08007ba5   Thumb Code    12  stm32f1xx_it.o(.text.USART1_IRQHandler)
    USART2_IRQHandler                        0x08007bb1   Thumb Code    12  stm32f1xx_it.o(.text.USART2_IRQHandler)
    UnLock_Page                              0x08007bbd   Thumb Code   162  menu.o(.text.UnLock_Page)
    UsageFault_Handler                       0x08007c61   Thumb Code     2  stm32f1xx_it.o(.text.UsageFault_Handler)
    WDT_Feed                                 0x08007c65   Thumb Code    12  wdt.o(.text.WDT_Feed)
    WDT_Init                                 0x08007c71   Thumb Code    46  wdt.o(.text.WDT_Init)
    WaitCardOff_Timeout                      0x08007ca1   Thumb Code    96  menu.o(.text.WaitCardOff_Timeout)
    WriteRawRC                               0x08007d01   Thumb Code   154  mfrc522.o(.text.WriteRawRC)
    delay_10ms                               0x08007d9d   Thumb Code     2  mfrc522.o(.text.delay_10ms)
    main                                     0x08007da1   Thumb Code   840  main.o(.text.main)
    _btod_d2e                                0x08008121   Thumb Code    62  btod.o(CL$$btod_d2e)
    _d2e_denorm_low                          0x0800815f   Thumb Code    70  btod.o(CL$$btod_d2e_denorm_low)
    _d2e_norm_op1                            0x080081a5   Thumb Code    96  btod.o(CL$$btod_d2e_norm_op1)
    __btod_div_common                        0x08008205   Thumb Code   696  btod.o(CL$$btod_div_common)
    _e2e                                     0x0800853d   Thumb Code   220  btod.o(CL$$btod_e2e)
    _btod_ediv                               0x08008619   Thumb Code    42  btod.o(CL$$btod_ediv)
    _btod_emul                               0x08008643   Thumb Code    42  btod.o(CL$$btod_emul)
    __btod_mult_common                       0x0800866d   Thumb Code   580  btod.o(CL$$btod_mult_common)
    __ARM_fpclassify                         0x080088b1   Thumb Code    40  fpclassify.o(i.__ARM_fpclassify)
    _is_digit                                0x080088d9   Thumb Code    14  __printf_wp.o(i._is_digit)
    _get_lc_numeric                          0x080088e9   Thumb Code    44  lc_numeric_c.o(locale$$code)
    _get_lc_ctype                            0x08008915   Thumb Code    44  lc_ctype_c.o(locale$$code)
    __aeabi_d2f                              0x08008941   Thumb Code     0  d2f.o(x$fpl$d2f)
    _d2f                                     0x08008941   Thumb Code    98  d2f.o(x$fpl$d2f)
    __aeabi_dadd                             0x080089a5   Thumb Code     0  daddsub_clz.o(x$fpl$dadd)
    _dadd                                    0x080089a5   Thumb Code   332  daddsub_clz.o(x$fpl$dadd)
    __fpl_dcmp_Inf                           0x08008af5   Thumb Code    24  dcmpi.o(x$fpl$dcmpinf)
    __aeabi_cdcmpeq                          0x08008b0d   Thumb Code     0  deqf.o(x$fpl$deqf)
    _dcmpeq                                  0x08008b0d   Thumb Code   120  deqf.o(x$fpl$deqf)
    __aeabi_i2d                              0x08008b85   Thumb Code     0  dflt_clz.o(x$fpl$dflt)
    _dflt                                    0x08008b85   Thumb Code    46  dflt_clz.o(x$fpl$dflt)
    __aeabi_ui2d                             0x08008bb3   Thumb Code     0  dflt_clz.o(x$fpl$dfltu)
    _dfltu                                   0x08008bb3   Thumb Code    38  dflt_clz.o(x$fpl$dfltu)
    __aeabi_cdcmpge                          0x08008bd9   Thumb Code     0  dgeqf.o(x$fpl$dgeqf)
    _dcmpge                                  0x08008bd9   Thumb Code   120  dgeqf.o(x$fpl$dgeqf)
    __aeabi_cdcmple                          0x08008c51   Thumb Code     0  dleqf.o(x$fpl$dleqf)
    _dcmple                                  0x08008c51   Thumb Code   120  dleqf.o(x$fpl$dleqf)
    __fpl_dcmple_InfNaN                      0x08008cb3   Thumb Code     0  dleqf.o(x$fpl$dleqf)
    __aeabi_dmul                             0x08008cc9   Thumb Code     0  dmul.o(x$fpl$dmul)
    _dmul                                    0x08008cc9   Thumb Code   332  dmul.o(x$fpl$dmul)
    __fpl_dnaninf                            0x08008e1d   Thumb Code   156  dnaninf.o(x$fpl$dnaninf)
    __fpl_dretinf                            0x08008eb9   Thumb Code    12  dretinf.o(x$fpl$dretinf)
    __aeabi_dsub                             0x08008ec5   Thumb Code     0  daddsub_clz.o(x$fpl$dsub)
    _dsub                                    0x08008ec5   Thumb Code   472  daddsub_clz.o(x$fpl$dsub)
    __aeabi_fadd                             0x080090a1   Thumb Code     0  faddsub_clz.o(x$fpl$fadd)
    _fadd                                    0x080090a1   Thumb Code   196  faddsub_clz.o(x$fpl$fadd)
    __aeabi_dcmpeq                           0x08009165   Thumb Code     0  dcmp.o(x$fpl$fcmp)
    _deq                                     0x08009165   Thumb Code    14  dcmp.o(x$fpl$fcmp)
    _dneq                                    0x08009173   Thumb Code    14  dcmp.o(x$fpl$fcmp)
    __aeabi_dcmpgt                           0x08009181   Thumb Code     0  dcmp.o(x$fpl$fcmp)
    _dgr                                     0x08009181   Thumb Code    14  dcmp.o(x$fpl$fcmp)
    __aeabi_dcmpge                           0x0800918f   Thumb Code     0  dcmp.o(x$fpl$fcmp)
    _dgeq                                    0x0800918f   Thumb Code    14  dcmp.o(x$fpl$fcmp)
    __aeabi_dcmple                           0x0800919d   Thumb Code     0  dcmp.o(x$fpl$fcmp)
    _dleq                                    0x0800919d   Thumb Code    14  dcmp.o(x$fpl$fcmp)
    __aeabi_dcmplt                           0x080091ab   Thumb Code     0  dcmp.o(x$fpl$fcmp)
    _dls                                     0x080091ab   Thumb Code    14  dcmp.o(x$fpl$fcmp)
    __aeabi_fcmpeq                           0x080091b9   Thumb Code     0  fcmp.o(x$fpl$fcmp)
    _feq                                     0x080091b9   Thumb Code    14  fcmp.o(x$fpl$fcmp)
    _fneq                                    0x080091c7   Thumb Code    14  fcmp.o(x$fpl$fcmp)
    __aeabi_fcmpgt                           0x080091d5   Thumb Code     0  fcmp.o(x$fpl$fcmp)
    _fgr                                     0x080091d5   Thumb Code    14  fcmp.o(x$fpl$fcmp)
    __aeabi_fcmpge                           0x080091e3   Thumb Code     0  fcmp.o(x$fpl$fcmp)
    _fgeq                                    0x080091e3   Thumb Code    14  fcmp.o(x$fpl$fcmp)
    __aeabi_fcmple                           0x080091f1   Thumb Code     0  fcmp.o(x$fpl$fcmp)
    _fleq                                    0x080091f1   Thumb Code    14  fcmp.o(x$fpl$fcmp)
    __aeabi_fcmplt                           0x080091ff   Thumb Code     0  fcmp.o(x$fpl$fcmp)
    _fls                                     0x080091ff   Thumb Code    14  fcmp.o(x$fpl$fcmp)
    __fpl_fcmp_Inf                           0x0800920d   Thumb Code    24  fcmpi.o(x$fpl$fcmpinf)
    __aeabi_cfcmpeq                          0x08009225   Thumb Code     0  feqf.o(x$fpl$feqf)
    _fcmpeq                                  0x08009225   Thumb Code   104  feqf.o(x$fpl$feqf)
    __aeabi_i2f                              0x0800928d   Thumb Code     0  fflt_clz.o(x$fpl$fflt)
    _fflt                                    0x0800928d   Thumb Code    48  fflt_clz.o(x$fpl$fflt)
    _fcmpge                                  0x080092bd   Thumb Code   104  fgeqf.o(x$fpl$fgeqf)
    __aeabi_cfcmple                          0x08009325   Thumb Code     0  fleqf.o(x$fpl$fleqf)
    _fcmple                                  0x08009325   Thumb Code   104  fleqf.o(x$fpl$fleqf)
    __fpl_fcmple_InfNaN                      0x08009377   Thumb Code     0  fleqf.o(x$fpl$fleqf)
    __fpl_fnaninf                            0x0800938d   Thumb Code   140  fnaninf.o(x$fpl$fnaninf)
    __fpl_fretinf                            0x08009419   Thumb Code    10  fretinf.o(x$fpl$fretinf)
    __aeabi_fsub                             0x08009425   Thumb Code     0  faddsub_clz.o(x$fpl$fsub)
    _fsub                                    0x08009425   Thumb Code   234  faddsub_clz.o(x$fpl$fsub)
    _printf_fp_dec                           0x0800950f   Thumb Code     4  printf1.o(x$fpl$printf1)
    _printf_fp_hex                           0x08009513   Thumb Code     4  printf2.o(x$fpl$printf2)
    __I$use$fp                               0x08009516   Number         0  usenofp.o(x$fpl$usenofp)
    AHBPrescTable                            0x08009614   Data          16  system_stm32f1xx.o(.rodata.AHBPrescTable)
    APBPrescTable                            0x08009624   Data           8  system_stm32f1xx.o(.rodata.APBPrescTable)
    Boxleft                                  0x0800962c   Data          28  oled_data.o(.rodata.Boxleft)
    Boxright                                 0x08009648   Data          28  oled_data.o(.rodata.Boxright)
    Empty                                    0x08009664   Data         256  oled_data.o(.rodata.Empty)
    Eyebrow1                                 0x08009764   Data          48  oled_data.o(.rodata.Eyebrow1)
    Eyebrow2                                 0x08009794   Data          48  oled_data.o(.rodata.Eyebrow2)
    Lock                                     0x080097c6   Data          72  oled_data.o(.rodata.Lock)
    Mouth                                    0x0800980e   Data          60  oled_data.o(.rodata.Mouth)
    OLED_CF16x16                             0x0800984a   Data        2240  oled_data.o(.rodata.OLED_CF16x16)
    OLED_F12x24                              0x0800a10a   Data        3420  oled_data.o(.rodata.OLED_F12x24)
    OLED_F6x8                                0x0800ae66   Data         570  oled_data.o(.rodata.OLED_F6x8)
    OLED_F8x16                               0x0800b0a0   Data        1520  oled_data.o(.rodata.OLED_F8x16)
    Region$$Table$$Base                      0x0800b784   Number         0  anon$$obj.o(Region$$Table)
    Region$$Table$$Limit                     0x0800b7a4   Number         0  anon$$obj.o(Region$$Table)
    __ctype                                  0x0800b7cd   Data           0  lc_ctype_c.o(locale$$data)
    AS608Addr                                0x20000000   Data           4  as608.o(.data.AS608Addr)
    Flag                                     0x20000004   Data           1  menu.o(.data.Flag)
    SystemCoreClock                          0x20000008   Data           4  system_stm32f1xx.o(.data.SystemCoreClock)
    UI0                                      0x2000000c   Data           4  mfrc522.o(.data.UI0)
    UI1                                      0x20000010   Data           4  mfrc522.o(.data.UI1)
    UI2                                      0x20000014   Data           4  mfrc522.o(.data.UI2)
    UI3                                      0x20000018   Data           4  mfrc522.o(.data.UI3)
    deleteflag                               0x2000001c   Data           1  menu.o(.data.deleteflag)
    deleteflag_f                             0x2000001d   Data           1  menu.o(.data.deleteflag_f)
    uwTickFreq                               0x2000001e   Data           1  stm32f1xx_hal.o(.data.uwTickFreq)
    uwTickPrio                               0x20000020   Data           4  stm32f1xx_hal.o(.data.uwTickPrio)
    __libspace_start                         0x20000028   Data          96  libspace.o(.bss)
    __temporary_stack_top$libspace           0x20000088   Data           0  libspace.o(.bss)
    KeyNum                                   0x20000108   Data           1  menu.o(.bss.KeyNum)
    Key_Num                                  0x20000109   Data           1  key.o(.bss.Key_Num)
    LockFlag                                 0x2000010d   Data           1  menu.o(.bss.LockFlag)
    OLED_DisplayBuf                          0x20000110   Data        1024  oled.o(.bss.OLED_DisplayBuf)
    RxData                                   0x20000510   Data           5  main.o(.bss.RxData)
    Temp                                     0x20000515   Data           4  mfrc522.o(.bss.Temp)
    UID                                      0x20000519   Data           4  mfrc522.o(.bss.UID)
    cardnumber                               0x2000051d   Data           1  main.o(.bss.cardnumber)
    htim2                                    0x2000052c   Data          72  tim.o(.bss.htim2)
    huart1                                   0x20000574   Data          72  usart.o(.bss.huart1)
    huart2                                   0x200005bc   Data          72  usart.o(.bss.huart2)
    input_password                           0x20000604   Data           5  menu.o(.bss.input_password)
    input_pos                                0x2000060c   Data           4  menu.o(.bss.input_pos)
    pFlash                                   0x20000620   Data          32  stm32f1xx_hal_flash.o(.bss.pFlash)
    password_rx_complete                     0x20000640   Data           1  main.o(.bss.password_rx_complete)
    select                                   0x20000750   Data           1  menu.o(.bss.select)
    select_f                                 0x20000751   Data           1  menu.o(.bss.select_f)
    tempcard                                 0x20000752   Data           1  menu.o(.bss.tempcard)
    unlock_flag                              0x20000753   Data           1  menu.o(.bss.unlock_flag)
    usart2_rx_byte                           0x20000754   Data           1  usart.o(.bss.usart2_rx_byte)
    uwTick                                   0x20000758   Data           4  stm32f1xx_hal.o(.bss.uwTick)



==============================================================================

Memory Map of the image

  Image Entry point : 0x080000ed

  Load Region LR_IROM1 (Base: 0x08000000, Size: 0x0000b8f8, Max: 0x0000c800, ABSOLUTE)

    Execution Region ER_IROM1 (Exec base: 0x08000000, Load base: 0x08000000, Size: 0x0000b8d0, Max: 0x0000c800, ABSOLUTE)

    Exec Addr    Load Addr    Size         Type   Attr      Idx    E Section Name        Object

    0x08000000   0x08000000   0x000000ec   Data   RO            3    RESET               startup_stm32f103xb.o
    0x080000ec   0x080000ec   0x00000008   Code   RO         1469  * !!!main             c_w.l(__main.o)
    0x080000f4   0x080000f4   0x0000005c   Code   RO         1923    !!!scatter          c_w.l(__scatter.o)
    0x08000150   0x08000150   0x0000001a   Code   RO         1927    !!handler_copy      c_w.l(__scatter_copy.o)
    0x0800016a   0x0800016a   0x00000002   PAD
    0x0800016c   0x0800016c   0x00000002   Code   RO         1924    !!handler_null      c_w.l(__scatter.o)
    0x0800016e   0x0800016e   0x00000002   PAD
    0x08000170   0x08000170   0x0000001c   Code   RO         1929    !!handler_zi        c_w.l(__scatter_zi.o)
    0x0800018c   0x0800018c   0x00000000   Code   RO         1605    .ARM.Collect$$_printf_percent$$00000000  c_w.l(_printf_percent.o)
    0x0800018c   0x0800018c   0x00000006   Code   RO         1594    .ARM.Collect$$_printf_percent$$00000001  c_w.l(_printf_n.o)
    0x08000192   0x08000192   0x00000006   Code   RO         1596    .ARM.Collect$$_printf_percent$$00000002  c_w.l(_printf_p.o)
    0x08000198   0x08000198   0x00000006   Code   RO         1601    .ARM.Collect$$_printf_percent$$00000003  c_w.l(_printf_f.o)
    0x0800019e   0x0800019e   0x00000006   Code   RO         1602    .ARM.Collect$$_printf_percent$$00000004  c_w.l(_printf_e.o)
    0x080001a4   0x080001a4   0x00000006   Code   RO         1603    .ARM.Collect$$_printf_percent$$00000005  c_w.l(_printf_g.o)
    0x080001aa   0x080001aa   0x00000006   Code   RO         1604    .ARM.Collect$$_printf_percent$$00000006  c_w.l(_printf_a.o)
    0x080001b0   0x080001b0   0x0000000a   Code   RO         1609    .ARM.Collect$$_printf_percent$$00000007  c_w.l(_printf_ll.o)
    0x080001ba   0x080001ba   0x00000006   Code   RO         1598    .ARM.Collect$$_printf_percent$$00000008  c_w.l(_printf_i.o)
    0x080001c0   0x080001c0   0x00000006   Code   RO         1599    .ARM.Collect$$_printf_percent$$00000009  c_w.l(_printf_d.o)
    0x080001c6   0x080001c6   0x00000006   Code   RO         1600    .ARM.Collect$$_printf_percent$$0000000A  c_w.l(_printf_u.o)
    0x080001cc   0x080001cc   0x00000006   Code   RO         1597    .ARM.Collect$$_printf_percent$$0000000B  c_w.l(_printf_o.o)
    0x080001d2   0x080001d2   0x00000006   Code   RO         1595    .ARM.Collect$$_printf_percent$$0000000C  c_w.l(_printf_x.o)
    0x080001d8   0x080001d8   0x00000006   Code   RO         1606    .ARM.Collect$$_printf_percent$$0000000D  c_w.l(_printf_lli.o)
    0x080001de   0x080001de   0x00000006   Code   RO         1607    .ARM.Collect$$_printf_percent$$0000000E  c_w.l(_printf_lld.o)
    0x080001e4   0x080001e4   0x00000006   Code   RO         1608    .ARM.Collect$$_printf_percent$$0000000F  c_w.l(_printf_llu.o)
    0x080001ea   0x080001ea   0x00000006   Code   RO         1613    .ARM.Collect$$_printf_percent$$00000010  c_w.l(_printf_llo.o)
    0x080001f0   0x080001f0   0x00000006   Code   RO         1614    .ARM.Collect$$_printf_percent$$00000011  c_w.l(_printf_llx.o)
    0x080001f6   0x080001f6   0x0000000a   Code   RO         1610    .ARM.Collect$$_printf_percent$$00000012  c_w.l(_printf_l.o)
    0x08000200   0x08000200   0x00000006   Code   RO         1592    .ARM.Collect$$_printf_percent$$00000013  c_w.l(_printf_c.o)
    0x08000206   0x08000206   0x00000006   Code   RO         1593    .ARM.Collect$$_printf_percent$$00000014  c_w.l(_printf_s.o)
    0x0800020c   0x0800020c   0x00000006   Code   RO         1611    .ARM.Collect$$_printf_percent$$00000015  c_w.l(_printf_lc.o)
    0x08000212   0x08000212   0x00000006   Code   RO         1612    .ARM.Collect$$_printf_percent$$00000016  c_w.l(_printf_ls.o)
    0x08000218   0x08000218   0x00000004   Code   RO         1709    .ARM.Collect$$_printf_percent$$00000017  c_w.l(_printf_percent_end.o)
    0x0800021c   0x0800021c   0x00000002   Code   RO         1773    .ARM.Collect$$libinit$$00000000  c_w.l(libinit.o)
    0x0800021e   0x0800021e   0x00000000   Code   RO         1786    .ARM.Collect$$libinit$$00000002  c_w.l(libinit2.o)
    0x0800021e   0x0800021e   0x00000000   Code   RO         1788    .ARM.Collect$$libinit$$00000004  c_w.l(libinit2.o)
    0x0800021e   0x0800021e   0x00000000   Code   RO         1790    .ARM.Collect$$libinit$$00000006  c_w.l(libinit2.o)
    0x0800021e   0x0800021e   0x00000000   Code   RO         1793    .ARM.Collect$$libinit$$0000000C  c_w.l(libinit2.o)
    0x0800021e   0x0800021e   0x00000000   Code   RO         1795    .ARM.Collect$$libinit$$0000000E  c_w.l(libinit2.o)
    0x0800021e   0x0800021e   0x00000000   Code   RO         1797    .ARM.Collect$$libinit$$00000010  c_w.l(libinit2.o)
    0x0800021e   0x0800021e   0x00000006   Code   RO         1798    .ARM.Collect$$libinit$$00000011  c_w.l(libinit2.o)
    0x08000224   0x08000224   0x00000000   Code   RO         1800    .ARM.Collect$$libinit$$00000013  c_w.l(libinit2.o)
    0x08000224   0x08000224   0x0000000c   Code   RO         1801    .ARM.Collect$$libinit$$00000014  c_w.l(libinit2.o)
    0x08000230   0x08000230   0x00000000   Code   RO         1802    .ARM.Collect$$libinit$$00000015  c_w.l(libinit2.o)
    0x08000230   0x08000230   0x00000000   Code   RO         1804    .ARM.Collect$$libinit$$00000017  c_w.l(libinit2.o)
    0x08000230   0x08000230   0x0000000a   Code   RO         1805    .ARM.Collect$$libinit$$00000018  c_w.l(libinit2.o)
    0x0800023a   0x0800023a   0x00000000   Code   RO         1806    .ARM.Collect$$libinit$$00000019  c_w.l(libinit2.o)
    0x0800023a   0x0800023a   0x00000000   Code   RO         1808    .ARM.Collect$$libinit$$0000001B  c_w.l(libinit2.o)
    0x0800023a   0x0800023a   0x00000000   Code   RO         1810    .ARM.Collect$$libinit$$0000001D  c_w.l(libinit2.o)
    0x0800023a   0x0800023a   0x00000000   Code   RO         1812    .ARM.Collect$$libinit$$0000001F  c_w.l(libinit2.o)
    0x0800023a   0x0800023a   0x00000000   Code   RO         1814    .ARM.Collect$$libinit$$00000021  c_w.l(libinit2.o)
    0x0800023a   0x0800023a   0x00000000   Code   RO         1816    .ARM.Collect$$libinit$$00000023  c_w.l(libinit2.o)
    0x0800023a   0x0800023a   0x00000000   Code   RO         1818    .ARM.Collect$$libinit$$00000025  c_w.l(libinit2.o)
    0x0800023a   0x0800023a   0x00000000   Code   RO         1820    .ARM.Collect$$libinit$$00000027  c_w.l(libinit2.o)
    0x0800023a   0x0800023a   0x00000000   Code   RO         1824    .ARM.Collect$$libinit$$0000002E  c_w.l(libinit2.o)
    0x0800023a   0x0800023a   0x00000000   Code   RO         1826    .ARM.Collect$$libinit$$00000030  c_w.l(libinit2.o)
    0x0800023a   0x0800023a   0x00000000   Code   RO         1828    .ARM.Collect$$libinit$$00000032  c_w.l(libinit2.o)
    0x0800023a   0x0800023a   0x00000000   Code   RO         1830    .ARM.Collect$$libinit$$00000034  c_w.l(libinit2.o)
    0x0800023a   0x0800023a   0x00000002   Code   RO         1831    .ARM.Collect$$libinit$$00000035  c_w.l(libinit2.o)
    0x0800023c   0x0800023c   0x00000002   Code   RO         1859    .ARM.Collect$$libshutdown$$00000000  c_w.l(libshutdown.o)
    0x0800023e   0x0800023e   0x00000000   Code   RO         1874    .ARM.Collect$$libshutdown$$00000002  c_w.l(libshutdown2.o)
    0x0800023e   0x0800023e   0x00000000   Code   RO         1876    .ARM.Collect$$libshutdown$$00000004  c_w.l(libshutdown2.o)
    0x0800023e   0x0800023e   0x00000000   Code   RO         1879    .ARM.Collect$$libshutdown$$00000007  c_w.l(libshutdown2.o)
    0x0800023e   0x0800023e   0x00000000   Code   RO         1882    .ARM.Collect$$libshutdown$$0000000A  c_w.l(libshutdown2.o)
    0x0800023e   0x0800023e   0x00000000   Code   RO         1884    .ARM.Collect$$libshutdown$$0000000C  c_w.l(libshutdown2.o)
    0x0800023e   0x0800023e   0x00000000   Code   RO         1887    .ARM.Collect$$libshutdown$$0000000F  c_w.l(libshutdown2.o)
    0x0800023e   0x0800023e   0x00000002   Code   RO         1888    .ARM.Collect$$libshutdown$$00000010  c_w.l(libshutdown2.o)
    0x08000240   0x08000240   0x00000000   Code   RO         1521    .ARM.Collect$$rtentry$$00000000  c_w.l(__rtentry.o)
    0x08000240   0x08000240   0x00000000   Code   RO         1673    .ARM.Collect$$rtentry$$00000002  c_w.l(__rtentry2.o)
    0x08000240   0x08000240   0x00000006   Code   RO         1685    .ARM.Collect$$rtentry$$00000004  c_w.l(__rtentry4.o)
    0x08000246   0x08000246   0x00000000   Code   RO         1675    .ARM.Collect$$rtentry$$00000009  c_w.l(__rtentry2.o)
    0x08000246   0x08000246   0x00000004   Code   RO         1676    .ARM.Collect$$rtentry$$0000000A  c_w.l(__rtentry2.o)
    0x0800024a   0x0800024a   0x00000000   Code   RO         1678    .ARM.Collect$$rtentry$$0000000C  c_w.l(__rtentry2.o)
    0x0800024a   0x0800024a   0x00000008   Code   RO         1679    .ARM.Collect$$rtentry$$0000000D  c_w.l(__rtentry2.o)
    0x08000252   0x08000252   0x00000002   Code   RO         1778    .ARM.Collect$$rtexit$$00000000  c_w.l(rtexit.o)
    0x08000254   0x08000254   0x00000000   Code   RO         1835    .ARM.Collect$$rtexit$$00000002  c_w.l(rtexit2.o)
    0x08000254   0x08000254   0x00000004   Code   RO         1836    .ARM.Collect$$rtexit$$00000003  c_w.l(rtexit2.o)
    0x08000258   0x08000258   0x00000006   Code   RO         1837    .ARM.Collect$$rtexit$$00000004  c_w.l(rtexit2.o)
    0x0800025e   0x0800025e   0x00000002   PAD
    0x08000260   0x08000260   0x00000040   Code   RO            4    .text               startup_stm32f103xb.o
    0x080002a0   0x080002a0   0x00000024   Code   RO         1453    .text               c_w.l(vsprintf.o)
    0x080002c4   0x080002c4   0x00000058   Code   RO         1455    .text               c_w.l(memcmp.o)
    0x0800031c   0x0800031c   0x0000003e   Code   RO         1457    .text               c_w.l(strlen.o)
    0x0800035a   0x0800035a   0x0000008a   Code   RO         1459    .text               c_w.l(rt_memcpy_v6.o)
    0x080003e4   0x080003e4   0x00000084   Code   RO         1461    .text               c_w.l(rt_memmove_v6.o)
    0x08000468   0x08000468   0x0000004e   Code   RO         1463    .text               c_w.l(rt_memclr_w.o)
    0x080004b6   0x080004b6   0x00000002   PAD
    0x080004b8   0x080004b8   0x00000080   Code   RO         1465    .text               c_w.l(strcmpv7m.o)
    0x08000538   0x08000538   0x00000006   Code   RO         1467    .text               c_w.l(heapauxi.o)
    0x0800053e   0x0800053e   0x0000004e   Code   RO         1526    .text               c_w.l(_printf_pad.o)
    0x0800058c   0x0800058c   0x00000024   Code   RO         1528    .text               c_w.l(_printf_truncate.o)
    0x080005b0   0x080005b0   0x00000052   Code   RO         1530    .text               c_w.l(_printf_str.o)
    0x08000602   0x08000602   0x00000002   PAD
    0x08000604   0x08000604   0x00000078   Code   RO         1532    .text               c_w.l(_printf_dec.o)
    0x0800067c   0x0800067c   0x00000028   Code   RO         1534    .text               c_w.l(_printf_charcount.o)
    0x080006a4   0x080006a4   0x00000030   Code   RO         1536    .text               c_w.l(_printf_char_common.o)
    0x080006d4   0x080006d4   0x0000000a   Code   RO         1538    .text               c_w.l(_sputc.o)
    0x080006de   0x080006de   0x00000002   PAD
    0x080006e0   0x080006e0   0x000000bc   Code   RO         1540    .text               c_w.l(_printf_wctomb.o)
    0x0800079c   0x0800079c   0x0000007c   Code   RO         1543    .text               c_w.l(_printf_longlong_dec.o)
    0x08000818   0x08000818   0x00000070   Code   RO         1549    .text               c_w.l(_printf_oct_int_ll.o)
    0x08000888   0x08000888   0x00000094   Code   RO         1569    .text               c_w.l(_printf_hex_int_ll_ptr.o)
    0x0800091c   0x0800091c   0x00000188   Code   RO         1589    .text               c_w.l(__printf_flags_ss_wp.o)
    0x08000aa4   0x08000aa4   0x00000064   Code   RO         1615    .text               c_w.l(rt_memcpy_w.o)
    0x08000b08   0x08000b08   0x0000007a   Code   RO         1617    .text               c_w.l(rt_memmove_w.o)
    0x08000b82   0x08000b82   0x0000008a   Code   RO         1692    .text               c_w.l(lludiv10.o)
    0x08000c0c   0x08000c0c   0x000000b2   Code   RO         1694    .text               c_w.l(_printf_intcommon.o)
    0x08000cbe   0x08000cbe   0x0000041c   Code   RO         1696    .text               c_w.l(_printf_fp_dec.o)
    0x080010da   0x080010da   0x00000002   PAD
    0x080010dc   0x080010dc   0x000002fc   Code   RO         1700    .text               c_w.l(_printf_fp_hex.o)
    0x080013d8   0x080013d8   0x0000002c   Code   RO         1705    .text               c_w.l(_printf_char.o)
    0x08001404   0x08001404   0x0000002c   Code   RO         1707    .text               c_w.l(_printf_wchar.o)
    0x08001430   0x08001430   0x00000048   Code   RO         1710    .text               c_w.l(_c16rtomb.o)
    0x08001478   0x08001478   0x00000008   Code   RO         1722    .text               c_w.l(libspace.o)
    0x08001480   0x08001480   0x0000004a   Code   RO         1725    .text               c_w.l(sys_stackheap_outer.o)
    0x080014ca   0x080014ca   0x00000002   PAD
    0x080014cc   0x080014cc   0x00000010   Code   RO         1727    .text               c_w.l(rt_ctype_table.o)
    0x080014dc   0x080014dc   0x00000008   Code   RO         1732    .text               c_w.l(rt_locale_intlibspace.o)
    0x080014e4   0x080014e4   0x00000080   Code   RO         1734    .text               c_w.l(_printf_fp_infnan.o)
    0x08001564   0x08001564   0x000000e4   Code   RO         1736    .text               c_w.l(bigflt0.o)
    0x08001648   0x08001648   0x00000012   Code   RO         1766    .text               c_w.l(exit.o)
    0x0800165a   0x0800165a   0x00000002   PAD
    0x0800165c   0x0800165c   0x0000000c   Code   RO         1849    .text               c_w.l(sys_exit.o)
    0x08001668   0x08001668   0x00000002   Code   RO         1864    .text               c_w.l(use_no_semi.o)
    0x0800166a   0x0800166a   0x00000000   Code   RO         1866    .text               c_w.l(indicate_semi.o)
    0x0800166a   0x0800166a   0x00000002   PAD
    0x0800166c   0x0800166c   0x00000180   Code   RO         1277    .text.AS608_Add     as608.o
    0x080017ec   0x080017ec   0x00000010   Code   RO         1283    .text.AS608_Delete  as608.o
    0x080017fc   0x080017fc   0x000000bc   Code   RO         1267    .text.AS608_IdentifyOnce  as608.o
    0x080018b8   0x080018b8   0x000001d0   Code   RO         1295    .text.AS608_RecvPacket  as608.o
    0x08001a88   0x08001a88   0x00000040   Code   RO         1289    .text.AS608_RxPush  as608.o
    0x08001ac8   0x08001ac8   0x00000310   Code   RO         1116    .text.Add_Card      menu.o
    0x08001dd8   0x08001dd8   0x00000076   Code   RO         1118    .text.Add_Card_Page  menu.o
    0x08001e4e   0x08001e4e   0x00000002   PAD
    0x08001e50   0x08001e50   0x000002b8   Code   RO         1114    .text.Add_Card_UI   menu.o
    0x08002108   0x08002108   0x00000094   Code   RO         1128    .text.Add_Fingerprint  menu.o
    0x0800219c   0x0800219c   0x00000180   Code   RO         1130    .text.Add_Fingerprint_Page  menu.o
    0x0800231c   0x0800231c   0x00000188   Code   RO         1126    .text.Add_Fingerprint_UI  menu.o
    0x080024a4   0x080024a4   0x00000142   Code   RO          903    .text.AuditLog_Append  security.o
    0x080025e6   0x080025e6   0x00000002   PAD
    0x080025e8   0x080025e8   0x00000016   Code   RO          917    .text.AuditLog_GetCount  security.o
    0x080025fe   0x080025fe   0x00000002   PAD
    0x08002600   0x08002600   0x00000014   Code   RO          919    .text.AuditLog_GetEntry  security.o
    0x08002614   0x08002614   0x0000014c   Code   RO         1138    .text.AuditLog_Page  menu.o
    0x08002760   0x08002760   0x0000004c   Code   RO         1092    .text.AutoRelock_CheckAndExec  menu.o
    0x080027ac   0x080027ac   0x00000002   Code   RO         1418    .text.BusFault_Handler  stm32f1xx_it.o
    0x080027ae   0x080027ae   0x00000002   PAD
    0x080027b0   0x080027b0   0x0000002c   Code   RO         1250    .text.Buzzer_Key    buzzer.o
    0x080027dc   0x080027dc   0x0000002e   Code   RO         1252    .text.Buzzer_Lock   buzzer.o
    0x0800280a   0x0800280a   0x00000002   PAD
    0x0800280c   0x0800280c   0x0000002e   Code   RO         1254    .text.Buzzer_OLED_long  buzzer.o
    0x0800283a   0x0800283a   0x00000002   PAD
    0x0800283c   0x0800283c   0x0000002c   Code   RO         1256    .text.Buzzer_OLED_short  buzzer.o
    0x08002868   0x08002868   0x00000026   Code   RO          825    .text.DWT_Init      delay.o
    0x0800288e   0x0800288e   0x00000002   PAD
    0x08002890   0x08002890   0x00000002   Code   RO         1424    .text.DebugMon_Handler  stm32f1xx_it.o
    0x08002892   0x08002892   0x00000002   PAD
    0x08002894   0x08002894   0x00000122   Code   RO         1122    .text.Delete_Card   menu.o
    0x080029b6   0x080029b6   0x00000002   PAD
    0x080029b8   0x080029b8   0x000000fa   Code   RO         1124    .text.Delete_Card_Page  menu.o
    0x08002ab2   0x08002ab2   0x00000002   PAD
    0x08002ab4   0x08002ab4   0x000001f8   Code   RO         1120    .text.Delete_Card_UI  menu.o
    0x08002cac   0x08002cac   0x000000ae   Code   RO         1134    .text.Delete_Fingerprint  menu.o
    0x08002d5a   0x08002d5a   0x00000002   PAD
    0x08002d5c   0x08002d5c   0x000000fa   Code   RO         1136    .text.Delete_Fingerprint_Page  menu.o
    0x08002e56   0x08002e56   0x00000002   PAD
    0x08002e58   0x08002e58   0x00000140   Code   RO         1132    .text.Delete_Fingerprint_UI  menu.o
    0x08002f98   0x08002f98   0x0000009c   Code   RO         1104    .text.Display_NewPassword  menu.o
    0x08003034   0x08003034   0x0000009c   Code   RO         1102    .text.Display_OldPassword  menu.o
    0x080030d0   0x080030d0   0x0000009c   Code   RO         1094    .text.Display_Password  menu.o
    0x0800316c   0x0800316c   0x0000000a   Code   RO         1349    .text.Error_Handler  main.o
    0x08003176   0x08003176   0x00000002   PAD
    0x08003178   0x08003178   0x0000004c   Code   RO          875    .text.FF_WriteAll   fingerprintflash.o
    0x080031c4   0x080031c4   0x0000002e   Code   RO          863    .text.FLASH_Clear   flash.o
    0x080031f2   0x080031f2   0x00000002   PAD
    0x080031f4   0x080031f4   0x00000004   Code   RO          861    .text.FLASH_R       flash.o
    0x080031f8   0x080031f8   0x0000006c   Code   RO          859    .text.FLASH_W       flash.o
    0x08003264   0x08003264   0x000000ba   Code   RO          599    .text.FLASH_WaitForLastOperation  stm32f1xx_hal_flash.o
    0x0800331e   0x0800331e   0x00000002   PAD
    0x08003320   0x08003320   0x00000068   Code   RO          881    .text.FingerprintFlash_AddSlot  fingerprintflash.o
    0x08003388   0x08003388   0x0000002c   Code   RO          887    .text.FingerprintFlash_Count  fingerprintflash.o
    0x080033b4   0x080033b4   0x00000052   Code   RO          877    .text.FingerprintFlash_ReadAll  fingerprintflash.o
    0x08003406   0x08003406   0x00000002   PAD
    0x08003408   0x08003408   0x00000052   Code   RO          885    .text.FingerprintFlash_RemoveSlot  fingerprintflash.o
    0x0800345a   0x0800345a   0x00000002   PAD
    0x0800345c   0x0800345c   0x00000286   Code   RO         1090    .text.First_Page    menu.o
    0x080036e2   0x080036e2   0x00000002   PAD
    0x080036e4   0x080036e4   0x00000040   Code   RO          489    .text.HAL_DMA_Abort  stm32f1xx_hal_dma.o
    0x08003724   0x08003724   0x000000b2   Code   RO          491    .text.HAL_DMA_Abort_IT  stm32f1xx_hal_dma.o
    0x080037d6   0x080037d6   0x00000002   PAD
    0x080037d8   0x080037d8   0x00000004   Code   RO          503    .text.HAL_DMA_GetError  stm32f1xx_hal_dma.o
    0x080037dc   0x080037dc   0x00000028   Code   RO          364    .text.HAL_Delay     stm32f1xx_hal.o
    0x08003804   0x08003804   0x000000d4   Code   RO          630    .text.HAL_FLASHEx_Erase  stm32f1xx_hal_flash_ex.o
    0x080038d8   0x080038d8   0x00000014   Code   RO          611    .text.HAL_FLASH_Lock  stm32f1xx_hal_flash.o
    0x080038ec   0x080038ec   0x000000c2   Code   RO          597    .text.HAL_FLASH_Program  stm32f1xx_hal_flash.o
    0x080039ae   0x080039ae   0x00000002   PAD
    0x080039b0   0x080039b0   0x0000002e   Code   RO          609    .text.HAL_FLASH_Unlock  stm32f1xx_hal_flash.o
    0x080039de   0x080039de   0x00000002   PAD
    0x080039e0   0x080039e0   0x00000202   Code   RO          457    .text.HAL_GPIO_Init  stm32f1xx_hal_gpio.o
    0x08003be2   0x08003be2   0x00000002   PAD
    0x08003be4   0x08003be4   0x0000000a   Code   RO          461    .text.HAL_GPIO_ReadPin  stm32f1xx_hal_gpio.o
    0x08003bee   0x08003bee   0x00000002   PAD
    0x08003bf0   0x08003bf0   0x0000000a   Code   RO          463    .text.HAL_GPIO_WritePin  stm32f1xx_hal_gpio.o
    0x08003bfa   0x08003bfa   0x00000002   PAD
    0x08003bfc   0x08003bfc   0x0000000c   Code   RO          356    .text.HAL_GetTick   stm32f1xx_hal.o
    0x08003c08   0x08003c08   0x00000060   Code   RO          813    .text.HAL_IWDG_Init  stm32f1xx_hal_iwdg.o
    0x08003c68   0x08003c68   0x0000000c   Code   RO          815    .text.HAL_IWDG_Refresh  stm32f1xx_hal_iwdg.o
    0x08003c74   0x08003c74   0x0000001a   Code   RO          354    .text.HAL_IncTick   stm32f1xx_hal.o
    0x08003c8e   0x08003c8e   0x00000002   PAD
    0x08003c90   0x08003c90   0x00000026   Code   RO          344    .text.HAL_Init      stm32f1xx_hal.o
    0x08003cb6   0x08003cb6   0x00000002   PAD
    0x08003cb8   0x08003cb8   0x00000050   Code   RO          346    .text.HAL_InitTick  stm32f1xx_hal.o
    0x08003d08   0x08003d08   0x0000004a   Code   RO         1443    .text.HAL_MspInit   stm32f1xx_hal_msp.o
    0x08003d52   0x08003d52   0x00000002   PAD
    0x08003d54   0x08003d54   0x00000022   Code   RO          517    .text.HAL_NVIC_EnableIRQ  stm32f1xx_hal_cortex.o
    0x08003d76   0x08003d76   0x00000002   PAD
    0x08003d78   0x08003d78   0x00000056   Code   RO          515    .text.HAL_NVIC_SetPriority  stm32f1xx_hal_cortex.o
    0x08003dce   0x08003dce   0x00000002   PAD
    0x08003dd0   0x08003dd0   0x00000020   Code   RO          513    .text.HAL_NVIC_SetPriorityGrouping  stm32f1xx_hal_cortex.o
    0x08003df0   0x08003df0   0x000001b2   Code   RO          409    .text.HAL_RCC_ClockConfig  stm32f1xx_hal_rcc.o
    0x08003fa2   0x08003fa2   0x00000002   PAD
    0x08003fa4   0x08003fa4   0x00000026   Code   RO          421    .text.HAL_RCC_GetPCLK1Freq  stm32f1xx_hal_rcc.o
    0x08003fca   0x08003fca   0x00000002   PAD
    0x08003fcc   0x08003fcc   0x00000026   Code   RO          423    .text.HAL_RCC_GetPCLK2Freq  stm32f1xx_hal_rcc.o
    0x08003ff2   0x08003ff2   0x00000002   PAD
    0x08003ff4   0x08003ff4   0x00000338   Code   RO          407    .text.HAL_RCC_OscConfig  stm32f1xx_hal_rcc.o
    0x0800432c   0x0800432c   0x0000002c   Code   RO          525    .text.HAL_SYSTICK_Config  stm32f1xx_hal_cortex.o
    0x08004358   0x08004358   0x00000002   Code   RO          330    .text.HAL_TIMEx_BreakCallback  stm32f1xx_hal_tim_ex.o
    0x0800435a   0x0800435a   0x00000002   PAD
    0x0800435c   0x0800435c   0x00000002   Code   RO          326    .text.HAL_TIMEx_CommutCallback  stm32f1xx_hal_tim_ex.o
    0x0800435e   0x0800435e   0x00000002   PAD
    0x08004360   0x08004360   0x0000007a   Code   RO          320    .text.HAL_TIMEx_MasterConfigSynchronization  stm32f1xx_hal_tim_ex.o
    0x080043da   0x080043da   0x00000002   PAD
    0x080043dc   0x080043dc   0x000000e6   Code   RO           25    .text.HAL_TIM_Base_Init  stm32f1xx_hal_tim.o
    0x080044c2   0x080044c2   0x00000002   PAD
    0x080044c4   0x080044c4   0x0000003e   Code   RO         1380    .text.HAL_TIM_Base_MspInit  tim.o
    0x08004502   0x08004502   0x00000002   PAD
    0x08004504   0x08004504   0x00000066   Code   RO           39    .text.HAL_TIM_Base_Start_IT  stm32f1xx_hal_tim.o
    0x0800456a   0x0800456a   0x00000002   PAD
    0x0800456c   0x0800456c   0x000001a0   Code   RO          205    .text.HAL_TIM_ConfigClockSource  stm32f1xx_hal_tim.o
    0x0800470c   0x0800470c   0x00000002   Code   RO          161    .text.HAL_TIM_IC_CaptureCallback  stm32f1xx_hal_tim.o
    0x0800470e   0x0800470e   0x00000002   PAD
    0x08004710   0x08004710   0x0000014a   Code   RO          159    .text.HAL_TIM_IRQHandler  stm32f1xx_hal_tim.o
    0x0800485a   0x0800485a   0x00000002   PAD
    0x0800485c   0x0800485c   0x00000002   Code   RO          163    .text.HAL_TIM_OC_DelayElapsedCallback  stm32f1xx_hal_tim.o
    0x0800485e   0x0800485e   0x00000002   PAD
    0x08004860   0x08004860   0x00000002   Code   RO          165    .text.HAL_TIM_PWM_PulseFinishedCallback  stm32f1xx_hal_tim.o
    0x08004862   0x08004862   0x00000002   PAD
    0x08004864   0x08004864   0x0000000e   Code   RO         1351    .text.HAL_TIM_PeriodElapsedCallback  main.o
    0x08004872   0x08004872   0x00000002   PAD
    0x08004874   0x08004874   0x00000002   Code   RO          169    .text.HAL_TIM_TriggerCallback  stm32f1xx_hal_tim.o
    0x08004876   0x08004876   0x00000002   PAD
    0x08004878   0x08004878   0x00000002   Code   RO          762    .text.HAL_UARTEx_RxEventCallback  stm32f1xx_hal_uart.o
    0x0800487a   0x0800487a   0x00000002   PAD
    0x0800487c   0x0800487c   0x00000092   Code   RO          732    .text.HAL_UART_AbortReceive  stm32f1xx_hal_uart.o
    0x0800490e   0x0800490e   0x00000002   PAD
    0x08004910   0x08004910   0x00000002   Code   RO          760    .text.HAL_UART_ErrorCallback  stm32f1xx_hal_uart.o
    0x08004912   0x08004912   0x00000002   PAD
    0x08004914   0x08004914   0x00000302   Code   RO          754    .text.HAL_UART_IRQHandler  stm32f1xx_hal_uart.o
    0x08004c16   0x08004c16   0x00000002   PAD
    0x08004c18   0x08004c18   0x000000e0   Code   RO          678    .text.HAL_UART_Init  stm32f1xx_hal_uart.o
    0x08004cf8   0x08004cf8   0x000000d4   Code   RO         1397    .text.HAL_UART_MspInit  usart.o
    0x08004dcc   0x08004dcc   0x00000054   Code   RO          698    .text.HAL_UART_Receive_IT  stm32f1xx_hal_uart.o
    0x08004e20   0x08004e20   0x00000056   Code   RO         1353    .text.HAL_UART_RxCpltCallback  main.o
    0x08004e76   0x08004e76   0x00000002   PAD
    0x08004e78   0x08004e78   0x000000f4   Code   RO          692    .text.HAL_UART_Transmit  stm32f1xx_hal_uart.o
    0x08004f6c   0x08004f6c   0x00000002   Code   RO          764    .text.HAL_UART_TxCpltCallback  stm32f1xx_hal_uart.o
    0x08004f6e   0x08004f6e   0x00000002   PAD
    0x08004f70   0x08004f70   0x00000002   Code   RO         1414    .text.HardFault_Handler  stm32f1xx_it.o
    0x08004f72   0x08004f72   0x00000002   PAD
    0x08004f74   0x08004f74   0x00000104   Code   RO         1110    .text.Intput_NewPassword  menu.o
    0x08005078   0x08005078   0x00000124   Code   RO         1106    .text.Intput_OldPassword  menu.o
    0x0800519c   0x0800519c   0x00000178   Code   RO         1098    .text.Intput_Password  menu.o
    0x08005314   0x08005314   0x00000016   Code   RO         1045    .text.Key_GetNum    key.o
    0x0800532a   0x0800532a   0x00000002   PAD
    0x0800532c   0x0800532c   0x000001ba   Code   RO         1043    .text.Key_Scan      key.o
    0x080054e6   0x080054e6   0x00000002   PAD
    0x080054e8   0x080054e8   0x0000004e   Code   RO         1047    .text.Key_Tick      key.o
    0x08005536   0x08005536   0x00000002   PAD
    0x08005538   0x08005538   0x000000d8   Code   RO         1082    .text.Lock_Page     menu.o
    0x08005610   0x08005610   0x00000078   Code   RO         1192    .text.M500PcdConfigISOType  mfrc522.o
    0x08005688   0x08005688   0x00000156   Code   RO         1369    .text.MX_GPIO_Init  gpio.o
    0x080057de   0x080057de   0x00000002   PAD
    0x080057e0   0x080057e0   0x0000007a   Code   RO         1378    .text.MX_TIM2_Init  tim.o
    0x0800585a   0x0800585a   0x00000002   PAD
    0x0800585c   0x0800585c   0x0000003c   Code   RO         1393    .text.MX_USART1_UART_Init  usart.o
    0x08005898   0x08005898   0x00000050   Code   RO         1395    .text.MX_USART2_UART_Init  usart.o
    0x080058e8   0x080058e8   0x00000002   Code   RO         1416    .text.MemManage_Handler  stm32f1xx_it.o
    0x080058ea   0x080058ea   0x00000002   PAD
    0x080058ec   0x080058ec   0x00000040   Code   RO         1078    .text.Menu_Show_UI  menu.o
    0x0800592c   0x0800592c   0x00000052   Code   RO         1086    .text.Menu_UI       menu.o
    0x0800597e   0x0800597e   0x00000002   PAD
    0x08005980   0x08005980   0x00000070   Code   RO         1066    .text.Motor_DirectionAngle90  motor.o
    0x080059f0   0x080059f0   0x0000007c   Code   RO         1062    .text.Motor_HalfDrive  motor.o
    0x08005a6c   0x08005a6c   0x00000002   Code   RO         1412    .text.NMI_Handler   stm32f1xx_it.o
    0x08005a6e   0x08005a6e   0x00000002   PAD
    0x08005a70   0x08005a70   0x000000a0   Code   RO         1108    .text.NewPassword_Page  menu.o
    0x08005b10   0x08005b10   0x00000014   Code   RO          962    .text.OLED_Clear    oled.o
    0x08005b24   0x08005b24   0x00000582   Code   RO         1012    .text.OLED_DrawEllipse  oled.o
    0x080060a6   0x080060a6   0x00000002   PAD
    0x080060a8   0x080060a8   0x0000005c   Code   RO          954    .text.OLED_I2C_SendByte  oled.o
    0x08006104   0x08006104   0x000000ca   Code   RO          960    .text.OLED_Init     oled.o
    0x080061ce   0x080061ce   0x00000002   PAD
    0x080061d0   0x080061d0   0x00000028   Code   RO          998    .text.OLED_Printf   oled.o
    0x080061f8   0x080061f8   0x0000006a   Code   RO          980    .text.OLED_ReverseArea  oled.o
    0x08006262   0x08006262   0x00000002   PAD
    0x08006264   0x08006264   0x00000068   Code   RO          982    .text.OLED_ShowChar  oled.o
    0x080062cc   0x080062cc   0x0000012a   Code   RO          984    .text.OLED_ShowImage  oled.o
    0x080063f6   0x080063f6   0x00000002   PAD
    0x080063f8   0x080063f8   0x000000d4   Code   RO          988    .text.OLED_ShowNum  oled.o
    0x080064cc   0x080064cc   0x00000166   Code   RO          986    .text.OLED_ShowString  oled.o
    0x08006632   0x08006632   0x00000002   PAD
    0x08006634   0x08006634   0x00000036   Code   RO          964    .text.OLED_Update   oled.o
    0x0800666a   0x0800666a   0x00000002   PAD
    0x0800666c   0x0800666c   0x000000b2   Code   RO          956    .text.OLED_WriteCommand  oled.o
    0x0800671e   0x0800671e   0x00000002   PAD
    0x08006720   0x08006720   0x00000084   Code   RO          958    .text.OLED_WriteData  oled.o
    0x080067a4   0x080067a4   0x000000a0   Code   RO         1112    .text.OldPassword_Page  menu.o
    0x08006844   0x08006844   0x000001a8   Code   RO         1285    .text.PS_DeletChar  as608.o
    0x080069ec   0x080069ec   0x00000148   Code   RO         1273    .text.PS_GenChar    as608.o
    0x08006b34   0x08006b34   0x0000012e   Code   RO         1271    .text.PS_GetImage   as608.o
    0x08006c62   0x08006c62   0x00000002   PAD
    0x08006c64   0x08006c64   0x0000001a   Code   RO         1269    .text.PS_ReadTouch  as608.o
    0x08006c7e   0x08006c7e   0x00000002   PAD
    0x08006c80   0x08006c80   0x00000130   Code   RO         1279    .text.PS_RegModel   as608.o
    0x08006db0   0x08006db0   0x000001de   Code   RO         1275    .text.PS_Search     as608.o
    0x08006f8e   0x08006f8e   0x00000002   PAD
    0x08006f90   0x08006f90   0x00000184   Code   RO         1281    .text.PS_StoreChar  as608.o
    0x08007114   0x08007114   0x00000072   Code   RO          845    .text.PasswordFlash_Init  passwordflash.o
    0x08007186   0x08007186   0x00000002   PAD
    0x08007188   0x08007188   0x00000034   Code   RO          849    .text.PasswordFlash_Read  passwordflash.o
    0x080071bc   0x080071bc   0x00000074   Code   RO          847    .text.PasswordFlash_Write  passwordflash.o
    0x08007230   0x08007230   0x00000088   Code   RO         1172    .text.PcdAnticoll   mfrc522.o
    0x080072b8   0x080072b8   0x00000146   Code   RO         1170    .text.PcdComMF522   mfrc522.o
    0x080073fe   0x080073fe   0x00000002   PAD
    0x08007400   0x08007400   0x00000060   Code   RO         1162    .text.PcdRequest    mfrc522.o
    0x08007460   0x08007460   0x0000006a   Code   RO         1188    .text.PcdReset      mfrc522.o
    0x080074ca   0x080074ca   0x00000002   PAD
    0x080074cc   0x080074cc   0x00000002   Code   RO         1426    .text.PendSV_Handler  stm32f1xx_it.o
    0x080074ce   0x080074ce   0x00000002   PAD
    0x080074d0   0x080074d0   0x000000dc   Code   RO         1347    .text.RFID_Check    main.o
    0x080075ac   0x080075ac   0x0000003a   Code   RO         1200    .text.RFID_Init     mfrc522.o
    0x080075e6   0x080075e6   0x00000002   PAD
    0x080075e8   0x080075e8   0x000000dc   Code   RO         1202    .text.Rc522Test     mfrc522.o
    0x080076c4   0x080076c4   0x00000096   Code   RO         1180    .text.ReadRawRC     mfrc522.o
    0x0800775a   0x0800775a   0x00000002   PAD
    0x0800775c   0x0800775c   0x000000c8   Code   RO         1341    .text.Read_Card     main.o
    0x08007824   0x08007824   0x00000002   Code   RO         1422    .text.SVC_Handler   stm32f1xx_it.o
    0x08007826   0x08007826   0x00000002   PAD
    0x08007828   0x08007828   0x0000000e   Code   RO          913    .text.Security_ClearRelock  security.o
    0x08007836   0x08007836   0x00000002   PAD
    0x08007838   0x08007838   0x00000022   Code   RO          897    .text.Security_Init  security.o
    0x0800785a   0x0800785a   0x00000002   PAD
    0x0800785c   0x0800785c   0x0000003a   Code   RO          907    .text.Security_IsLocked  security.o
    0x08007896   0x08007896   0x00000002   PAD
    0x08007898   0x08007898   0x00000036   Code   RO          909    .text.Security_LockRemainMs  security.o
    0x080078ce   0x080078ce   0x00000002   PAD
    0x080078d0   0x080078d0   0x0000003e   Code   RO          901    .text.Security_OnAuthFail  security.o
    0x0800790e   0x0800790e   0x00000002   PAD
    0x08007910   0x08007910   0x00000040   Code   RO          905    .text.Security_OnAuthSuccess  security.o
    0x08007950   0x08007950   0x00000030   Code   RO          911    .text.Security_RelockDue  security.o
    0x08007980   0x08007980   0x0000002c   Code   RO          915    .text.Security_RelockExtend  security.o
    0x080079ac   0x080079ac   0x00000116   Code   RO         1076    .text.Show_Emoji_UI  menu.o
    0x08007ac2   0x08007ac2   0x00000002   PAD
    0x08007ac4   0x08007ac4   0x00000004   Code   RO         1428    .text.SysTick_Handler  stm32f1xx_it.o
    0x08007ac8   0x08007ac8   0x00000002   Code   RO          798    .text.SystemInit    system_stm32f1xx.o
    0x08007aca   0x08007aca   0x00000002   PAD
    0x08007acc   0x08007acc   0x0000000c   Code   RO         1430    .text.TIM2_IRQHandler  stm32f1xx_it.o
    0x08007ad8   0x08007ad8   0x0000000c   Code   RO          758    .text.UART_DMAAbortOnError  stm32f1xx_hal_uart.o
    0x08007ae4   0x08007ae4   0x000000c0   Code   RO          756    .text.UART_Receive_IT  stm32f1xx_hal_uart.o
    0x08007ba4   0x08007ba4   0x0000000c   Code   RO         1432    .text.USART1_IRQHandler  stm32f1xx_it.o
    0x08007bb0   0x08007bb0   0x0000000c   Code   RO         1434    .text.USART2_IRQHandler  stm32f1xx_it.o
    0x08007bbc   0x08007bbc   0x000000a2   Code   RO         1084    .text.UnLock_Page   menu.o
    0x08007c5e   0x08007c5e   0x00000002   PAD
    0x08007c60   0x08007c60   0x00000002   Code   RO         1420    .text.UsageFault_Handler  stm32f1xx_it.o
    0x08007c62   0x08007c62   0x00000002   PAD
    0x08007c64   0x08007c64   0x0000000c   Code   RO          936    .text.WDT_Feed      wdt.o
    0x08007c70   0x08007c70   0x0000002e   Code   RO          934    .text.WDT_Init      wdt.o
    0x08007c9e   0x08007c9e   0x00000002   PAD
    0x08007ca0   0x08007ca0   0x00000060   Code   RO         1100    .text.WaitCardOff_Timeout  menu.o
    0x08007d00   0x08007d00   0x0000009a   Code   RO         1166    .text.WriteRawRC    mfrc522.o
    0x08007d9a   0x08007d9a   0x00000002   PAD
    0x08007d9c   0x08007d9c   0x00000002   Code   RO         1190    .text.delay_10ms    mfrc522.o
    0x08007d9e   0x08007d9e   0x00000002   PAD
    0x08007da0   0x08007da0   0x00000380   Code   RO         1337    .text.main          main.o
    0x08008120   0x08008120   0x0000003e   Code   RO         1739    CL$$btod_d2e        c_w.l(btod.o)
    0x0800815e   0x0800815e   0x00000046   Code   RO         1741    CL$$btod_d2e_denorm_low  c_w.l(btod.o)
    0x080081a4   0x080081a4   0x00000060   Code   RO         1740    CL$$btod_d2e_norm_op1  c_w.l(btod.o)
    0x08008204   0x08008204   0x00000338   Code   RO         1749    CL$$btod_div_common  c_w.l(btod.o)
    0x0800853c   0x0800853c   0x000000dc   Code   RO         1746    CL$$btod_e2e        c_w.l(btod.o)
    0x08008618   0x08008618   0x0000002a   Code   RO         1743    CL$$btod_ediv       c_w.l(btod.o)
    0x08008642   0x08008642   0x0000002a   Code   RO         1742    CL$$btod_emul       c_w.l(btod.o)
    0x0800866c   0x0800866c   0x00000244   Code   RO         1748    CL$$btod_mult_common  c_w.l(btod.o)
    0x080088b0   0x080088b0   0x00000028   Code   RO         1718    i.__ARM_fpclassify  m_ws.l(fpclassify.o)
    0x080088d8   0x080088d8   0x0000000e   Code   RO         1582    i._is_digit         c_w.l(__printf_wp.o)
    0x080088e6   0x080088e6   0x00000002   PAD
    0x080088e8   0x080088e8   0x0000002c   Code   RO         1764    locale$$code        c_w.l(lc_numeric_c.o)
    0x08008914   0x08008914   0x0000002c   Code   RO         1783    locale$$code        c_w.l(lc_ctype_c.o)
    0x08008940   0x08008940   0x00000062   Code   RO         1471    x$fpl$d2f           fz_ws.l(d2f.o)
    0x080089a2   0x080089a2   0x00000002   PAD
    0x080089a4   0x080089a4   0x00000150   Code   RO         1473    x$fpl$dadd          fz_ws.l(daddsub_clz.o)
    0x08008af4   0x08008af4   0x00000018   Code   RO         1712    x$fpl$dcmpinf       fz_ws.l(dcmpi.o)
    0x08008b0c   0x08008b0c   0x00000078   Code   RO         1619    x$fpl$deqf          fz_ws.l(deqf.o)
    0x08008b84   0x08008b84   0x0000002e   Code   RO         1494    x$fpl$dflt          fz_ws.l(dflt_clz.o)
    0x08008bb2   0x08008bb2   0x00000026   Code   RO         1493    x$fpl$dfltu         fz_ws.l(dflt_clz.o)
    0x08008bd8   0x08008bd8   0x00000078   Code   RO         1621    x$fpl$dgeqf         fz_ws.l(dgeqf.o)
    0x08008c50   0x08008c50   0x00000078   Code   RO         1623    x$fpl$dleqf         fz_ws.l(dleqf.o)
    0x08008cc8   0x08008cc8   0x00000154   Code   RO         1499    x$fpl$dmul          fz_ws.l(dmul.o)
    0x08008e1c   0x08008e1c   0x0000009c   Code   RO         1625    x$fpl$dnaninf       fz_ws.l(dnaninf.o)
    0x08008eb8   0x08008eb8   0x0000000c   Code   RO         1627    x$fpl$dretinf       fz_ws.l(dretinf.o)
    0x08008ec4   0x08008ec4   0x000001dc   Code   RO         1475    x$fpl$dsub          fz_ws.l(daddsub_clz.o)
    0x080090a0   0x080090a0   0x000000c4   Code   RO         1501    x$fpl$fadd          fz_ws.l(faddsub_clz.o)
    0x08009164   0x08009164   0x00000054   Code   RO         1479    x$fpl$fcmp          fz_ws.l(dcmp.o)
    0x080091b8   0x080091b8   0x00000054   Code   RO         1507    x$fpl$fcmp          fz_ws.l(fcmp.o)
    0x0800920c   0x0800920c   0x00000018   Code   RO         1714    x$fpl$fcmpinf       fz_ws.l(fcmpi.o)
    0x08009224   0x08009224   0x00000068   Code   RO         1633    x$fpl$feqf          fz_ws.l(feqf.o)
    0x0800928c   0x0800928c   0x00000030   Code   RO         1510    x$fpl$fflt          fz_ws.l(fflt_clz.o)
    0x080092bc   0x080092bc   0x00000068   Code   RO         1635    x$fpl$fgeqf         fz_ws.l(fgeqf.o)
    0x08009324   0x08009324   0x00000068   Code   RO         1637    x$fpl$fleqf         fz_ws.l(fleqf.o)
    0x0800938c   0x0800938c   0x0000008c   Code   RO         1639    x$fpl$fnaninf       fz_ws.l(fnaninf.o)
    0x08009418   0x08009418   0x0000000a   Code   RO         1641    x$fpl$fretinf       fz_ws.l(fretinf.o)
    0x08009422   0x08009422   0x00000002   PAD
    0x08009424   0x08009424   0x000000ea   Code   RO         1503    x$fpl$fsub          fz_ws.l(faddsub_clz.o)
    0x0800950e   0x0800950e   0x00000004   Code   RO         1643    x$fpl$printf1       fz_ws.l(printf1.o)
    0x08009512   0x08009512   0x00000004   Code   RO         1645    x$fpl$printf2       fz_ws.l(printf2.o)
    0x08009516   0x08009516   0x00000000   Code   RO         1651    x$fpl$usenofp       fz_ws.l(usenofp.o)
    0x08009516   0x08009516   0x00000002   PAD
    0x08009518   0x08009518   0x00000008   Data   RO         1541    .constdata          c_w.l(_printf_wctomb.o)
    0x08009520   0x08009520   0x00000028   Data   RO         1570    .constdata          c_w.l(_printf_hex_int_ll_ptr.o)
    0x08009548   0x08009548   0x00000011   Data   RO         1590    .constdata          c_w.l(__printf_flags_ss_wp.o)
    0x08009559   0x08009559   0x00000026   Data   RO         1701    .constdata          c_w.l(_printf_fp_hex.o)
    0x0800957f   0x0800957f   0x00000001   PAD
    0x08009580   0x08009580   0x00000094   Data   RO         1737    .constdata          c_w.l(bigflt0.o)
    0x08009614   0x08009614   0x00000010   Data   RO          803    .rodata.AHBPrescTable  system_stm32f1xx.o
    0x08009624   0x08009624   0x00000008   Data   RO          804    .rodata.APBPrescTable  system_stm32f1xx.o
    0x0800962c   0x0800962c   0x0000001c   Data   RO         1029    .rodata.Boxleft     oled_data.o
    0x08009648   0x08009648   0x0000001c   Data   RO         1030    .rodata.Boxright    oled_data.o
    0x08009664   0x08009664   0x00000100   Data   RO         1037    .rodata.Empty       oled_data.o
    0x08009764   0x08009764   0x00000030   Data   RO         1033    .rodata.Eyebrow1    oled_data.o
    0x08009794   0x08009794   0x00000030   Data   RO         1034    .rodata.Eyebrow2    oled_data.o
    0x080097c4   0x080097c4   0x00000002   Data   RO          434    .rodata.HAL_RCC_GetSysClockFreq.aPredivFactorTable  stm32f1xx_hal_rcc.o
    0x080097c6   0x080097c6   0x00000048   Data   RO         1036    .rodata.Lock        oled_data.o
    0x0800980e   0x0800980e   0x0000003c   Data   RO         1035    .rodata.Mouth       oled_data.o
    0x0800984a   0x0800984a   0x000008c0   Data   RO         1028    .rodata.OLED_CF16x16  oled_data.o
    0x0800a10a   0x0800a10a   0x00000d5c   Data   RO         1027    .rodata.OLED_F12x24  oled_data.o
    0x0800ae66   0x0800ae66   0x0000023a   Data   RO         1026    .rodata.OLED_F6x8   oled_data.o
    0x0800b0a0   0x0800b0a0   0x000005f0   Data   RO         1025    .rodata.OLED_F8x16  oled_data.o
    0x0800b690   0x0800b690   0x00000010   Data   RO          433    .rodata.cst16       stm32f1xx_hal_rcc.o
    0x0800b6a0   0x0800b6a0   0x000000e2   Data   RO         1140    .rodata.str1.1      menu.o
    0x0800b782   0x0800b782   0x00000002   PAD
    0x0800b784   0x0800b784   0x00000020   Data   RO         1922    Region$$Table       anon$$obj.o
    0x0800b7a4   0x0800b7a4   0x0000001c   Data   RO         1763    locale$$data        c_w.l(lc_numeric_c.o)
    0x0800b7c0   0x0800b7c0   0x00000110   Data   RO         1782    locale$$data        c_w.l(lc_ctype_c.o)


    Execution Region RW_IRAM1 (Exec base: 0x20000000, Load base: 0x0800b8d0, Size: 0x00000d60, Max: 0x00005000, ABSOLUTE)

    Exec Addr    Load Addr    Size         Type   Attr      Idx    E Section Name        Object

    0x20000000   0x0800b8d0   0x00000004   Data   RW         1319    .data.AS608Addr     as608.o
    0x20000004   0x0800b8d4   0x00000001   Data   RW         1142    .data.Flag          menu.o
    0x20000005   0x0800b8d5   0x00000003   PAD
    0x20000008   0x0800b8d8   0x00000004   Data   RW          802    .data.SystemCoreClock  system_stm32f1xx.o
    0x2000000c   0x0800b8dc   0x00000004   Data   RW         1204    .data.UI0           mfrc522.o
    0x20000010   0x0800b8e0   0x00000004   Data   RW         1205    .data.UI1           mfrc522.o
    0x20000014   0x0800b8e4   0x00000004   Data   RW         1206    .data.UI2           mfrc522.o
    0x20000018   0x0800b8e8   0x00000004   Data   RW         1207    .data.UI3           mfrc522.o
    0x2000001c   0x0800b8ec   0x00000001   Data   RW         1151    .data.deleteflag    menu.o
    0x2000001d   0x0800b8ed   0x00000001   Data   RW         1152    .data.deleteflag_f  menu.o
    0x2000001e   0x0800b8ee   0x00000001   Data   RW          395    .data.uwTickFreq    stm32f1xx_hal.o
    0x2000001f   0x0800b8ef   0x00000001   PAD
    0x20000020   0x0800b8f0   0x00000004   Data   RW          394    .data.uwTickPrio    stm32f1xx_hal.o
    0x20000024   0x0800b8f4   0x00000004   PAD
    0x20000028        -       0x00000060   Zero   RW         1723    .bss                c_w.l(libspace.o)
    0x20000088        -       0x00000080   Zero   RW         1325    .bss.AS608_RecvPacket.packet_buf  as608.o
    0x20000108        -       0x00000001   Zero   RW         1141    .bss.KeyNum         menu.o
    0x20000109        -       0x00000001   Zero   RW         1049    .bss.Key_Num        key.o
    0x2000010a        -       0x00000001   Zero   RW         1050    .bss.Key_Tick.count  key.o
    0x2000010b        -       0x00000001   Zero   RW         1052    .bss.Key_Tick.newState  key.o
    0x2000010c        -       0x00000001   Zero   RW         1051    .bss.Key_Tick.oldState  key.o
    0x2000010d        -       0x00000001   Zero   RW         1146    .bss.LockFlag       menu.o
    0x2000010e   0x0800b8f4   0x00000002   PAD
    0x20000110        -       0x00000400   Zero   RW         1016    .bss.OLED_DisplayBuf  oled.o
    0x20000510        -       0x00000005   Zero   RW         1356    .bss.RxData         main.o
    0x20000515        -       0x00000004   Zero   RW         1208    .bss.Temp           mfrc522.o
    0x20000519        -       0x00000004   Zero   RW         1209    .bss.UID            mfrc522.o
    0x2000051d        -       0x00000001   Zero   RW         1359    .bss.cardnumber     main.o
    0x2000051e        -       0x00000001   Zero   RW          921    .bss.fail_count     security.o
    0x2000051f   0x0800b8f4   0x00000001   PAD
    0x20000520        -       0x0000000c   Zero   RW          938    .bss.hiwdg          wdt.o
    0x2000052c        -       0x00000048   Zero   RW         1384    .bss.htim2          tim.o
    0x20000574        -       0x00000048   Zero   RW         1401    .bss.huart1         usart.o
    0x200005bc        -       0x00000048   Zero   RW         1402    .bss.huart2         usart.o
    0x20000604        -       0x00000005   Zero   RW         1143    .bss.input_password  menu.o
    0x20000609   0x0800b8f4   0x00000003   PAD
    0x2000060c        -       0x00000004   Zero   RW         1144    .bss.input_pos      menu.o
    0x20000610        -       0x00000001   Zero   RW         1147    .bss.intpassword_flag  menu.o
    0x20000611   0x0800b8f4   0x00000003   PAD
    0x20000614        -       0x00000004   Zero   RW          924    .bss.lock_start_tick  security.o
    0x20000618        -       0x00000001   Zero   RW          922    .bss.locked         security.o
    0x20000619        -       0x00000001   Zero   RW         1148    .bss.newpassword_flag  menu.o
    0x2000061a   0x0800b8f4   0x00000006   PAD
    0x20000620        -       0x00000020   Zero   RW          621    .bss.pFlash         stm32f1xx_hal_flash.o
    0x20000640        -       0x00000001   Zero   RW         1355    .bss.password_rx_complete  main.o
    0x20000641   0x0800b8f4   0x00000003   PAD
    0x20000644        -       0x00000004   Zero   RW          925    .bss.relock_deadline  security.o
    0x20000648        -       0x00000001   Zero   RW          923    .bss.relock_enabled  security.o
    0x20000649        -       0x00000001   Zero   RW         1358    .bss.rfid_fail_pending  main.o
    0x2000064a        -       0x00000100   Zero   RW         1323    .bss.rx_buffer      as608.o
    0x2000074a        -       0x00000002   Zero   RW         1321    .bss.rx_head        as608.o
    0x2000074c        -       0x00000001   Zero   RW         1324    .bss.rx_overflow    as608.o
    0x2000074d   0x0800b8f4   0x00000001   PAD
    0x2000074e        -       0x00000002   Zero   RW         1322    .bss.rx_tail        as608.o
    0x20000750        -       0x00000001   Zero   RW         1149    .bss.select         menu.o
    0x20000751        -       0x00000001   Zero   RW         1153    .bss.select_f       menu.o
    0x20000752        -       0x00000001   Zero   RW         1150    .bss.tempcard       menu.o
    0x20000753        -       0x00000001   Zero   RW         1145    .bss.unlock_flag    menu.o
    0x20000754        -       0x00000001   Zero   RW         1403    .bss.usart2_rx_byte  usart.o
    0x20000755   0x0800b8f4   0x00000003   PAD
    0x20000758        -       0x00000004   Zero   RW          396    .bss.uwTick         stm32f1xx_hal.o
    0x2000075c   0x0800b8f4   0x00000004   PAD
    0x20000760        -       0x00000200   Zero   RW            2    HEAP                startup_stm32f103xb.o
    0x20000960        -       0x00000400   Zero   RW            1    STACK               startup_stm32f103xb.o


==============================================================================

Image component sizes


      Code (inc. data)   RO Data    RW Data    ZI Data      Debug   Object Name

      3366          0          0          4        389      28522   as608.o
       180          0          0          0          0       2032   buzzer.o
        38          0          0          0          0       1847   delay.o
       388          0          0          0          0       4577   fingerprintflash.o
       158          0          0          0          0       1720   flash.o
       342          0          0          0          0       1688   gpio.o
       542          0          0          0          4       1715   key.o
      1426         84          0          0          8       8847   main.o
      7978        346        226          3         17      13725   menu.o
      1368          0          0         16          8      10717   mfrc522.o
       236         32          0          0          0       2289   motor.o
      3206          0          0          0       1024      34254   oled.o
         0          0       8290          0          0       1098   oled_data.o
       282          0          0          0          0       3166   passwordflash.o
       742          0          0          0         11       3685   security.o
        64         26        236          0       1536        792   startup_stm32f103xb.o
       196          0          0          5          4       5749   stm32f1xx_hal.o
       196          0          0          0          0       8408   stm32f1xx_hal_cortex.o
       246          0          0          0          0       7713   stm32f1xx_hal_dma.o
       446          0          0          0         32       5395   stm32f1xx_hal_flash.o
       212          0          0          0          0       6523   stm32f1xx_hal_flash_ex.o
       534         20          0          0          0       4726   stm32f1xx_hal_gpio.o
       108          0          0          0          0       1606   stm32f1xx_hal_iwdg.o
        74          0          0          0          0       1235   stm32f1xx_hal_msp.o
      1334          0         18          0          0       7691   stm32f1xx_hal_rcc.o
      1086          0          0          0          0      57790   stm32f1xx_hal_tim.o
       126          0          0          0          0      21603   stm32f1xx_hal_tim_ex.o
      1678          0          0          0          0      28055   stm32f1xx_hal_uart.o
        56          0          0          0          0       5654   stm32f1xx_it.o
         2          0         24          4          0       1574   system_stm32f1xx.o
       184          0          0          0         72       5785   tim.o
       352          0          0          0        145       5961   usart.o
        58          0          0          0         12       1418   wdt.o

    ----------------------------------------------------------------------
     27380        508       8828         36       3292     297560   Object Totals
         0          0         32          0          0          0   (incl. Generated)
       176          0          2          4         30          0   (incl. Padding)

    ----------------------------------------------------------------------

      Code (inc. data)   RO Data    RW Data    ZI Data      Debug   Library Member Name

         8          0          0          0          0         68   __main.o
       392          4         17          0          0         92   __printf_flags_ss_wp.o
        14          0          0          0          0         68   __printf_wp.o
         0          0          0          0          0          0   __rtentry.o
        12          0          0          0          0          0   __rtentry2.o
         6          0          0          0          0          0   __rtentry4.o
        94          8          0          0          0          0   __scatter.o
        26          0          0          0          0          0   __scatter_copy.o
        28          0          0          0          0          0   __scatter_zi.o
        72          0          0          0          0         96   _c16rtomb.o
         6          0          0          0          0          0   _printf_a.o
         6          0          0          0          0          0   _printf_c.o
        44          0          0          0          0        108   _printf_char.o
        48          6          0          0          0         96   _printf_char_common.o
        40          0          0          0          0         68   _printf_charcount.o
         6          0          0          0          0          0   _printf_d.o
       120         16          0          0          0         92   _printf_dec.o
         6          0          0          0          0          0   _printf_e.o
         6          0          0          0          0          0   _printf_f.o
      1052          0          0          0          0        148   _printf_fp_dec.o
       764          8         38          0          0        100   _printf_fp_hex.o
       128         16          0          0          0         84   _printf_fp_infnan.o
         6          0          0          0          0          0   _printf_g.o
       148          4         40          0          0        160   _printf_hex_int_ll_ptr.o
         6          0          0          0          0          0   _printf_i.o
       178          0          0          0          0         88   _printf_intcommon.o
        10          0          0          0          0          0   _printf_l.o
         6          0          0          0          0          0   _printf_lc.o
        10          0          0          0          0          0   _printf_ll.o
         6          0          0          0          0          0   _printf_lld.o
         6          0          0          0          0          0   _printf_lli.o
         6          0          0          0          0          0   _printf_llo.o
         6          0          0          0          0          0   _printf_llu.o
         6          0          0          0          0          0   _printf_llx.o
       124         16          0          0          0         92   _printf_longlong_dec.o
         6          0          0          0          0          0   _printf_ls.o
         6          0          0          0          0          0   _printf_n.o
         6          0          0          0          0          0   _printf_o.o
       112          8          0          0          0        124   _printf_oct_int_ll.o
         6          0          0          0          0          0   _printf_p.o
        78          0          0          0          0        108   _printf_pad.o
         0          0          0          0          0          0   _printf_percent.o
         4          0          0          0          0          0   _printf_percent_end.o
         6          0          0          0          0          0   _printf_s.o
        82          0          0          0          0         80   _printf_str.o
        36          0          0          0          0         84   _printf_truncate.o
         6          0          0          0          0          0   _printf_u.o
        44          0          0          0          0        108   _printf_wchar.o
       188          6          8          0          0         92   _printf_wctomb.o
         6          0          0          0          0          0   _printf_x.o
        10          0          0          0          0         68   _sputc.o
       228          4        148          0          0         96   bigflt0.o
      1936        128          0          0          0        668   btod.o
        18          0          0          0          0         80   exit.o
         6          0          0          0          0        152   heapauxi.o
         0          0          0          0          0          0   indicate_semi.o
        44         10        272          0          0         76   lc_ctype_c.o
        44         10         28          0          0         76   lc_numeric_c.o
         2          0          0          0          0          0   libinit.o
        30          0          0          0          0          0   libinit2.o
         2          0          0          0          0          0   libshutdown.o
         2          0          0          0          0          0   libshutdown2.o
         8          4          0          0         96         68   libspace.o
       138          0          0          0          0         80   lludiv10.o
        88          0          0          0          0         76   memcmp.o
        16          4          0          0          0         76   rt_ctype_table.o
         8          4          0          0          0         68   rt_locale_intlibspace.o
        78          0          0          0          0         80   rt_memclr_w.o
       138          0          0          0          0         68   rt_memcpy_v6.o
       100          0          0          0          0         80   rt_memcpy_w.o
       132          0          0          0          0         68   rt_memmove_v6.o
       122          0          0          0          0         80   rt_memmove_w.o
         2          0          0          0          0          0   rtexit.o
        10          0          0          0          0          0   rtexit2.o
       128          0          0          0          0         68   strcmpv7m.o
        62          0          0          0          0         76   strlen.o
        12          4          0          0          0         68   sys_exit.o
        74          0          0          0          0         80   sys_stackheap_outer.o
         2          0          0          0          0         68   use_no_semi.o
        36          4          0          0          0         76   vsprintf.o
        98          4          0          0          0         92   d2f.o
       812         16          0          0          0        296   daddsub_clz.o
        84          0          0          0          0        196   dcmp.o
        24          0          0          0          0         68   dcmpi.o
       120          4          0          0          0         92   deqf.o
        84          0          0          0          0        136   dflt_clz.o
       120          4          0          0          0         92   dgeqf.o
       120          4          0          0          0         92   dleqf.o
       340         12          0          0          0        104   dmul.o
       156          4          0          0          0         92   dnaninf.o
        12          0          0          0          0         68   dretinf.o
       430          8          0          0          0        168   faddsub_clz.o
        84          0          0          0          0        196   fcmp.o
        24          0          0          0          0         68   fcmpi.o
       104          4          0          0          0         84   feqf.o
        48          0          0          0          0         68   fflt_clz.o
       104          4          0          0          0         84   fgeqf.o
       104          4          0          0          0         84   fleqf.o
       140          4          0          0          0         84   fnaninf.o
        10          0          0          0          0         68   fretinf.o
         4          0          0          0          0         68   printf1.o
         4          0          0          0          0         68   printf2.o
         0          0          0          0          0          0   usenofp.o
        40          0          0          0          0         68   fpclassify.o

    ----------------------------------------------------------------------
     10552        336        552          0         96       6788   Library Totals
        28          0          1          0          0          0   (incl. Padding)

    ----------------------------------------------------------------------

      Code (inc. data)   RO Data    RW Data    ZI Data      Debug   Library Name

      7458        264        551          0         96       4352   c_w.l
      3026         72          0          0          0       2368   fz_ws.l
        40          0          0          0          0         68   m_ws.l

    ----------------------------------------------------------------------
     10552        336        552          0         96       6788   Library Totals

    ----------------------------------------------------------------------

==============================================================================


      Code (inc. data)   RO Data    RW Data    ZI Data      Debug   

     37932        844       9380         36       3388     300120   Grand Totals
     37932        844       9380         36       3388     300120   ELF Image Totals
     37932        844       9380         36          0          0   ROM Totals

==============================================================================

    Total RO  Size (Code + RO Data)                47312 (  46.20kB)
    Total RW  Size (RW Data + ZI Data)              3424 (   3.34kB)
    Total ROM Size (Code + RO Data + RW Data)      47348 (  46.24kB)

==============================================================================

