Component: ARM Compiler 5.06 update 7 (build 960) Tool: armlink [4d3601]

==============================================================================

Section Cross References

    startup_stm32f103xb.o(STACK) refers (Special) to heapauxi.o(.text) for __use_two_region_memory
    startup_stm32f103xb.o(HEAP) refers (Special) to heapauxi.o(.text) for __use_two_region_memory
    startup_stm32f103xb.o(RESET) refers (Special) to heapauxi.o(.text) for __use_two_region_memory
    startup_stm32f103xb.o(RESET) refers to startup_stm32f103xb.o(STACK) for __initial_sp
    startup_stm32f103xb.o(RESET) refers to startup_stm32f103xb.o(.text) for Reset_Handler
    startup_stm32f103xb.o(RESET) refers to stm32f1xx_it.o(i.NMI_Handler) for NMI_Handler
    startup_stm32f103xb.o(RESET) refers to stm32f1xx_it.o(i.HardFault_Handler) for HardFault_Handler
    startup_stm32f103xb.o(RESET) refers to stm32f1xx_it.o(i.MemManage_Handler) for MemManage_Handler
    startup_stm32f103xb.o(RESET) refers to stm32f1xx_it.o(i.BusFault_Handler) for BusFault_Handler
    startup_stm32f103xb.o(RESET) refers to stm32f1xx_it.o(i.UsageFault_Handler) for UsageFault_Handler
    startup_stm32f103xb.o(RESET) refers to stm32f1xx_it.o(i.SVC_Handler) for SVC_Handler
    startup_stm32f103xb.o(RESET) refers to stm32f1xx_it.o(i.DebugMon_Handler) for DebugMon_Handler
    startup_stm32f103xb.o(RESET) refers to stm32f1xx_it.o(i.PendSV_Handler) for PendSV_Handler
    startup_stm32f103xb.o(RESET) refers to stm32f1xx_it.o(i.SysTick_Handler) for SysTick_Handler
    startup_stm32f103xb.o(RESET) refers to stm32f1xx_it.o(i.TIM2_IRQHandler) for TIM2_IRQHandler
    startup_stm32f103xb.o(RESET) refers to stm32f1xx_it.o(i.USART1_IRQHandler) for USART1_IRQHandler
    startup_stm32f103xb.o(RESET) refers to stm32f1xx_it.o(i.USART2_IRQHandler) for USART2_IRQHandler
    startup_stm32f103xb.o(.text) refers (Special) to heapauxi.o(.text) for __use_two_region_memory
    startup_stm32f103xb.o(.text) refers to system_stm32f1xx.o(i.SystemInit) for SystemInit
    startup_stm32f103xb.o(.text) refers to __main.o(!!!main) for __main
    startup_stm32f103xb.o(.text) refers to startup_stm32f103xb.o(HEAP) for Heap_Mem
    startup_stm32f103xb.o(.text) refers to startup_stm32f103xb.o(STACK) for Stack_Mem
    stm32f1xx_hal_tim.o(i.HAL_TIM_Base_DeInit) refers to tim.o(i.HAL_TIM_Base_MspDeInit) for HAL_TIM_Base_MspDeInit
    stm32f1xx_hal_tim.o(i.HAL_TIM_Base_Init) refers to tim.o(i.HAL_TIM_Base_MspInit) for HAL_TIM_Base_MspInit
    stm32f1xx_hal_tim.o(i.HAL_TIM_Base_Init) refers to stm32f1xx_hal_tim.o(i.TIM_Base_SetConfig) for TIM_Base_SetConfig
    stm32f1xx_hal_tim.o(i.HAL_TIM_Base_Start_DMA) refers to stm32f1xx_hal_dma.o(i.HAL_DMA_Start_IT) for HAL_DMA_Start_IT
    stm32f1xx_hal_tim.o(i.HAL_TIM_Base_Start_DMA) refers to stm32f1xx_hal_tim.o(i.TIM_DMAPeriodElapsedCplt) for TIM_DMAPeriodElapsedCplt
    stm32f1xx_hal_tim.o(i.HAL_TIM_Base_Start_DMA) refers to stm32f1xx_hal_tim.o(i.TIM_DMAPeriodElapsedHalfCplt) for TIM_DMAPeriodElapsedHalfCplt
    stm32f1xx_hal_tim.o(i.HAL_TIM_Base_Start_DMA) refers to stm32f1xx_hal_tim.o(i.TIM_DMAError) for TIM_DMAError
    stm32f1xx_hal_tim.o(i.HAL_TIM_Base_Stop_DMA) refers to stm32f1xx_hal_dma.o(i.HAL_DMA_Abort_IT) for HAL_DMA_Abort_IT
    stm32f1xx_hal_tim.o(i.HAL_TIM_ConfigClockSource) refers to stm32f1xx_hal_tim.o(i.TIM_ETR_SetConfig) for TIM_ETR_SetConfig
    stm32f1xx_hal_tim.o(i.HAL_TIM_ConfigClockSource) refers to stm32f1xx_hal_tim.o(i.TIM_TI1_ConfigInputStage) for TIM_TI1_ConfigInputStage
    stm32f1xx_hal_tim.o(i.HAL_TIM_ConfigClockSource) refers to stm32f1xx_hal_tim.o(i.TIM_ITRx_SetConfig) for TIM_ITRx_SetConfig
    stm32f1xx_hal_tim.o(i.HAL_TIM_ConfigClockSource) refers to stm32f1xx_hal_tim.o(i.TIM_TI2_ConfigInputStage) for TIM_TI2_ConfigInputStage
    stm32f1xx_hal_tim.o(i.HAL_TIM_ConfigOCrefClear) refers to stm32f1xx_hal_tim.o(i.TIM_ETR_SetConfig) for TIM_ETR_SetConfig
    stm32f1xx_hal_tim.o(i.HAL_TIM_DMABurst_MultiReadStart) refers to stm32f1xx_hal_dma.o(i.HAL_DMA_Start_IT) for HAL_DMA_Start_IT
    stm32f1xx_hal_tim.o(i.HAL_TIM_DMABurst_MultiReadStart) refers to stm32f1xx_hal_tim.o(i.TIM_DMAError) for TIM_DMAError
    stm32f1xx_hal_tim.o(i.HAL_TIM_DMABurst_MultiReadStart) refers to stm32f1xx_hal_tim.o(i.TIM_DMACaptureCplt) for TIM_DMACaptureCplt
    stm32f1xx_hal_tim.o(i.HAL_TIM_DMABurst_MultiReadStart) refers to stm32f1xx_hal_tim.o(i.TIM_DMACaptureHalfCplt) for TIM_DMACaptureHalfCplt
    stm32f1xx_hal_tim.o(i.HAL_TIM_DMABurst_MultiReadStart) refers to stm32f1xx_hal_tim.o(i.TIM_DMAPeriodElapsedCplt) for TIM_DMAPeriodElapsedCplt
    stm32f1xx_hal_tim.o(i.HAL_TIM_DMABurst_MultiReadStart) refers to stm32f1xx_hal_tim.o(i.TIM_DMAPeriodElapsedHalfCplt) for TIM_DMAPeriodElapsedHalfCplt
    stm32f1xx_hal_tim.o(i.HAL_TIM_DMABurst_MultiReadStart) refers to stm32f1xx_hal_tim_ex.o(i.TIMEx_DMACommutationCplt) for TIMEx_DMACommutationCplt
[...]
    EXTI0_IRQHandler                         0x0800024f   Thumb Code     0  startup_stm32f103xb.o(.text)
    EXTI15_10_IRQHandler                     0x0800024f   Thumb Code     0  startup_stm32f103xb.o(.text)
    EXTI1_IRQHandler                         0x0800024f   Thumb Code     0  startup_stm32f103xb.o(.text)
    EXTI2_IRQHandler                         0x0800024f   Thumb Code     0  startup_stm32f103xb.o(.text)
    EXTI3_IRQHandler                         0x0800024f   Thumb Code     0  startup_stm32f103xb.o(.text)
    EXTI4_IRQHandler                         0x0800024f   Thumb Code     0  startup_stm32f103xb.o(.text)
    EXTI9_5_IRQHandler                       0x0800024f   Thumb Code     0  startup_stm32f103xb.o(.text)
    FLASH_IRQHandler                         0x0800024f   Thumb Code     0  startup_stm32f103xb.o(.text)
    I2C1_ER_IRQHandler                       0x0800024f   Thumb Code     0  startup_stm32f103xb.o(.text)
    I2C1_EV_IRQHandler                       0x0800024f   Thumb Code     0  startup_stm32f103xb.o(.text)
    I2C2_ER_IRQHandler                       0x0800024f   Thumb Code     0  startup_stm32f103xb.o(.text)
    I2C2_EV_IRQHandler                       0x0800024f   Thumb Code     0  startup_stm32f103xb.o(.text)
    PVD_IRQHandler                           0x0800024f   Thumb Code     0  startup_stm32f103xb.o(.text)
    RCC_IRQHandler                           0x0800024f   Thumb Code     0  startup_stm32f103xb.o(.text)
    RTC_Alarm_IRQHandler                     0x0800024f   Thumb Code     0  startup_stm32f103xb.o(.text)
    RTC_IRQHandler                           0x0800024f   Thumb Code     0  startup_stm32f103xb.o(.text)
    SPI1_IRQHandler                          0x0800024f   Thumb Code     0  startup_stm32f103xb.o(.text)
    SPI2_IRQHandler                          0x0800024f   Thumb Code     0  startup_stm32f103xb.o(.text)
    TAMPER_IRQHandler                        0x0800024f   Thumb Code     0  startup_stm32f103xb.o(.text)
    TIM1_BRK_IRQHandler                      0x0800024f   Thumb Code     0  startup_stm32f103xb.o(.text)
    TIM1_CC_IRQHandler                       0x0800024f   Thumb Code     0  startup_stm32f103xb.o(.text)
    TIM1_TRG_COM_IRQHandler                  0x0800024f   Thumb Code     0  startup_stm32f103xb.o(.text)
    TIM1_UP_IRQHandler                       0x0800024f   Thumb Code     0  startup_stm32f103xb.o(.text)
    TIM3_IRQHandler                          0x0800024f   Thumb Code     0  startup_stm32f103xb.o(.text)
    TIM4_IRQHandler                          0x0800024f   Thumb Code     0  startup_stm32f103xb.o(.text)
    USART3_IRQHandler                        0x0800024f   Thumb Code     0  startup_stm32f103xb.o(.text)
    USBWakeUp_IRQHandler                     0x0800024f   Thumb Code     0  startup_stm32f103xb.o(.text)
    USB_HP_CAN1_TX_IRQHandler                0x0800024f   Thumb Code     0  startup_stm32f103xb.o(.text)
    USB_LP_CAN1_RX0_IRQHandler               0x0800024f   Thumb Code     0  startup_stm32f103xb.o(.text)
    WWDG_IRQHandler                          0x0800024f   Thumb Code     0  startup_stm32f103xb.o(.text)
    __user_initial_stackheap                 0x08000251   Thumb Code     0  startup_stm32f103xb.o(.text)
    __aeabi_llsr                             0x08000275   Thumb Code     0  llushr.o(.text)
    _ll_ushift_r                             0x08000275   Thumb Code    38  llushr.o(.text)
    vsprintf                                 0x0800029d   Thumb Code    32  vsprintf.o(.text)
    strlen                                   0x080002c1   Thumb Code    62  strlen.o(.text)
    __aeabi_memcpy                           0x080002ff   Thumb Code     0  rt_memcpy_v6.o(.text)
    __rt_memcpy                              0x080002ff   Thumb Code   138  rt_memcpy_v6.o(.text)
    _memcpy_lastbytes                        0x08000365   Thumb Code     0  rt_memcpy_v6.o(.text)
    __aeabi_memclr4                          0x08000389   Thumb Code     0  rt_memclr_w.o(.text)
    __aeabi_memclr8                          0x08000389   Thumb Code     0  rt_memclr_w.o(.text)
    __rt_memclr_w                            0x08000389   Thumb Code    78  rt_memclr_w.o(.text)
    _memset_w                                0x0800038d   Thumb Code     0  rt_memclr_w.o(.text)
    strcmp                                   0x080003d9   Thumb Code   128  strcmpv7m.o(.text)
    __use_two_region_memory                  0x08000459   Thumb Code     2  heapauxi.o(.text)
    __rt_heap_escrow$2region                 0x0800045b   Thumb Code     2  heapauxi.o(.text)
    __rt_heap_expand$2region                 0x0800045d   Thumb Code     2  heapauxi.o(.text)
    _printf_pre_padding                      0x0800045f   Thumb Code    44  _printf_pad.o(.text)
    _printf_post_padding                     0x0800048b   Thumb Code    34  _printf_pad.o(.text)
    _printf_truncate_signed                  0x080004ad   Thumb Code    18  _printf_truncate.o(.text)
    _printf_truncate_unsigned                0x080004bf   Thumb Code    18  _printf_truncate.o(.text)
    _printf_str                              0x080004d1   Thumb Code    82  _printf_str.o(.text)
    _printf_int_dec                          0x08000525   Thumb Code   104  _printf_dec.o(.text)
    _printf_charcount                        0x0800059d   Thumb Code    40  _printf_charcount.o(.text)
    _printf_char_common                      0x080005cf   Thumb Code    32  _printf_char_common.o(.text)
    _sputc                                   0x080005f5   Thumb Code    10  _sputc.o(.text)
    _printf_wctomb                           0x08000601   Thumb Code   182  _printf_wctomb.o(.text)
    _printf_longlong_dec                     0x080006bd   Thumb Code   108  _printf_longlong_dec.o(.text)
    _printf_longlong_oct                     0x08000739   Thumb Code    66  _printf_oct_int_ll.o(.text)
    _printf_int_oct                          0x0800077b   Thumb Code    24  _printf_oct_int_ll.o(.text)
    _printf_ll_oct                           0x08000793   Thumb Code    12  _printf_oct_int_ll.o(.text)
    _printf_longlong_hex                     0x080007a9   Thumb Code    86  _printf_hex_int_ll_ptr.o(.text)
    _printf_int_hex                          0x080007ff   Thumb Code    28  _printf_hex_int_ll_ptr.o(.text)
    _printf_ll_hex                           0x0800081b   Thumb Code    12  _printf_hex_int_ll_ptr.o(.text)
    _printf_hex_ptr                          0x08000827   Thumb Code    18  _printf_hex_int_ll_ptr.o(.text)
    __printf                                 0x0800083d   Thumb Code   388  __printf_flags_ss_wp.o(.text)
    __aeabi_memcpy4                          0x080009c5   Thumb Code     0  rt_memcpy_w.o(.text)
    __aeabi_memcpy8                          0x080009c5   Thumb Code     0  rt_memcpy_w.o(.text)
    __rt_memcpy_w                            0x080009c5   Thumb Code   100  rt_memcpy_w.o(.text)
    _memcpy_lastbytes_aligned                0x08000a0d   Thumb Code     0  rt_memcpy_w.o(.text)
    _ll_udiv10                               0x08000a29   Thumb Code   138  lludiv10.o(.text)
    _printf_int_common                       0x08000ab3   Thumb Code   178  _printf_intcommon.o(.text)
    __lib_sel_fp_printf                      0x08000b65   Thumb Code     2  _printf_fp_dec.o(.text)
    _printf_fp_dec_real                      0x08000d17   Thumb Code   620  _printf_fp_dec.o(.text)
    _printf_fp_hex_real                      0x08000f85   Thumb Code   756  _printf_fp_hex.o(.text)
    _printf_cs_common                        0x08001281   Thumb Code    20  _printf_char.o(.text)
    _printf_char                             0x08001295   Thumb Code    16  _printf_char.o(.text)
    _printf_string                           0x080012a5   Thumb Code     8  _printf_char.o(.text)
    _printf_lcs_common                       0x080012ad   Thumb Code    20  _printf_wchar.o(.text)
    _printf_wchar                            0x080012c1   Thumb Code    16  _printf_wchar.o(.text)
    _printf_wstring                          0x080012d1   Thumb Code     8  _printf_wchar.o(.text)
    _wcrtomb                                 0x080012d9   Thumb Code    64  _wcrtomb.o(.text)
    __user_libspace                          0x08001319   Thumb Code     8  libspace.o(.text)
    __user_perproc_libspace                  0x08001319   Thumb Code     0  libspace.o(.text)
    __user_perthread_libspace                0x08001319   Thumb Code     0  libspace.o(.text)
    __user_setup_stackheap                   0x08001321   Thumb Code    74  sys_stackheap_outer.o(.text)
    __rt_ctype_table                         0x0800136d   Thumb Code    16  rt_ctype_table.o(.text)
    __rt_locale                              0x0800137d   Thumb Code     8  rt_locale_intlibspace.o(.text)
    _printf_fp_infnan                        0x08001385   Thumb Code   112  _printf_fp_infnan.o(.text)
    _btod_etento                             0x08001405   Thumb Code   224  bigflt0.o(.text)
    exit                                     0x080014e9   Thumb Code    18  exit.o(.text)
    _sys_exit                                0x080014fd   Thumb Code     8  sys_exit.o(.text)
    __I$use$semihosting                      0x08001509   Thumb Code     0  use_no_semi.o(.text)
    __use_no_semihosting_swi                 0x08001509   Thumb Code     2  use_no_semi.o(.text)
    __semihosting_library_function           0x0800150b   Thumb Code     0  indicate_semi.o(.text)
    _btod_d2e                                0x0800150b   Thumb Code    62  btod.o(CL$$btod_d2e)
    _d2e_denorm_low                          0x08001549   Thumb Code    70  btod.o(CL$$btod_d2e_denorm_low)
    _d2e_norm_op1                            0x0800158f   Thumb Code    96  btod.o(CL$$btod_d2e_norm_op1)
    __btod_div_common                        0x080015ef   Thumb Code   696  btod.o(CL$$btod_div_common)
    _e2e                                     0x08001927   Thumb Code   220  btod.o(CL$$btod_e2e)
    _btod_ediv                               0x08001a03   Thumb Code    42  btod.o(CL$$btod_ediv)
    _btod_emul                               0x08001a2d   Thumb Code    42  btod.o(CL$$btod_emul)
    __btod_mult_common                       0x08001a57   Thumb Code   580  btod.o(CL$$btod_mult_common)
    AS608_Add                                0x08001c9b   Thumb Code   292  as608.o(i.AS608_Add)
    AS608_Delete                             0x08001e39   Thumb Code    18  as608.o(i.AS608_Delete)
    AS608_IdentifyOnce                       0x08001e4b   Thumb Code   140  as608.o(i.AS608_IdentifyOnce)
    AS608_RecvPacket                         0x08001ed9   Thumb Code   160  as608.o(i.AS608_RecvPacket)
    AS608_RxPush                             0x08001f81   Thumb Code    32  as608.o(i.AS608_RxPush)
    Add_Card                                 0x08001fa9   Thumb Code   644  menu.o(i.Add_Card)
    Add_Card_Page                            0x080022b5   Thumb Code    28  menu.o(i.Add_Card_Page)
    Add_Card_UI                              0x080022d5   Thumb Code   522  menu.o(i.Add_Card_UI)
    Add_Fingerprint                          0x0800252d   Thumb Code    78  menu.o(i.Add_Fingerprint)
    Add_Fingerprint_Page                     0x0800257d   Thumb Code   216  menu.o(i.Add_Fingerprint_Page)
    Add_Fingerprint_UI                       0x0800267d   Thumb Code   268  menu.o(i.Add_Fingerprint_UI)
    BusFault_Handler                         0x080027cd   Thumb Code     2  stm32f1xx_it.o(i.BusFault_Handler)
    Buzzer_Key                               0x080027cf   Thumb Code    20  buzzer.o(i.Buzzer_Key)
    Buzzer_Lock                              0x080027e3   Thumb Code    22  buzzer.o(i.Buzzer_Lock)
    Buzzer_OFF                               0x080027f9   Thumb Code    10  buzzer.o(i.Buzzer_OFF)
    Buzzer_OLED_long                         0x08002809   Thumb Code    22  buzzer.o(i.Buzzer_OLED_long)
    Buzzer_OLED_short                        0x0800281f   Thumb Code    20  buzzer.o(i.Buzzer_OLED_short)
    Buzzer_ON                                0x08002835   Thumb Code    12  buzzer.o(i.Buzzer_ON)
    Check_Password                           0x08002845   Thumb Code    48  menu.o(i.Check_Password)
    Check_Password_HC06                      0x08002881   Thumb Code    48  main.o(i.Check_Password_HC06)
    ClearBitMask                             0x080028bd   Thumb Code    26  mfrc522.o(i.ClearBitMask)
    Clear_UART_RX_Buffer                     0x080028d9   Thumb Code    20  main.o(i.Clear_UART_RX_Buffer)
    DWT_Init                                 0x080028f1   Thumb Code    26  delay.o(i.DWT_Init)
    DebugMon_Handler                         0x08002915   Thumb Code     2  stm32f1xx_it.o(i.DebugMon_Handler)
    Delete_Card                              0x08002919   Thumb Code   474  menu.o(i.Delete_Card)
    Delete_Card_Page                         0x08002b2d   Thumb Code   220  menu.o(i.Delete_Card_Page)
    Delete_Card_UI                           0x08002c0d   Thumb Code   376  menu.o(i.Delete_Card_UI)
    Delete_Fingerprint                       0x08002dc1   Thumb Code   106  menu.o(i.Delete_Fingerprint)
    Delete_Fingerprint_Page                  0x08002e45   Thumb Code   220  menu.o(i.Delete_Fingerprint_Page)
    Delete_Fingerprint_UI                    0x08002f25   Thumb Code   220  menu.o(i.Delete_Fingerprint_UI)
    Display_NewPassword                      0x08003025   Thumb Code   146  menu.o(i.Display_NewPassword)
    Display_OldPassword                      0x080030d5   Thumb Code   146  menu.o(i.Display_OldPassword)
    Display_Password                         0x08003185   Thumb Code   146  menu.o(i.Display_Password)
    Error_Handler                            0x08003235   Thumb Code     4  main.o(i.Error_Handler)
    FLASH_Clear                              0x080032ad   Thumb Code    42  flash.o(i.FLASH_Clear)
    FLASH_PageErase                          0x080032fd   Thumb Code    28  stm32f1xx_hal_flash_ex.o(i.FLASH_PageErase)
    FLASH_R                                  0x0800333d   Thumb Code     4  flash.o(i.FLASH_R)
    FLASH_W                                  0x0800339d   Thumb Code   102  flash.o(i.FLASH_W)
    FLASH_WaitForLastOperation               0x08003405   Thumb Code    80  stm32f1xx_hal_flash.o(i.FLASH_WaitForLastOperation)
    FingerprintFlash_Add                     0x08003459   Thumb Code    98  fingerprintflash.o(i.FingerprintFlash_Add)
    FingerprintFlash_AddSlot                 0x080034bb   Thumb Code    14  fingerprintflash.o(i.FingerprintFlash_AddSlot)
    FingerprintFlash_Count                   0x080034c9   Thumb Code    12  fingerprintflash.o(i.FingerprintFlash_Count)
    FingerprintFlash_ReadAll                 0x080034d5   Thumb Code    66  fingerprintflash.o(i.FingerprintFlash_ReadAll)
    FingerprintFlash_RemoveSlot              0x08003517   Thumb Code    82  fingerprintflash.o(i.FingerprintFlash_RemoveSlot)
    First_Page                               0x08003569   Thumb Code   236  menu.o(i.First_Page)
    Flash_Erase                              0x08003659   Thumb Code    34  passwordflash.o(i.Flash_Erase)
    Flash_Lock                               0x080036ab   Thumb Code     4  passwordflash.o(i.Flash_Lock)
    Flash_Unlock                             0x080036af   Thumb Code     4  passwordflash.o(i.Flash_Unlock)
    HAL_DMA_Abort                            0x080036b3   Thumb Code    70  stm32f1xx_hal_dma.o(i.HAL_DMA_Abort)
    HAL_DMA_Abort_IT                         0x080036f9   Thumb Code   148  stm32f1xx_hal_dma.o(i.HAL_DMA_Abort_IT)
    HAL_DMA_GetError                         0x08003791   Thumb Code     4  stm32f1xx_hal_dma.o(i.HAL_DMA_GetError)
    HAL_Delay                                0x08003795   Thumb Code    32  stm32f1xx_hal.o(i.HAL_Delay)
    HAL_FLASHEx_Erase                        0x080037b9   Thumb Code   158  stm32f1xx_hal_flash_ex.o(i.HAL_FLASHEx_Erase)
    HAL_FLASH_Lock                           0x08003861   Thumb Code    14  stm32f1xx_hal_flash.o(i.HAL_FLASH_Lock)
    HAL_FLASH_Program                        0x08003875   Thumb Code   132  stm32f1xx_hal_flash.o(i.HAL_FLASH_Program)
    HAL_FLASH_Unlock                         0x08003901   Thumb Code    28  stm32f1xx_hal_flash.o(i.HAL_FLASH_Unlock)
    HAL_GPIO_Init                            0x08003929   Thumb Code   464  stm32f1xx_hal_gpio.o(i.HAL_GPIO_Init)
    HAL_GPIO_ReadPin                         0x08003b19   Thumb Code    14  stm32f1xx_hal_gpio.o(i.HAL_GPIO_ReadPin)
    HAL_GPIO_WritePin                        0x08003b27   Thumb Code    14  stm32f1xx_hal_gpio.o(i.HAL_GPIO_WritePin)
    HAL_GetTick                              0x08003b35   Thumb Code     6  stm32f1xx_hal.o(i.HAL_GetTick)
    HAL_IncTick                              0x08003b41   Thumb Code    12  stm32f1xx_hal.o(i.HAL_IncTick)
    HAL_Init                                 0x08003b51   Thumb Code    32  stm32f1xx_hal.o(i.HAL_Init)
    HAL_InitTick                             0x08003b75   Thumb Code    58  stm32f1xx_hal.o(i.HAL_InitTick)
    HAL_MspInit                              0x08003bb9   Thumb Code    58  stm32f1xx_hal_msp.o(i.HAL_MspInit)
    HAL_NVIC_EnableIRQ                       0x08003bfd   Thumb Code    26  stm32f1xx_hal_cortex.o(i.HAL_NVIC_EnableIRQ)
    HAL_NVIC_SetPriority                     0x08003c19   Thumb Code    60  stm32f1xx_hal_cortex.o(i.HAL_NVIC_SetPriority)
    HAL_NVIC_SetPriorityGrouping             0x08003c59   Thumb Code    26  stm32f1xx_hal_cortex.o(i.HAL_NVIC_SetPriorityGrouping)
    HAL_RCC_ClockConfig                      0x08003c7d   Thumb Code   318  stm32f1xx_hal_rcc.o(i.HAL_RCC_ClockConfig)
    HAL_RCC_GetHCLKFreq                      0x08003dd1   Thumb Code     6  stm32f1xx_hal_rcc.o(i.HAL_RCC_GetHCLKFreq)
    HAL_RCC_GetPCLK1Freq                     0x08003ddd   Thumb Code    22  stm32f1xx_hal_rcc.o(i.HAL_RCC_GetPCLK1Freq)
    HAL_RCC_GetPCLK2Freq                     0x08003dfd   Thumb Code    22  stm32f1xx_hal_rcc.o(i.HAL_RCC_GetPCLK2Freq)
    HAL_RCC_GetSysClockFreq                  0x08003e1d   Thumb Code    58  stm32f1xx_hal_rcc.o(i.HAL_RCC_GetSysClockFreq)
    HAL_RCC_OscConfig                        0x08003e69   Thumb Code   882  stm32f1xx_hal_rcc.o(i.HAL_RCC_OscConfig)
    HAL_SYSTICK_Config                       0x080041ed   Thumb Code    40  stm32f1xx_hal_cortex.o(i.HAL_SYSTICK_Config)
    HAL_TIMEx_BreakCallback                  0x08004215   Thumb Code     2  stm32f1xx_hal_tim_ex.o(i.HAL_TIMEx_BreakCallback)
    HAL_TIMEx_CommutCallback                 0x08004217   Thumb Code     2  stm32f1xx_hal_tim_ex.o(i.HAL_TIMEx_CommutCallback)
    HAL_TIMEx_MasterConfigSynchronization    0x08004219   Thumb Code    90  stm32f1xx_hal_tim_ex.o(i.HAL_TIMEx_MasterConfigSynchronization)
    HAL_TIM_Base_Init                        0x08004281   Thumb Code    74  stm32f1xx_hal_tim.o(i.HAL_TIM_Base_Init)
    HAL_TIM_Base_MspInit                     0x080042cd   Thumb Code    50  tim.o(i.HAL_TIM_Base_MspInit)
    HAL_TIM_Base_Start_IT                    0x08004305   Thumb Code    86  stm32f1xx_hal_tim.o(i.HAL_TIM_Base_Start_IT)
    HAL_TIM_ConfigClockSource                0x08004369   Thumb Code   232  stm32f1xx_hal_tim.o(i.HAL_TIM_ConfigClockSource)
    HAL_TIM_IC_CaptureCallback               0x08004451   Thumb Code     2  stm32f1xx_hal_tim.o(i.HAL_TIM_IC_CaptureCallback)
    HAL_TIM_IRQHandler                       0x08004453   Thumb Code   312  stm32f1xx_hal_tim.o(i.HAL_TIM_IRQHandler)
    HAL_TIM_OC_DelayElapsedCallback          0x0800458b   Thumb Code     2  stm32f1xx_hal_tim.o(i.HAL_TIM_OC_DelayElapsedCallback)
    HAL_TIM_PWM_PulseFinishedCallback        0x0800458d   Thumb Code     2  stm32f1xx_hal_tim.o(i.HAL_TIM_PWM_PulseFinishedCallback)
    HAL_TIM_PeriodElapsedCallback            0x0800458f   Thumb Code    14  main.o(i.HAL_TIM_PeriodElapsedCallback)
    HAL_TIM_TriggerCallback                  0x0800459d   Thumb Code     2  stm32f1xx_hal_tim.o(i.HAL_TIM_TriggerCallback)
    HAL_UARTEx_RxEventCallback               0x0800459f   Thumb Code     2  stm32f1xx_hal_uart.o(i.HAL_UARTEx_RxEventCallback)
    HAL_UART_AbortReceive                    0x080045a1   Thumb Code   148  stm32f1xx_hal_uart.o(i.HAL_UART_AbortReceive)
    HAL_UART_ErrorCallback                   0x08004635   Thumb Code     2  stm32f1xx_hal_uart.o(i.HAL_UART_ErrorCallback)
    HAL_UART_IRQHandler                      0x08004639   Thumb Code   554  stm32f1xx_hal_uart.o(i.HAL_UART_IRQHandler)
    HAL_UART_Init                            0x08004869   Thumb Code   102  stm32f1xx_hal_uart.o(i.HAL_UART_Init)
    HAL_UART_MspInit                         0x080048d1   Thumb Code   202  usart.o(i.HAL_UART_MspInit)
    HAL_UART_Receive_IT                      0x080049ad   Thumb Code    28  stm32f1xx_hal_uart.o(i.HAL_UART_Receive_IT)
    HAL_UART_RxCpltCallback                  0x080049c9   Thumb Code    54  main.o(i.HAL_UART_RxCpltCallback)
    HAL_UART_Transmit                        0x08004a15   Thumb Code   174  stm32f1xx_hal_uart.o(i.HAL_UART_Transmit)
    HAL_UART_TxCpltCallback                  0x08004ac3   Thumb Code     2  stm32f1xx_hal_uart.o(i.HAL_UART_TxCpltCallback)
    HardFault_Handler                        0x08004ac5   Thumb Code     2  stm32f1xx_it.o(i.HardFault_Handler)
    Intput_NewPassword                       0x08004ac9   Thumb Code   162  menu.o(i.Intput_NewPassword)
    Intput_OldPassword                       0x08004b8d   Thumb Code   184  menu.o(i.Intput_OldPassword)
    Intput_Password                          0x08004c65   Thumb Code   214  menu.o(i.Intput_Password)
    Key_GetNum                               0x08004d69   Thumb Code    18  key.o(i.Key_GetNum)
    Key_Scan                                 0x08004d81   Thumb Code   444  key.o(i.Key_Scan)
    Key_Tick                                 0x08004f45   Thumb Code    44  key.o(i.Key_Tick)
    Lock_Page                                0x08004f75   Thumb Code    28  menu.o(i.Lock_Page)
    Lock_UI                                  0x08004f95   Thumb Code    54  menu.o(i.Lock_UI)
    M500PcdConfigISOType                     0x08004fdd   Thumb Code    88  mfrc522.o(i.M500PcdConfigISOType)
    MX_GPIO_Init                             0x08005035   Thumb Code   308  gpio.o(i.MX_GPIO_Init)
    MX_TIM2_Init                             0x08005175   Thumb Code    98  tim.o(i.MX_TIM2_Init)
    MX_USART1_UART_Init                      0x080051dd   Thumb Code    48  usart.o(i.MX_USART1_UART_Init)
    MX_USART2_UART_Init                      0x08005215   Thumb Code    54  usart.o(i.MX_USART2_UART_Init)
    MemManage_Handler                        0x08005271   Thumb Code     2  stm32f1xx_it.o(i.MemManage_Handler)
    Menu_Show_UI                             0x08005275   Thumb Code    46  menu.o(i.Menu_Show_UI)
    Menu_UI                                  0x080052b5   Thumb Code    58  menu.o(i.Menu_UI)
    Menu_UI_Next                             0x0800532d   Thumb Code    34  menu.o(i.Menu_UI_Next)
    Motor_DirectionAngle90                   0x08005371   Thumb Code    36  motor.o(i.Motor_DirectionAngle90)
    Motor_DirectionSpeed                     0x08005395   Thumb Code    78  motor.o(i.Motor_DirectionSpeed)
    Motor_HalfDrive                          0x080053e5   Thumb Code   380  motor.o(i.Motor_HalfDrive)
    NMI_Handler                              0x08005569   Thumb Code     2  stm32f1xx_it.o(i.NMI_Handler)
    NewPassword_Page                         0x0800556d   Thumb Code    52  menu.o(i.NewPassword_Page)
    OLED_Clear                               0x080055a5   Thumb Code    34  oled.o(i.OLED_Clear)
    OLED_ClearArea                           0x080055cd   Thumb Code    88  oled.o(i.OLED_ClearArea)
    OLED_DrawEllipse                         0x08005629   Thumb Code   708  oled.o(i.OLED_DrawEllipse)
    OLED_DrawPoint                           0x080058f1   Thumb Code    46  oled.o(i.OLED_DrawPoint)
    OLED_I2C_SendByte                        0x08005925   Thumb Code    58  oled.o(i.OLED_I2C_SendByte)
    OLED_I2C_Start                           0x0800595f   Thumb Code    30  oled.o(i.OLED_I2C_Start)
    OLED_I2C_Stop                            0x0800597d   Thumb Code    24  oled.o(i.OLED_I2C_Stop)
    OLED_Init                                0x08005995   Thumb Code   152  oled.o(i.OLED_Init)
    OLED_Pow                                 0x08005a2d   Thumb Code    16  oled.o(i.OLED_Pow)
    OLED_Printf                              0x08005a3d   Thumb Code    42  oled.o(i.OLED_Printf)
    OLED_ReverseArea                         0x08005a69   Thumb Code    88  oled.o(i.OLED_ReverseArea)
    OLED_SetCursor                           0x08005ac5   Thumb Code    34  oled.o(i.OLED_SetCursor)
    OLED_ShowChar                            0x08005ae9   Thumb Code    78  oled.o(i.OLED_ShowChar)
    OLED_ShowImage                           0x08005b45   Thumb Code   176  oled.o(i.OLED_ShowImage)
    OLED_ShowNum                             0x08005bf9   Thumb Code    72  oled.o(i.OLED_ShowNum)
    OLED_ShowString                          0x08005c41   Thumb Code   236  oled.o(i.OLED_ShowString)
    OLED_Update                              0x08005d35   Thumb Code    34  oled.o(i.OLED_Update)
    OLED_W_SCL                               0x08005d5d   Thumb Code    12  oled.o(i.OLED_W_SCL)
    OLED_W_SDA                               0x08005d6d   Thumb Code    12  oled.o(i.OLED_W_SDA)
    OLED_WriteCommand                        0x08005d7d   Thumb Code    34  oled.o(i.OLED_WriteCommand)
    OLED_WriteData                           0x08005d9f   Thumb Code    48  oled.o(i.OLED_WriteData)
    OldPassword_Page                         0x08005dd1   Thumb Code    52  menu.o(i.OldPassword_Page)
    PS_DeletChar                             0x08005e09   Thumb Code   100  as608.o(i.PS_DeletChar)
    PS_GenChar                               0x08005e6d   Thumb Code    66  as608.o(i.PS_GenChar)
    PS_GetImage                              0x08005eaf   Thumb Code    58  as608.o(i.PS_GetImage)
    PS_ReadTouch                             0x08005ee9   Thumb Code    22  as608.o(i.PS_ReadTouch)
    PS_RegModel                              0x08005f05   Thumb Code    58  as608.o(i.PS_RegModel)
    PS_Search                                0x08005f3f   Thumb Code   142  as608.o(i.PS_Search)
    PS_StoreChar                             0x08005fcd   Thumb Code    88  as608.o(i.PS_StoreChar)
    PasswordFlash_Init                       0x08006025   Thumb Code    60  passwordflash.o(i.PasswordFlash_Init)
    PasswordFlash_Read                       0x0800606d   Thumb Code    26  passwordflash.o(i.PasswordFlash_Read)
    PasswordFlash_Write                      0x0800608d   Thumb Code    80  passwordflash.o(i.PasswordFlash_Write)
    PcdAntennaOff                            0x080060e1   Thumb Code     8  mfrc522.o(i.PcdAntennaOff)
    PcdAntennaOn                             0x080060e9   Thumb Code    26  mfrc522.o(i.PcdAntennaOn)
    PcdAnticoll                              0x08006103   Thumb Code   108  mfrc522.o(i.PcdAnticoll)
    PcdComMF522                              0x0800616f   Thumb Code   282  mfrc522.o(i.PcdComMF522)
    PcdRequest                               0x08006289   Thumb Code    80  mfrc522.o(i.PcdRequest)
    PcdReset                                 0x080062d9   Thumb Code   118  mfrc522.o(i.PcdReset)
    PendSV_Handler                           0x08006355   Thumb Code     2  stm32f1xx_it.o(i.PendSV_Handler)
    RFID_Check                               0x0800637d   Thumb Code   126  main.o(i.RFID_Check)
    RFID_Init                                0x0800641d   Thumb Code    24  mfrc522.o(i.RFID_Init)
    Rc522Test                                0x08006435   Thumb Code   190  mfrc522.o(i.Rc522Test)
    ReadRawRC                                0x080064f9   Thumb Code   166  mfrc522.o(i.ReadRawRC)
    Read_Card                                0x080065a5   Thumb Code   164  main.o(i.Read_Card)
    SVC_Handler                              0x08006669   Thumb Code     2  stm32f1xx_it.o(i.SVC_Handler)
    SetBitMask                               0x080066df   Thumb Code    26  mfrc522.o(i.SetBitMask)
    Show_Emoji_UI                            0x080066f9   Thumb Code   240  menu.o(i.Show_Emoji_UI)
    SysTick_Handler                          0x080067f5   Thumb Code     4  stm32f1xx_it.o(i.SysTick_Handler)
    SystemClock_Config                       0x080067f9   Thumb Code    94  main.o(i.SystemClock_Config)
    SystemInit                               0x08006857   Thumb Code     2  system_stm32f1xx.o(i.SystemInit)
    TIM2_IRQHandler                          0x08006859   Thumb Code     6  stm32f1xx_it.o(i.TIM2_IRQHandler)
    TIM_Base_SetConfig                       0x08006865   Thumb Code   108  stm32f1xx_hal_tim.o(i.TIM_Base_SetConfig)
    TIM_ETR_SetConfig                        0x080068dd   Thumb Code    20  stm32f1xx_hal_tim.o(i.TIM_ETR_SetConfig)
    UART_Start_Receive_IT                    0x08006b41   Thumb Code    56  stm32f1xx_hal_uart.o(i.UART_Start_Receive_IT)
    USART1_IRQHandler                        0x08006c4d   Thumb Code     6  stm32f1xx_it.o(i.USART1_IRQHandler)
    USART2_IRQHandler                        0x08006c59   Thumb Code     6  stm32f1xx_it.o(i.USART2_IRQHandler)
    UnLock_Page                              0x08006c65   Thumb Code    56  menu.o(i.UnLock_Page)
    UsageFault_Handler                       0x08006ca1   Thumb Code     2  stm32f1xx_it.o(i.UsageFault_Handler)
    WaitCardOff                              0x08006ca3   Thumb Code    48  mfrc522.o(i.WaitCardOff)
    WriteRawRC                               0x08006cd5   Thumb Code   180  mfrc522.o(i.WriteRawRC)
    __ARM_fpclassify                         0x08006d8d   Thumb Code    40  fpclassify.o(i.__ARM_fpclassify)
    _is_digit                                0x08006dd5   Thumb Code    14  __printf_wp.o(i._is_digit)
    delay_10ms                               0x08006de3   Thumb Code    24  mfrc522.o(i.delay_10ms)
    main                                     0x08006dfd   Thumb Code   478  main.o(i.main)
    _get_lc_numeric                          0x08007039   Thumb Code    44  lc_numeric_c.o(locale$$code)
    _get_lc_ctype                            0x08007065   Thumb Code    44  lc_ctype_c.o(locale$$code)
    __aeabi_d2f                              0x08007091   Thumb Code     0  d2f.o(x$fpl$d2f)
    _d2f                                     0x08007091   Thumb Code    98  d2f.o(x$fpl$d2f)
    __aeabi_dadd                             0x080070f5   Thumb Code     0  daddsub_clz.o(x$fpl$dadd)
    _dadd                                    0x080070f5   Thumb Code   332  daddsub_clz.o(x$fpl$dadd)
    __fpl_dcmp_Inf                           0x08007245   Thumb Code    24  dcmpi.o(x$fpl$dcmpinf)
    __aeabi_i2d                              0x0800725d   Thumb Code     0  dflt_clz.o(x$fpl$dflt)
    _dflt                                    0x0800725d   Thumb Code    46  dflt_clz.o(x$fpl$dflt)
    __aeabi_cdcmple                          0x0800728d   Thumb Code     0  dleqf.o(x$fpl$dleqf)
    _dcmple                                  0x0800728d   Thumb Code   120  dleqf.o(x$fpl$dleqf)
    __fpl_dcmple_InfNaN                      0x080072ef   Thumb Code     0  dleqf.o(x$fpl$dleqf)
    __aeabi_dmul                             0x08007305   Thumb Code     0  dmul.o(x$fpl$dmul)
    _dmul                                    0x08007305   Thumb Code   332  dmul.o(x$fpl$dmul)
    __fpl_dnaninf                            0x08007459   Thumb Code   156  dnaninf.o(x$fpl$dnaninf)
    __fpl_dretinf                            0x080074f5   Thumb Code    12  dretinf.o(x$fpl$dretinf)
    __aeabi_dsub                             0x08007501   Thumb Code     0  daddsub_clz.o(x$fpl$dsub)
    _dsub                                    0x08007501   Thumb Code   464  daddsub_clz.o(x$fpl$dsub)
    __aeabi_fadd                             0x080076d5   Thumb Code     0  faddsub_clz.o(x$fpl$fadd)
    _fadd                                    0x080076d5   Thumb Code   196  faddsub_clz.o(x$fpl$fadd)
    __aeabi_i2f                              0x08007799   Thumb Code     0  fflt_clz.o(x$fpl$fflt)
    _fflt                                    0x08007799   Thumb Code    48  fflt_clz.o(x$fpl$fflt)
    __fpl_fnaninf                            0x080077c9   Thumb Code   140  fnaninf.o(x$fpl$fnaninf)
    __fpl_fretinf                            0x08007855   Thumb Code    10  fretinf.o(x$fpl$fretinf)
    __aeabi_fsub                             0x08007861   Thumb Code     0  faddsub_clz.o(x$fpl$fsub)
    _fsub                                    0x08007861   Thumb Code   234  faddsub_clz.o(x$fpl$fsub)
    _printf_fp_dec                           0x0800794b   Thumb Code     4  printf1.o(x$fpl$printf1)
    _printf_fp_hex                           0x0800794f   Thumb Code     4  printf2.o(x$fpl$printf2)
    __I$use$fp                               0x08007952   Number         0  usenofp.o(x$fpl$usenofp)
    AHBPrescTable                            0x08007964   Data          16  system_stm32f1xx.o(.constdata)
    APBPrescTable                            0x08007974   Data           8  system_stm32f1xx.o(.constdata)
    OLED_F8x16                               0x0800797c   Data        1520  oled_data.o(.constdata)
    OLED_F6x8                                0x08007f6c   Data         570  oled_data.o(.constdata)
    OLED_F12x24                              0x080081a6   Data        3420  oled_data.o(.constdata)
    OLED_CF16x16                             0x08008f02   Data        2240  oled_data.o(.constdata)
    Boxleft                                  0x080097c2   Data          28  oled_data.o(.constdata)
    Boxright                                 0x080097de   Data          28  oled_data.o(.constdata)
    Eyebrow1                                 0x080097fa   Data          48  oled_data.o(.constdata)
    Eyebrow2                                 0x0800982a   Data          48  oled_data.o(.constdata)
    Mouth                                    0x0800985a   Data          60  oled_data.o(.constdata)
    Lock                                     0x08009896   Data          72  oled_data.o(.constdata)
    Empty                                    0x080098de   Data         256  oled_data.o(.constdata)
    Region$$Table$$Base                      0x08009adc   Number         0  anon$$obj.o(Region$$Table)
    Region$$Table$$Limit                     0x08009afc   Number         0  anon$$obj.o(Region$$Table)
    __ctype                                  0x08009b25   Data           0  lc_ctype_c.o(locale$$data)
    uwTickFreq                               0x20000000   Data           1  stm32f1xx_hal.o(.data)
    uwTickPrio                               0x20000004   Data           4  stm32f1xx_hal.o(.data)
    uwTick                                   0x20000008   Data           4  stm32f1xx_hal.o(.data)
    SystemCoreClock                          0x2000000c   Data           4  system_stm32f1xx.o(.data)
    Key_Num                                  0x20000013   Data           1  key.o(.data)
    Flag                                     0x20000014   Data           1  menu.o(.data)
    unlock_flag                              0x20000015   Data           1  menu.o(.data)
    LockFlag                                 0x20000016   Data           1  menu.o(.data)
    select                                   0x20000019   Data           1  menu.o(.data)
    deleteflag                               0x2000001a   Data           1  menu.o(.data)
    deleteflag_f                             0x2000001b   Data           1  menu.o(.data)
    select_f                                 0x2000001c   Data           1  menu.o(.data)
    KeyNum                                   0x2000001d   Data           1  menu.o(.data)
    tempcard                                 0x2000001e   Data           1  menu.o(.data)
    input_pos                                0x20000020   Data           4  menu.o(.data)
    input_password                           0x20000024   Data           5  menu.o(.data)
    UI0                                      0x20000029   Data           4  mfrc522.o(.data)
    UI1                                      0x2000002d   Data           4  mfrc522.o(.data)
    UI2                                      0x20000031   Data           4  mfrc522.o(.data)
    UI3                                      0x20000035   Data           4  mfrc522.o(.data)
    UID                                      0x20000039   Data           4  mfrc522.o(.data)
    Temp                                     0x2000003d   Data           4  mfrc522.o(.data)
    AS608Addr                                0x2000004c   Data           4  as608.o(.data)
    password_rx_complete                     0x20000050   Data           1  main.o(.data)
    cardnumber                               0x20000051   Data           1  main.o(.data)
    RxData                                   0x20000052   Data           5  main.o(.data)
    usart2_rx_byte                           0x20000057   Data           1  usart.o(.data)
    pFlash                                   0x20000058   Data          32  stm32f1xx_hal_flash.o(.bss)
    OLED_DisplayBuf                          0x20000078   Data        1024  oled.o(.bss)
    htim2                                    0x200005f8   Data          72  tim.o(.bss)
    huart1                                   0x20000640   Data          72  usart.o(.bss)
    huart2                                   0x20000688   Data          72  usart.o(.bss)
    __libspace_start                         0x200006d0   Data          96  libspace.o(.bss)
    __temporary_stack_top$libspace           0x20000730   Data           0  libspace.o(.bss)



==============================================================================

Memory Map of the image

  Image Entry point : 0x080000ed

  Load Region LR_IROM1 (Base: 0x08000000, Size: 0x00009c80, Max: 0x00010000, ABSOLUTE)

    Execution Region ER_IROM1 (Exec base: 0x08000000, Load base: 0x08000000, Size: 0x00009c28, Max: 0x00010000, ABSOLUTE)

    Exec Addr    Load Addr    Size         Type   Attr      Idx    E Section Name        Object

    0x08000000   0x08000000   0x000000ec   Data   RO            3    RESET               startup_stm32f103xb.o
    0x080000ec   0x080000ec   0x00000008   Code   RO         4302  * !!!main             c_w.l(__main.o)
    0x080000f4   0x080000f4   0x00000034   Code   RO         4735    !!!scatter          c_w.l(__scatter.o)
    0x08000128   0x08000128   0x0000001a   Code   RO         4737    !!handler_copy      c_w.l(__scatter_copy.o)
    0x08000142   0x08000142   0x00000002   PAD
    0x08000144   0x08000144   0x0000001c   Code   RO         4739    !!handler_zi        c_w.l(__scatter_zi.o)
    0x08000160   0x08000160   0x00000000   Code   RO         4442    .ARM.Collect$$_printf_percent$$00000000  c_w.l(_printf_percent.o)
    0x08000160   0x08000160   0x00000006   Code   RO         4431    .ARM.Collect$$_printf_percent$$00000001  c_w.l(_printf_n.o)
    0x08000166   0x08000166   0x00000006   Code   RO         4433    .ARM.Collect$$_printf_percent$$00000002  c_w.l(_printf_p.o)
    0x0800016c   0x0800016c   0x00000006   Code   RO         4438    .ARM.Collect$$_printf_percent$$00000003  c_w.l(_printf_f.o)
    0x08000172   0x08000172   0x00000006   Code   RO         4439    .ARM.Collect$$_printf_percent$$00000004  c_w.l(_printf_e.o)
    0x08000178   0x08000178   0x00000006   Code   RO         4440    .ARM.Collect$$_printf_percent$$00000005  c_w.l(_printf_g.o)
    0x0800017e   0x0800017e   0x00000006   Code   RO         4441    .ARM.Collect$$_printf_percent$$00000006  c_w.l(_printf_a.o)
    0x08000184   0x08000184   0x0000000a   Code   RO         4446    .ARM.Collect$$_printf_percent$$00000007  c_w.l(_printf_ll.o)
    0x0800018e   0x0800018e   0x00000006   Code   RO         4435    .ARM.Collect$$_printf_percent$$00000008  c_w.l(_printf_i.o)
    0x08000194   0x08000194   0x00000006   Code   RO         4436    .ARM.Collect$$_printf_percent$$00000009  c_w.l(_printf_d.o)
    0x0800019a   0x0800019a   0x00000006   Code   RO         4437    .ARM.Collect$$_printf_percent$$0000000A  c_w.l(_printf_u.o)
    0x080001a0   0x080001a0   0x00000006   Code   RO         4434    .ARM.Collect$$_printf_percent$$0000000B  c_w.l(_printf_o.o)
    0x080001a6   0x080001a6   0x00000006   Code   RO         4432    .ARM.Collect$$_printf_percent$$0000000C  c_w.l(_printf_x.o)
    0x080001ac   0x080001ac   0x00000006   Code   RO         4443    .ARM.Collect$$_printf_percent$$0000000D  c_w.l(_printf_lli.o)
    0x080001b2   0x080001b2   0x00000006   Code   RO         4444    .ARM.Collect$$_printf_percent$$0000000E  c_w.l(_printf_lld.o)
    0x080001b8   0x080001b8   0x00000006   Code   RO         4445    .ARM.Collect$$_printf_percent$$0000000F  c_w.l(_printf_llu.o)
    0x080001be   0x080001be   0x00000006   Code   RO         4450    .ARM.Collect$$_printf_percent$$00000010  c_w.l(_printf_llo.o)
    0x080001c4   0x080001c4   0x00000006   Code   RO         4451    .ARM.Collect$$_printf_percent$$00000011  c_w.l(_printf_llx.o)
    0x080001ca   0x080001ca   0x0000000a   Code   RO         4447    .ARM.Collect$$_printf_percent$$00000012  c_w.l(_printf_l.o)
    0x080001d4   0x080001d4   0x00000006   Code   RO         4429    .ARM.Collect$$_printf_percent$$00000013  c_w.l(_printf_c.o)
    0x080001da   0x080001da   0x00000006   Code   RO         4430    .ARM.Collect$$_printf_percent$$00000014  c_w.l(_printf_s.o)
    0x080001e0   0x080001e0   0x00000006   Code   RO         4448    .ARM.Collect$$_printf_percent$$00000015  c_w.l(_printf_lc.o)
    0x080001e6   0x080001e6   0x00000006   Code   RO         4449    .ARM.Collect$$_printf_percent$$00000016  c_w.l(_printf_ls.o)
    0x080001ec   0x080001ec   0x00000004   Code   RO         4537    .ARM.Collect$$_printf_percent$$00000017  c_w.l(_printf_percent_end.o)
    0x080001f0   0x080001f0   0x00000002   Code   RO         4595    .ARM.Collect$$libinit$$00000000  c_w.l(libinit.o)
    0x080001f2   0x080001f2   0x00000000   Code   RO         4606    .ARM.Collect$$libinit$$00000002  c_w.l(libinit2.o)
    0x080001f2   0x080001f2   0x00000000   Code   RO         4608    .ARM.Collect$$libinit$$00000004  c_w.l(libinit2.o)
    0x080001f2   0x080001f2   0x00000000   Code   RO         4611    .ARM.Collect$$libinit$$0000000A  c_w.l(libinit2.o)
    0x080001f2   0x080001f2   0x00000000   Code   RO         4613    .ARM.Collect$$libinit$$0000000C  c_w.l(libinit2.o)
    0x080001f2   0x080001f2   0x00000000   Code   RO         4615    .ARM.Collect$$libinit$$0000000E  c_w.l(libinit2.o)
    0x080001f2   0x080001f2   0x00000006   Code   RO         4616    .ARM.Collect$$libinit$$0000000F  c_w.l(libinit2.o)
    0x080001f8   0x080001f8   0x00000000   Code   RO         4618    .ARM.Collect$$libinit$$00000011  c_w.l(libinit2.o)
    0x080001f8   0x080001f8   0x0000000c   Code   RO         4619    .ARM.Collect$$libinit$$00000012  c_w.l(libinit2.o)
    0x08000204   0x08000204   0x00000000   Code   RO         4620    .ARM.Collect$$libinit$$00000013  c_w.l(libinit2.o)
    0x08000204   0x08000204   0x00000000   Code   RO         4622    .ARM.Collect$$libinit$$00000015  c_w.l(libinit2.o)
    0x08000204   0x08000204   0x0000000a   Code   RO         4623    .ARM.Collect$$libinit$$00000016  c_w.l(libinit2.o)
    0x0800020e   0x0800020e   0x00000000   Code   RO         4624    .ARM.Collect$$libinit$$00000017  c_w.l(libinit2.o)
    0x0800020e   0x0800020e   0x00000000   Code   RO         4626    .ARM.Collect$$libinit$$00000019  c_w.l(libinit2.o)
    0x0800020e   0x0800020e   0x00000000   Code   RO         4628    .ARM.Collect$$libinit$$0000001B  c_w.l(libinit2.o)
    0x0800020e   0x0800020e   0x00000000   Code   RO         4630    .ARM.Collect$$libinit$$0000001D  c_w.l(libinit2.o)
    0x0800020e   0x0800020e   0x00000000   Code   RO         4632    .ARM.Collect$$libinit$$0000001F  c_w.l(libinit2.o)
    0x0800020e   0x0800020e   0x00000000   Code   RO         4634    .ARM.Collect$$libinit$$00000021  c_w.l(libinit2.o)
    0x0800020e   0x0800020e   0x00000000   Code   RO         4636    .ARM.Collect$$libinit$$00000023  c_w.l(libinit2.o)
    0x0800020e   0x0800020e   0x00000000   Code   RO         4638    .ARM.Collect$$libinit$$00000025  c_w.l(libinit2.o)
    0x0800020e   0x0800020e   0x00000000   Code   RO         4642    .ARM.Collect$$libinit$$0000002C  c_w.l(libinit2.o)
    0x0800020e   0x0800020e   0x00000000   Code   RO         4644    .ARM.Collect$$libinit$$0000002E  c_w.l(libinit2.o)
    0x0800020e   0x0800020e   0x00000000   Code   RO         4646    .ARM.Collect$$libinit$$00000030  c_w.l(libinit2.o)
    0x0800020e   0x0800020e   0x00000000   Code   RO         4648    .ARM.Collect$$libinit$$00000032  c_w.l(libinit2.o)
    0x0800020e   0x0800020e   0x00000002   Code   RO         4649    .ARM.Collect$$libinit$$00000033  c_w.l(libinit2.o)
    0x08000210   0x08000210   0x00000002   Code   RO         4673    .ARM.Collect$$libshutdown$$00000000  c_w.l(libshutdown.o)
    0x08000212   0x08000212   0x00000000   Code   RO         4686    .ARM.Collect$$libshutdown$$00000002  c_w.l(libshutdown2.o)
    0x08000212   0x08000212   0x00000000   Code   RO         4688    .ARM.Collect$$libshutdown$$00000004  c_w.l(libshutdown2.o)
    0x08000212   0x08000212   0x00000000   Code   RO         4690    .ARM.Collect$$libshutdown$$00000006  c_w.l(libshutdown2.o)
    0x08000212   0x08000212   0x00000000   Code   RO         4693    .ARM.Collect$$libshutdown$$00000009  c_w.l(libshutdown2.o)
    0x08000212   0x08000212   0x00000000   Code   RO         4696    .ARM.Collect$$libshutdown$$0000000C  c_w.l(libshutdown2.o)
    0x08000212   0x08000212   0x00000000   Code   RO         4698    .ARM.Collect$$libshutdown$$0000000E  c_w.l(libshutdown2.o)
    0x08000212   0x08000212   0x00000000   Code   RO         4701    .ARM.Collect$$libshutdown$$00000011  c_w.l(libshutdown2.o)
    0x08000212   0x08000212   0x00000002   Code   RO         4702    .ARM.Collect$$libshutdown$$00000012  c_w.l(libshutdown2.o)
    0x08000214   0x08000214   0x00000000   Code   RO         4358    .ARM.Collect$$rtentry$$00000000  c_w.l(__rtentry.o)
    0x08000214   0x08000214   0x00000000   Code   RO         4503    .ARM.Collect$$rtentry$$00000002  c_w.l(__rtentry2.o)
    0x08000214   0x08000214   0x00000006   Code   RO         4515    .ARM.Collect$$rtentry$$00000004  c_w.l(__rtentry4.o)
    0x0800021a   0x0800021a   0x00000000   Code   RO         4505    .ARM.Collect$$rtentry$$00000009  c_w.l(__rtentry2.o)
    0x0800021a   0x0800021a   0x00000004   Code   RO         4506    .ARM.Collect$$rtentry$$0000000A  c_w.l(__rtentry2.o)
    0x0800021e   0x0800021e   0x00000000   Code   RO         4508    .ARM.Collect$$rtentry$$0000000C  c_w.l(__rtentry2.o)
    0x0800021e   0x0800021e   0x00000008   Code   RO         4509    .ARM.Collect$$rtentry$$0000000D  c_w.l(__rtentry2.o)
    0x08000226   0x08000226   0x00000002   Code   RO         4600    .ARM.Collect$$rtexit$$00000000  c_w.l(rtexit.o)
    0x08000228   0x08000228   0x00000000   Code   RO         4653    .ARM.Collect$$rtexit$$00000002  c_w.l(rtexit2.o)
    0x08000228   0x08000228   0x00000004   Code   RO         4654    .ARM.Collect$$rtexit$$00000003  c_w.l(rtexit2.o)
    0x0800022c   0x0800022c   0x00000006   Code   RO         4655    .ARM.Collect$$rtexit$$00000004  c_w.l(rtexit2.o)
    0x08000232   0x08000232   0x00000002   PAD
    0x08000234   0x08000234   0x00000040   Code   RO            4    .text               startup_stm32f103xb.o
    0x08000274   0x08000274   0x00000026   Code   RO         4288    .text               c_w.l(llushr.o)
    0x0800029a   0x0800029a   0x00000002   PAD
    0x0800029c   0x0800029c   0x00000024   Code   RO         4290    .text               c_w.l(vsprintf.o)
    0x080002c0   0x080002c0   0x0000003e   Code   RO         4292    .text               c_w.l(strlen.o)
    0x080002fe   0x080002fe   0x0000008a   Code   RO         4294    .text               c_w.l(rt_memcpy_v6.o)
    0x08000388   0x08000388   0x0000004e   Code   RO         4296    .text               c_w.l(rt_memclr_w.o)
    0x080003d6   0x080003d6   0x00000002   PAD
    0x080003d8   0x080003d8   0x00000080   Code   RO         4298    .text               c_w.l(strcmpv7m.o)
    0x08000458   0x08000458   0x00000006   Code   RO         4300    .text               c_w.l(heapauxi.o)
    0x0800045e   0x0800045e   0x0000004e   Code   RO         4363    .text               c_w.l(_printf_pad.o)
    0x080004ac   0x080004ac   0x00000024   Code   RO         4365    .text               c_w.l(_printf_truncate.o)
    0x080004d0   0x080004d0   0x00000052   Code   RO         4367    .text               c_w.l(_printf_str.o)
    0x08000522   0x08000522   0x00000002   PAD
    0x08000524   0x08000524   0x00000078   Code   RO         4369    .text               c_w.l(_printf_dec.o)
    0x0800059c   0x0800059c   0x00000028   Code   RO         4371    .text               c_w.l(_printf_charcount.o)
    0x080005c4   0x080005c4   0x00000030   Code   RO         4373    .text               c_w.l(_printf_char_common.o)
    0x080005f4   0x080005f4   0x0000000a   Code   RO         4375    .text               c_w.l(_sputc.o)
    0x080005fe   0x080005fe   0x00000002   PAD
    0x08000600   0x08000600   0x000000bc   Code   RO         4377    .text               c_w.l(_printf_wctomb.o)
    0x080006bc   0x080006bc   0x0000007c   Code   RO         4380    .text               c_w.l(_printf_longlong_dec.o)
    0x08000738   0x08000738   0x00000070   Code   RO         4386    .text               c_w.l(_printf_oct_int_ll.o)
    0x080007a8   0x080007a8   0x00000094   Code   RO         4406    .text               c_w.l(_printf_hex_int_ll_ptr.o)
    0x0800083c   0x0800083c   0x00000188   Code   RO         4426    .text               c_w.l(__printf_flags_ss_wp.o)
    0x080009c4   0x080009c4   0x00000064   Code   RO         4452    .text               c_w.l(rt_memcpy_w.o)
    0x08000a28   0x08000a28   0x0000008a   Code   RO         4522    .text               c_w.l(lludiv10.o)
    0x08000ab2   0x08000ab2   0x000000b2   Code   RO         4524    .text               c_w.l(_printf_intcommon.o)
    0x08000b64   0x08000b64   0x0000041e   Code   RO         4526    .text               c_w.l(_printf_fp_dec.o)
    0x08000f82   0x08000f82   0x00000002   PAD
    0x08000f84   0x08000f84   0x000002fc   Code   RO         4528    .text               c_w.l(_printf_fp_hex.o)
    0x08001280   0x08001280   0x0000002c   Code   RO         4533    .text               c_w.l(_printf_char.o)
    0x080012ac   0x080012ac   0x0000002c   Code   RO         4535    .text               c_w.l(_printf_wchar.o)
    0x080012d8   0x080012d8   0x00000040   Code   RO         4538    .text               c_w.l(_wcrtomb.o)
    0x08001318   0x08001318   0x00000008   Code   RO         4546    .text               c_w.l(libspace.o)
    0x08001320   0x08001320   0x0000004a   Code   RO         4549    .text               c_w.l(sys_stackheap_outer.o)
    0x0800136a   0x0800136a   0x00000002   PAD
    0x0800136c   0x0800136c   0x00000010   Code   RO         4551    .text               c_w.l(rt_ctype_table.o)
    0x0800137c   0x0800137c   0x00000008   Code   RO         4556    .text               c_w.l(rt_locale_intlibspace.o)
    0x08001384   0x08001384   0x00000080   Code   RO         4558    .text               c_w.l(_printf_fp_infnan.o)
    0x08001404   0x08001404   0x000000e4   Code   RO         4560    .text               c_w.l(bigflt0.o)
    0x080014e8   0x080014e8   0x00000012   Code   RO         4588    .text               c_w.l(exit.o)
    0x080014fa   0x080014fa   0x00000002   PAD
    0x080014fc   0x080014fc   0x0000000c   Code   RO         4665    .text               c_w.l(sys_exit.o)
    0x08001508   0x08001508   0x00000002   Code   RO         4676    .text               c_w.l(use_no_semi.o)
    0x0800150a   0x0800150a   0x00000000   Code   RO         4678    .text               c_w.l(indicate_semi.o)
    0x0800150a   0x0800150a   0x0000003e   Code   RO         4563    CL$$btod_d2e        c_w.l(btod.o)
    0x08001548   0x08001548   0x00000046   Code   RO         4565    CL$$btod_d2e_denorm_low  c_w.l(btod.o)
    0x0800158e   0x0800158e   0x00000060   Code   RO         4564    CL$$btod_d2e_norm_op1  c_w.l(btod.o)
    0x080015ee   0x080015ee   0x00000338   Code   RO         4573    CL$$btod_div_common  c_w.l(btod.o)
    0x08001926   0x08001926   0x000000dc   Code   RO         4570    CL$$btod_e2e        c_w.l(btod.o)
    0x08001a02   0x08001a02   0x0000002a   Code   RO         4567    CL$$btod_ediv       c_w.l(btod.o)
    0x08001a2c   0x08001a2c   0x0000002a   Code   RO         4566    CL$$btod_emul       c_w.l(btod.o)
    0x08001a56   0x08001a56   0x00000244   Code   RO         4572    CL$$btod_mult_common  c_w.l(btod.o)
    0x08001c9a   0x08001c9a   0x00000124   Code   RO         3708    i.AS608_Add         as608.o
    0x08001dbe   0x08001dbe   0x00000002   PAD
    0x08001dc0   0x08001dc0   0x00000028   Code   RO         3709    i.AS608_Available   as608.o
    0x08001de8   0x08001de8   0x00000050   Code   RO         3711    i.AS608_CopyFromRing  as608.o
    0x08001e38   0x08001e38   0x00000012   Code   RO         3712    i.AS608_Delete      as608.o
    0x08001e4a   0x08001e4a   0x0000008c   Code   RO         3714    i.AS608_IdentifyOnce  as608.o
    0x08001ed6   0x08001ed6   0x00000002   PAD
    0x08001ed8   0x08001ed8   0x000000a8   Code   RO         3716    i.AS608_RecvPacket  as608.o
    0x08001f80   0x08001f80   0x00000028   Code   RO         3717    i.AS608_RxPush      as608.o
    0x08001fa8   0x08001fa8   0x0000030c   Code   RO         3176    i.Add_Card          menu.o
    0x080022b4   0x080022b4   0x00000020   Code   RO         3177    i.Add_Card_Page     menu.o
    0x080022d4   0x080022d4   0x00000258   Code   RO         3178    i.Add_Card_UI       menu.o
    0x0800252c   0x0800252c   0x0000004e   Code   RO         3179    i.Add_Fingerprint   menu.o
    0x0800257a   0x0800257a   0x00000002   PAD
    0x0800257c   0x0800257c   0x00000100   Code   RO         3180    i.Add_Fingerprint_Page  menu.o
    0x0800267c   0x0800267c   0x00000150   Code   RO         3181    i.Add_Fingerprint_UI  menu.o
    0x080027cc   0x080027cc   0x00000002   Code   RO         4171    i.BusFault_Handler  stm32f1xx_it.o
    0x080027ce   0x080027ce   0x00000014   Code   RO         3649    i.Buzzer_Key        buzzer.o
    0x080027e2   0x080027e2   0x00000016   Code   RO         3650    i.Buzzer_Lock       buzzer.o
    0x080027f8   0x080027f8   0x00000010   Code   RO         3651    i.Buzzer_OFF        buzzer.o
    0x08002808   0x08002808   0x00000016   Code   RO         3652    i.Buzzer_OLED_long  buzzer.o
    0x0800281e   0x0800281e   0x00000014   Code   RO         3653    i.Buzzer_OLED_short  buzzer.o
    0x08002832   0x08002832   0x00000002   PAD
    0x08002834   0x08002834   0x00000010   Code   RO         3654    i.Buzzer_ON         buzzer.o
    0x08002844   0x08002844   0x0000003c   Code   RO         3182    i.Check_Password    menu.o
    0x08002880   0x08002880   0x0000003c   Code   RO         3943    i.Check_Password_HC06  main.o
    0x080028bc   0x080028bc   0x0000001a   Code   RO         3420    i.ClearBitMask      mfrc522.o
    0x080028d6   0x080028d6   0x00000002   PAD
    0x080028d8   0x080028d8   0x00000018   Code   RO         3944    i.Clear_UART_RX_Buffer  main.o
    0x080028f0   0x080028f0   0x00000024   Code   RO         2532    i.DWT_Init          delay.o
    0x08002914   0x08002914   0x00000002   Code   RO         4172    i.DebugMon_Handler  stm32f1xx_it.o
    0x08002916   0x08002916   0x00000002   PAD
    0x08002918   0x08002918   0x00000214   Code   RO         3183    i.Delete_Card       menu.o
    0x08002b2c   0x08002b2c   0x000000e0   Code   RO         3184    i.Delete_Card_Page  menu.o
    0x08002c0c   0x08002c0c   0x000001b4   Code   RO         3185    i.Delete_Card_UI    menu.o
    0x08002dc0   0x08002dc0   0x00000084   Code   RO         3186    i.Delete_Fingerprint  menu.o
    0x08002e44   0x08002e44   0x000000e0   Code   RO         3187    i.Delete_Fingerprint_Page  menu.o
    0x08002f24   0x08002f24   0x00000100   Code   RO         3188    i.Delete_Fingerprint_UI  menu.o
    0x08003024   0x08003024   0x000000b0   Code   RO         3189    i.Display_NewPassword  menu.o
    0x080030d4   0x080030d4   0x000000b0   Code   RO         3190    i.Display_OldPassword  menu.o
    0x08003184   0x08003184   0x000000b0   Code   RO         3191    i.Display_Password  menu.o
    0x08003234   0x08003234   0x00000004   Code   RO         3945    i.Error_Handler     main.o
    0x08003238   0x08003238   0x00000018   Code   RO         2670    i.FF_ReadSlot       fingerprintflash.o
    0x08003250   0x08003250   0x0000005c   Code   RO         2671    i.FF_WriteAll       fingerprintflash.o
    0x080032ac   0x080032ac   0x0000002a   Code   RO         2634    i.FLASH_Clear       flash.o
    0x080032d6   0x080032d6   0x00000002   PAD
    0x080032d8   0x080032d8   0x00000024   Code   RO         1943    i.FLASH_MassErase   stm32f1xx_hal_flash_ex.o
    0x080032fc   0x080032fc   0x00000024   Code   RO         1952    i.FLASH_PageErase   stm32f1xx_hal_flash_ex.o
    0x08003320   0x08003320   0x0000001c   Code   RO         1840    i.FLASH_Program_HalfWord  stm32f1xx_hal_flash.o
    0x0800333c   0x0800333c   0x00000004   Code   RO         2635    i.FLASH_R           flash.o
    0x08003340   0x08003340   0x0000005c   Code   RO         1841    i.FLASH_SetErrorCode  stm32f1xx_hal_flash.o
    0x0800339c   0x0800339c   0x00000066   Code   RO         2636    i.FLASH_W           flash.o
    0x08003402   0x08003402   0x00000002   PAD
    0x08003404   0x08003404   0x00000054   Code   RO         1842    i.FLASH_WaitForLastOperation  stm32f1xx_hal_flash.o
    0x08003458   0x08003458   0x00000062   Code   RO         2672    i.FingerprintFlash_Add  fingerprintflash.o
    0x080034ba   0x080034ba   0x0000000e   Code   RO         2673    i.FingerprintFlash_AddSlot  fingerprintflash.o
    0x080034c8   0x080034c8   0x0000000c   Code   RO         2675    i.FingerprintFlash_Count  fingerprintflash.o
    0x080034d4   0x080034d4   0x00000042   Code   RO         2676    i.FingerprintFlash_ReadAll  fingerprintflash.o
    0x08003516   0x08003516   0x00000052   Code   RO         2678    i.FingerprintFlash_RemoveSlot  fingerprintflash.o
    0x08003568   0x08003568   0x000000f0   Code   RO         3192    i.First_Page        menu.o
    0x08003658   0x08003658   0x00000028   Code   RO         2574    i.Flash_Erase       passwordflash.o
    0x08003680   0x08003680   0x0000002a   Code   RO         3193    i.Flash_HasSlot     menu.o
    0x080036aa   0x080036aa   0x00000004   Code   RO         2575    i.Flash_Lock        passwordflash.o
    0x080036ae   0x080036ae   0x00000004   Code   RO         2576    i.Flash_Unlock      passwordflash.o
    0x080036b2   0x080036b2   0x00000046   Code   RO         1504    i.HAL_DMA_Abort     stm32f1xx_hal_dma.o
    0x080036f8   0x080036f8   0x00000098   Code   RO         1505    i.HAL_DMA_Abort_IT  stm32f1xx_hal_dma.o
    0x08003790   0x08003790   0x00000004   Code   RO         1507    i.HAL_DMA_GetError  stm32f1xx_hal_dma.o
    0x08003794   0x08003794   0x00000024   Code   RO         1125    i.HAL_Delay         stm32f1xx_hal.o
    0x080037b8   0x080037b8   0x000000a8   Code   RO         1953    i.HAL_FLASHEx_Erase  stm32f1xx_hal_flash_ex.o
    0x08003860   0x08003860   0x00000014   Code   RO         1846    i.HAL_FLASH_Lock    stm32f1xx_hal_flash.o
    0x08003874   0x08003874   0x0000008c   Code   RO         1851    i.HAL_FLASH_Program  stm32f1xx_hal_flash.o
    0x08003900   0x08003900   0x00000028   Code   RO         1853    i.HAL_FLASH_Unlock  stm32f1xx_hal_flash.o
    0x08003928   0x08003928   0x000001f0   Code   RO         1440    i.HAL_GPIO_Init     stm32f1xx_hal_gpio.o
    0x08003b18   0x08003b18   0x0000000e   Code   RO         1442    i.HAL_GPIO_ReadPin  stm32f1xx_hal_gpio.o
    0x08003b26   0x08003b26   0x0000000e   Code   RO         1444    i.HAL_GPIO_WritePin  stm32f1xx_hal_gpio.o
    0x08003b34   0x08003b34   0x0000000c   Code   RO         1129    i.HAL_GetTick       stm32f1xx_hal.o
    0x08003b40   0x08003b40   0x00000010   Code   RO         1135    i.HAL_IncTick       stm32f1xx_hal.o
    0x08003b50   0x08003b50   0x00000024   Code   RO         1136    i.HAL_Init          stm32f1xx_hal.o
    0x08003b74   0x08003b74   0x00000044   Code   RO         1137    i.HAL_InitTick      stm32f1xx_hal.o
    0x08003bb8   0x08003bb8   0x00000044   Code   RO         4265    i.HAL_MspInit       stm32f1xx_hal_msp.o
    0x08003bfc   0x08003bfc   0x0000001a   Code   RO         1600    i.HAL_NVIC_EnableIRQ  stm32f1xx_hal_cortex.o
    0x08003c16   0x08003c16   0x00000002   PAD
    0x08003c18   0x08003c18   0x00000040   Code   RO         1606    i.HAL_NVIC_SetPriority  stm32f1xx_hal_cortex.o
    0x08003c58   0x08003c58   0x00000024   Code   RO         1607    i.HAL_NVIC_SetPriorityGrouping  stm32f1xx_hal_cortex.o
    0x08003c7c   0x08003c7c   0x00000154   Code   RO         1293    i.HAL_RCC_ClockConfig  stm32f1xx_hal_rcc.o
    0x08003dd0   0x08003dd0   0x0000000c   Code   RO         1298    i.HAL_RCC_GetHCLKFreq  stm32f1xx_hal_rcc.o
    0x08003ddc   0x08003ddc   0x00000020   Code   RO         1300    i.HAL_RCC_GetPCLK1Freq  stm32f1xx_hal_rcc.o
    0x08003dfc   0x08003dfc   0x00000020   Code   RO         1301    i.HAL_RCC_GetPCLK2Freq  stm32f1xx_hal_rcc.o
    0x08003e1c   0x08003e1c   0x0000004c   Code   RO         1302    i.HAL_RCC_GetSysClockFreq  stm32f1xx_hal_rcc.o
    0x08003e68   0x08003e68   0x00000384   Code   RO         1305    i.HAL_RCC_OscConfig  stm32f1xx_hal_rcc.o
    0x080041ec   0x080041ec   0x00000028   Code   RO         1611    i.HAL_SYSTICK_Config  stm32f1xx_hal_cortex.o
    0x08004214   0x08004214   0x00000002   Code   RO          851    i.HAL_TIMEx_BreakCallback  stm32f1xx_hal_tim_ex.o
    0x08004216   0x08004216   0x00000002   Code   RO          852    i.HAL_TIMEx_CommutCallback  stm32f1xx_hal_tim_ex.o
    0x08004218   0x08004218   0x00000068   Code   RO          870    i.HAL_TIMEx_MasterConfigSynchronization  stm32f1xx_hal_tim_ex.o
    0x08004280   0x08004280   0x0000004a   Code   RO          136    i.HAL_TIM_Base_Init  stm32f1xx_hal_tim.o
    0x080042ca   0x080042ca   0x00000002   PAD
    0x080042cc   0x080042cc   0x00000038   Code   RO         4081    i.HAL_TIM_Base_MspInit  tim.o
    0x08004304   0x08004304   0x00000064   Code   RO          141    i.HAL_TIM_Base_Start_IT  stm32f1xx_hal_tim.o
    0x08004368   0x08004368   0x000000e8   Code   RO          145    i.HAL_TIM_ConfigClockSource  stm32f1xx_hal_tim.o
    0x08004450   0x08004450   0x00000002   Code   RO          170    i.HAL_TIM_IC_CaptureCallback  stm32f1xx_hal_tim.o
    0x08004452   0x08004452   0x00000138   Code   RO          184    i.HAL_TIM_IRQHandler  stm32f1xx_hal_tim.o
    0x0800458a   0x0800458a   0x00000002   Code   RO          187    i.HAL_TIM_OC_DelayElapsedCallback  stm32f1xx_hal_tim.o
    0x0800458c   0x0800458c   0x00000002   Code   RO          214    i.HAL_TIM_PWM_PulseFinishedCallback  stm32f1xx_hal_tim.o
    0x0800458e   0x0800458e   0x0000000e   Code   RO         3946    i.HAL_TIM_PeriodElapsedCallback  main.o
    0x0800459c   0x0800459c   0x00000002   Code   RO          227    i.HAL_TIM_TriggerCallback  stm32f1xx_hal_tim.o
    0x0800459e   0x0800459e   0x00000002   Code   RO         2133    i.HAL_UARTEx_RxEventCallback  stm32f1xx_hal_uart.o
    0x080045a0   0x080045a0   0x00000094   Code   RO         2136    i.HAL_UART_AbortReceive  stm32f1xx_hal_uart.o
    0x08004634   0x08004634   0x00000002   Code   RO         2147    i.HAL_UART_ErrorCallback  stm32f1xx_hal_uart.o
    0x08004636   0x08004636   0x00000002   PAD
    0x08004638   0x08004638   0x00000230   Code   RO         2150    i.HAL_UART_IRQHandler  stm32f1xx_hal_uart.o
    0x08004868   0x08004868   0x00000066   Code   RO         2151    i.HAL_UART_Init     stm32f1xx_hal_uart.o
    0x080048ce   0x080048ce   0x00000002   PAD
    0x080048d0   0x080048d0   0x000000dc   Code   RO         4123    i.HAL_UART_MspInit  usart.o
    0x080049ac   0x080049ac   0x0000001c   Code   RO         2156    i.HAL_UART_Receive_IT  stm32f1xx_hal_uart.o
    0x080049c8   0x080049c8   0x0000004c   Code   RO         3947    i.HAL_UART_RxCpltCallback  main.o
    0x08004a14   0x08004a14   0x000000ae   Code   RO         2159    i.HAL_UART_Transmit  stm32f1xx_hal_uart.o
    0x08004ac2   0x08004ac2   0x00000002   Code   RO         2162    i.HAL_UART_TxCpltCallback  stm32f1xx_hal_uart.o
    0x08004ac4   0x08004ac4   0x00000002   Code   RO         4173    i.HardFault_Handler  stm32f1xx_it.o
    0x08004ac6   0x08004ac6   0x00000002   PAD
    0x08004ac8   0x08004ac8   0x000000c4   Code   RO         3194    i.Intput_NewPassword  menu.o
    0x08004b8c   0x08004b8c   0x000000d8   Code   RO         3195    i.Intput_OldPassword  menu.o
    0x08004c64   0x08004c64   0x00000104   Code   RO         3196    i.Intput_Password   menu.o
    0x08004d68   0x08004d68   0x00000018   Code   RO         3094    i.Key_GetNum        key.o
    0x08004d80   0x08004d80   0x000001c4   Code   RO         3095    i.Key_Scan          key.o
    0x08004f44   0x08004f44   0x00000030   Code   RO         3096    i.Key_Tick          key.o
    0x08004f74   0x08004f74   0x00000020   Code   RO         3197    i.Lock_Page         menu.o
    0x08004f94   0x08004f94   0x00000048   Code   RO         3198    i.Lock_UI           menu.o
    0x08004fdc   0x08004fdc   0x00000058   Code   RO         3421    i.M500PcdConfigISOType  mfrc522.o
    0x08005034   0x08005034   0x00000140   Code   RO         4053    i.MX_GPIO_Init      gpio.o
    0x08005174   0x08005174   0x00000068   Code   RO         4082    i.MX_TIM2_Init      tim.o
    0x080051dc   0x080051dc   0x00000038   Code   RO         4124    i.MX_USART1_UART_Init  usart.o
    0x08005214   0x08005214   0x00000044   Code   RO         4125    i.MX_USART2_UART_Init  usart.o
    0x08005258   0x08005258   0x00000018   Code   RO         3720    i.MYUSART_SendData  as608.o
    0x08005270   0x08005270   0x00000002   Code   RO         4174    i.MemManage_Handler  stm32f1xx_it.o
    0x08005272   0x08005272   0x00000002   PAD
    0x08005274   0x08005274   0x00000040   Code   RO         3199    i.Menu_Show_UI      menu.o
    0x080052b4   0x080052b4   0x00000078   Code   RO         3200    i.Menu_UI           menu.o
    0x0800532c   0x0800532c   0x00000044   Code   RO         3201    i.Menu_UI_Next      menu.o
    0x08005370   0x08005370   0x00000024   Code   RO         3137    i.Motor_DirectionAngle90  motor.o
    0x08005394   0x08005394   0x0000004e   Code   RO         3138    i.Motor_DirectionSpeed  motor.o
    0x080053e2   0x080053e2   0x00000002   PAD
    0x080053e4   0x080053e4   0x00000184   Code   RO         3139    i.Motor_HalfDrive   motor.o
    0x08005568   0x08005568   0x00000002   Code   RO         4175    i.NMI_Handler       stm32f1xx_it.o
    0x0800556a   0x0800556a   0x00000002   PAD
    0x0800556c   0x0800556c   0x00000038   Code   RO         3202    i.NewPassword_Page  menu.o
    0x080055a4   0x080055a4   0x00000028   Code   RO         2821    i.OLED_Clear        oled.o
    0x080055cc   0x080055cc   0x0000005c   Code   RO         2822    i.OLED_ClearArea    oled.o
    0x08005628   0x08005628   0x000002c8   Code   RO         2825    i.OLED_DrawEllipse  oled.o
    0x080058f0   0x080058f0   0x00000034   Code   RO         2827    i.OLED_DrawPoint    oled.o
    0x08005924   0x08005924   0x0000003a   Code   RO         2831    i.OLED_I2C_SendByte  oled.o
    0x0800595e   0x0800595e   0x0000001e   Code   RO         2832    i.OLED_I2C_Start    oled.o
    0x0800597c   0x0800597c   0x00000018   Code   RO         2833    i.OLED_I2C_Stop     oled.o
    0x08005994   0x08005994   0x00000098   Code   RO         2834    i.OLED_Init         oled.o
    0x08005a2c   0x08005a2c   0x00000010   Code   RO         2836    i.OLED_Pow          oled.o
    0x08005a3c   0x08005a3c   0x0000002a   Code   RO         2837    i.OLED_Printf       oled.o
    0x08005a66   0x08005a66   0x00000002   PAD
    0x08005a68   0x08005a68   0x0000005c   Code   RO         2839    i.OLED_ReverseArea  oled.o
    0x08005ac4   0x08005ac4   0x00000022   Code   RO         2840    i.OLED_SetCursor    oled.o
    0x08005ae6   0x08005ae6   0x00000002   PAD
    0x08005ae8   0x08005ae8   0x0000005c   Code   RO         2842    i.OLED_ShowChar     oled.o
    0x08005b44   0x08005b44   0x000000b4   Code   RO         2845    i.OLED_ShowImage    oled.o
    0x08005bf8   0x08005bf8   0x00000048   Code   RO         2846    i.OLED_ShowNum      oled.o
    0x08005c40   0x08005c40   0x000000f4   Code   RO         2848    i.OLED_ShowString   oled.o
    0x08005d34   0x08005d34   0x00000028   Code   RO         2849    i.OLED_Update       oled.o
    0x08005d5c   0x08005d5c   0x00000010   Code   RO         2851    i.OLED_W_SCL        oled.o
    0x08005d6c   0x08005d6c   0x00000010   Code   RO         2852    i.OLED_W_SDA        oled.o
    0x08005d7c   0x08005d7c   0x00000022   Code   RO         2853    i.OLED_WriteCommand  oled.o
    0x08005d9e   0x08005d9e   0x00000030   Code   RO         2854    i.OLED_WriteData    oled.o
    0x08005dce   0x08005dce   0x00000002   PAD
    0x08005dd0   0x08005dd0   0x00000038   Code   RO         3203    i.OldPassword_Page  menu.o
    0x08005e08   0x08005e08   0x00000064   Code   RO         3721    i.PS_DeletChar      as608.o
    0x08005e6c   0x08005e6c   0x00000042   Code   RO         3723    i.PS_GenChar        as608.o
    0x08005eae   0x08005eae   0x0000003a   Code   RO         3724    i.PS_GetImage       as608.o
    0x08005ee8   0x08005ee8   0x0000001c   Code   RO         3730    i.PS_ReadTouch      as608.o
    0x08005f04   0x08005f04   0x0000003a   Code   RO         3731    i.PS_RegModel       as608.o
    0x08005f3e   0x08005f3e   0x0000008e   Code   RO         3732    i.PS_Search         as608.o
    0x08005fcc   0x08005fcc   0x00000058   Code   RO         3734    i.PS_StoreChar      as608.o
    0x08006024   0x08006024   0x00000048   Code   RO         2577    i.PasswordFlash_Init  passwordflash.o
    0x0800606c   0x0800606c   0x00000020   Code   RO         2578    i.PasswordFlash_Read  passwordflash.o
    0x0800608c   0x0800608c   0x00000054   Code   RO         2579    i.PasswordFlash_Write  passwordflash.o
    0x080060e0   0x080060e0   0x00000008   Code   RO         3422    i.PcdAntennaOff     mfrc522.o
    0x080060e8   0x080060e8   0x0000001a   Code   RO         3423    i.PcdAntennaOn      mfrc522.o
    0x08006102   0x08006102   0x0000006c   Code   RO         3424    i.PcdAnticoll       mfrc522.o
    0x0800616e   0x0800616e   0x0000011a   Code   RO         3426    i.PcdComMF522       mfrc522.o
    0x08006288   0x08006288   0x00000050   Code   RO         3429    i.PcdRequest        mfrc522.o
    0x080062d8   0x080062d8   0x0000007c   Code   RO         3430    i.PcdReset          mfrc522.o
    0x08006354   0x08006354   0x00000002   Code   RO         4176    i.PendSV_Handler    stm32f1xx_it.o
    0x08006356   0x08006356   0x00000002   PAD
    0x08006358   0x08006358   0x00000024   Code   RO         1306    i.RCC_Delay         stm32f1xx_hal_rcc.o
    0x0800637c   0x0800637c   0x000000a0   Code   RO         3948    i.RFID_Check        main.o
    0x0800641c   0x0800641c   0x00000018   Code   RO         3433    i.RFID_Init         mfrc522.o
    0x08006434   0x08006434   0x000000c4   Code   RO         3434    i.Rc522Test         mfrc522.o
    0x080064f8   0x080064f8   0x000000ac   Code   RO         3435    i.ReadRawRC         mfrc522.o
    0x080065a4   0x080065a4   0x000000c4   Code   RO         3949    i.Read_Card         main.o
    0x08006668   0x08006668   0x00000002   Code   RO         4177    i.SVC_Handler       stm32f1xx_it.o
    0x0800666a   0x0800666a   0x00000002   PAD
    0x0800666c   0x0800666c   0x00000030   Code   RO         3738    i.SendAddr          as608.o
    0x0800669c   0x0800669c   0x00000014   Code   RO         3739    i.SendCheck         as608.o
    0x080066b0   0x080066b0   0x00000004   Code   RO         3740    i.SendFlag          as608.o
    0x080066b4   0x080066b4   0x00000012   Code   RO         3741    i.SendHead          as608.o
    0x080066c6   0x080066c6   0x00000014   Code   RO         3742    i.SendLength        as608.o
    0x080066da   0x080066da   0x00000004   Code   RO         3743    i.Sendcmd           as608.o
    0x080066de   0x080066de   0x0000001a   Code   RO         3436    i.SetBitMask        mfrc522.o
    0x080066f8   0x080066f8   0x000000fc   Code   RO         3204    i.Show_Emoji_UI     menu.o
    0x080067f4   0x080067f4   0x00000004   Code   RO         4178    i.SysTick_Handler   stm32f1xx_it.o
    0x080067f8   0x080067f8   0x0000005e   Code   RO         3950    i.SystemClock_Config  main.o
    0x08006856   0x08006856   0x00000002   Code   RO         2495    i.SystemInit        system_stm32f1xx.o
    0x08006858   0x08006858   0x0000000c   Code   RO         4179    i.TIM2_IRQHandler   stm32f1xx_it.o
    0x08006864   0x08006864   0x00000078   Code   RO          229    i.TIM_Base_SetConfig  stm32f1xx_hal_tim.o
    0x080068dc   0x080068dc   0x00000014   Code   RO          240    i.TIM_ETR_SetConfig  stm32f1xx_hal_tim.o
    0x080068f0   0x080068f0   0x00000010   Code   RO          241    i.TIM_ITRx_SetConfig  stm32f1xx_hal_tim.o
    0x08006900   0x08006900   0x00000022   Code   RO          247    i.TIM_TI1_ConfigInputStage  stm32f1xx_hal_tim.o
    0x08006922   0x08006922   0x00000024   Code   RO          249    i.TIM_TI2_ConfigInputStage  stm32f1xx_hal_tim.o
    0x08006946   0x08006946   0x00000010   Code   RO         2164    i.UART_DMAAbortOnError  stm32f1xx_hal_uart.o
    0x08006956   0x08006956   0x0000004e   Code   RO         2174    i.UART_EndRxTransfer  stm32f1xx_hal_uart.o
    0x080069a4   0x080069a4   0x0000001a   Code   RO         2175    i.UART_EndTransmit_IT  stm32f1xx_hal_uart.o
    0x080069be   0x080069be   0x000000c8   Code   RO         2177    i.UART_Receive_IT   stm32f1xx_hal_uart.o
    0x08006a86   0x08006a86   0x00000002   PAD
    0x08006a88   0x08006a88   0x000000b8   Code   RO         2178    i.UART_SetConfig    stm32f1xx_hal_uart.o
    0x08006b40   0x08006b40   0x00000038   Code   RO         2180    i.UART_Start_Receive_IT  stm32f1xx_hal_uart.o
    0x08006b78   0x08006b78   0x0000005e   Code   RO         2181    i.UART_Transmit_IT  stm32f1xx_hal_uart.o
    0x08006bd6   0x08006bd6   0x00000074   Code   RO         2182    i.UART_WaitOnFlagUntilTimeout  stm32f1xx_hal_uart.o
    0x08006c4a   0x08006c4a   0x00000002   PAD
    0x08006c4c   0x08006c4c   0x0000000c   Code   RO         4180    i.USART1_IRQHandler  stm32f1xx_it.o
    0x08006c58   0x08006c58   0x0000000c   Code   RO         4181    i.USART2_IRQHandler  stm32f1xx_it.o
    0x08006c64   0x08006c64   0x0000003c   Code   RO         3205    i.UnLock_Page       menu.o
    0x08006ca0   0x08006ca0   0x00000002   Code   RO         4182    i.UsageFault_Handler  stm32f1xx_it.o
    0x08006ca2   0x08006ca2   0x00000030   Code   RO         3437    i.WaitCardOff       mfrc522.o
    0x08006cd2   0x08006cd2   0x00000002   PAD
    0x08006cd4   0x08006cd4   0x000000b8   Code   RO         3438    i.WriteRawRC        mfrc522.o
    0x08006d8c   0x08006d8c   0x00000028   Code   RO         4542    i.__ARM_fpclassify  m_ws.l(fpclassify.o)
    0x08006db4   0x08006db4   0x00000020   Code   RO         1613    i.__NVIC_SetPriority  stm32f1xx_hal_cortex.o
    0x08006dd4   0x08006dd4   0x0000000e   Code   RO         4419    i._is_digit         c_w.l(__printf_wp.o)
    0x08006de2   0x08006de2   0x00000018   Code   RO         3439    i.delay_10ms        mfrc522.o
    0x08006dfa   0x08006dfa   0x00000002   PAD
    0x08006dfc   0x08006dfc   0x0000023c   Code   RO         3951    i.main              main.o
    0x08007038   0x08007038   0x0000002c   Code   RO         4586    locale$$code        c_w.l(lc_numeric_c.o)
    0x08007064   0x08007064   0x0000002c   Code   RO         4603    locale$$code        c_w.l(lc_ctype_c.o)
    0x08007090   0x08007090   0x00000062   Code   RO         4304    x$fpl$d2f           fz_ws.l(d2f.o)
    0x080070f2   0x080070f2   0x00000002   PAD
    0x080070f4   0x080070f4   0x00000150   Code   RO         4306    x$fpl$dadd          fz_ws.l(daddsub_clz.o)
    0x08007244   0x08007244   0x00000018   Code   RO         4454    x$fpl$dcmpinf       fz_ws.l(dcmpi.o)
    0x0800725c   0x0800725c   0x0000002e   Code   RO         4325    x$fpl$dflt          fz_ws.l(dflt_clz.o)
    0x0800728a   0x0800728a   0x00000002   PAD
    0x0800728c   0x0800728c   0x00000078   Code   RO         4330    x$fpl$dleqf         fz_ws.l(dleqf.o)
    0x08007304   0x08007304   0x00000154   Code   RO         4332    x$fpl$dmul          fz_ws.l(dmul.o)
    0x08007458   0x08007458   0x0000009c   Code   RO         4458    x$fpl$dnaninf       fz_ws.l(dnaninf.o)
    0x080074f4   0x080074f4   0x0000000c   Code   RO         4460    x$fpl$dretinf       fz_ws.l(dretinf.o)
    0x08007500   0x08007500   0x000001d4   Code   RO         4308    x$fpl$dsub          fz_ws.l(daddsub_clz.o)
    0x080076d4   0x080076d4   0x000000c4   Code   RO         4336    x$fpl$fadd          fz_ws.l(faddsub_clz.o)
    0x08007798   0x08007798   0x00000030   Code   RO         4343    x$fpl$fflt          fz_ws.l(fflt_clz.o)
    0x080077c8   0x080077c8   0x0000008c   Code   RO         4464    x$fpl$fnaninf       fz_ws.l(fnaninf.o)
    0x08007854   0x08007854   0x0000000a   Code   RO         4466    x$fpl$fretinf       fz_ws.l(fretinf.o)
    0x0800785e   0x0800785e   0x00000002   PAD
    0x08007860   0x08007860   0x000000ea   Code   RO         4338    x$fpl$fsub          fz_ws.l(faddsub_clz.o)
    0x0800794a   0x0800794a   0x00000004   Code   RO         4468    x$fpl$printf1       fz_ws.l(printf1.o)
    0x0800794e   0x0800794e   0x00000004   Code   RO         4470    x$fpl$printf2       fz_ws.l(printf2.o)
    0x08007952   0x08007952   0x00000000   Code   RO         4476    x$fpl$usenofp       fz_ws.l(usenofp.o)
    0x08007952   0x08007952   0x00000012   Data   RO         1307    .constdata          stm32f1xx_hal_rcc.o
    0x08007964   0x08007964   0x00000010   Data   RO         2496    .constdata          system_stm32f1xx.o
    0x08007974   0x08007974   0x00000008   Data   RO         2497    .constdata          system_stm32f1xx.o
    0x0800797c   0x0800797c   0x000005f0   Data   RO         3067    .constdata          oled_data.o
    0x08007f6c   0x08007f6c   0x0000023a   Data   RO         3068    .constdata          oled_data.o
    0x080081a6   0x080081a6   0x00000d5c   Data   RO         3069    .constdata          oled_data.o
    0x08008f02   0x08008f02   0x000008c0   Data   RO         3070    .constdata          oled_data.o
    0x080097c2   0x080097c2   0x0000001c   Data   RO         3071    .constdata          oled_data.o
    0x080097de   0x080097de   0x0000001c   Data   RO         3072    .constdata          oled_data.o
    0x080097fa   0x080097fa   0x00000030   Data   RO         3075    .constdata          oled_data.o
    0x0800982a   0x0800982a   0x00000030   Data   RO         3076    .constdata          oled_data.o
    0x0800985a   0x0800985a   0x0000003c   Data   RO         3077    .constdata          oled_data.o
    0x08009896   0x08009896   0x00000048   Data   RO         3078    .constdata          oled_data.o
    0x080098de   0x080098de   0x00000100   Data   RO         3079    .constdata          oled_data.o
    0x080099de   0x080099de   0x00000002   PAD
    0x080099e0   0x080099e0   0x00000008   Data   RO         4378    .constdata          c_w.l(_printf_wctomb.o)
    0x080099e8   0x080099e8   0x00000028   Data   RO         4407    .constdata          c_w.l(_printf_hex_int_ll_ptr.o)
    0x08009a10   0x08009a10   0x00000011   Data   RO         4427    .constdata          c_w.l(__printf_flags_ss_wp.o)
    0x08009a21   0x08009a21   0x00000026   Data   RO         4529    .constdata          c_w.l(_printf_fp_hex.o)
    0x08009a47   0x08009a47   0x00000001   PAD
    0x08009a48   0x08009a48   0x00000094   Data   RO         4561    .constdata          c_w.l(bigflt0.o)
    0x08009adc   0x08009adc   0x00000020   Data   RO         4733    Region$$Table       anon$$obj.o
    0x08009afc   0x08009afc   0x0000001c   Data   RO         4585    locale$$data        c_w.l(lc_numeric_c.o)
    0x08009b18   0x08009b18   0x00000110   Data   RO         4602    locale$$data        c_w.l(lc_ctype_c.o)


    Execution Region RW_IRAM1 (Exec base: 0x20000000, Load base: 0x08009c28, Size: 0x00000d30, Max: 0x00005000, ABSOLUTE)

    Exec Addr    Load Addr    Size         Type   Attr      Idx    E Section Name        Object

    0x20000000   0x08009c28   0x0000000c   Data   RW         1143    .data               stm32f1xx_hal.o
    0x2000000c   0x08009c34   0x00000004   Data   RW         2498    .data               system_stm32f1xx.o
    0x20000010   0x08009c38   0x00000004   Data   RW         3097    .data               key.o
    0x20000014   0x08009c3c   0x00000015   Data   RW         3206    .data               menu.o
    0x20000029   0x08009c51   0x00000018   Data   RW         3440    .data               mfrc522.o
    0x20000041   0x08009c69   0x00000003   PAD
    0x20000044   0x08009c6c   0x0000000c   Data   RW         3745    .data               as608.o
    0x20000050   0x08009c78   0x00000007   Data   RW         3952    .data               main.o
    0x20000057   0x08009c7f   0x00000001   Data   RW         4127    .data               usart.o
    0x20000058        -       0x00000020   Zero   RW         1854    .bss                stm32f1xx_hal_flash.o
    0x20000078        -       0x00000400   Zero   RW         2856    .bss                oled.o
    0x20000478        -       0x00000180   Zero   RW         3744    .bss                as608.o
    0x200005f8        -       0x00000048   Zero   RW         4083    .bss                tim.o
    0x20000640        -       0x00000090   Zero   RW         4126    .bss                usart.o
    0x200006d0        -       0x00000060   Zero   RW         4547    .bss                c_w.l(libspace.o)
    0x20000730        -       0x00000200   Zero   RW            2    HEAP                startup_stm32f103xb.o
    0x20000930        -       0x00000400   Zero   RW            1    STACK               startup_stm32f103xb.o


==============================================================================

Image component sizes


      Code (inc. data)   RO Data    RW Data    ZI Data      Debug   Object Name

      1456         48          0         12        384      15283   as608.o
       116         10          0          0          0       2663   buzzer.o
        36         10          0          0          0        411   delay.o
       388         10          0          0          0     425540   fingerprintflash.o
       148          0          0          0          0       1802   flash.o
       320         12          0          0          0       1055   gpio.o
       524         18          0          4          0       2289   key.o
      1200        198          0          7          0       6461   main.o
      6208        906          0         21          0      21659   menu.o
      1416         22          0         24          0      10845   mfrc522.o
       502         16          0          0          0       2814   motor.o
      2086         64          0          0       1024      14553   oled.o
         0          0       8290          0          0       1493   oled_data.o
       236         28          0          0          0       4290   passwordflash.o
        64         26        236          0       1536        800   startup_stm32f103xb.o
       168         28          0         12          0       5913   stm32f1xx_hal.o
       198         14          0          0          0      29043   stm32f1xx_hal_cortex.o
       226          4          0          0          0       2298   stm32f1xx_hal_dma.o
       404         46          0          0         32       4330   stm32f1xx_hal_flash.o
       240         28          0          0          0       2595   stm32f1xx_hal_flash_ex.o
       524         32          0          0          0       3471   stm32f1xx_hal_gpio.o
         0          0          0          0          0     432580   stm32f1xx_hal_gpio_ex.o
        68         10          0          0          0        898   stm32f1xx_hal_msp.o
      1428         90         18          0          0       6612   stm32f1xx_hal_rcc.o
       952         26          0          0          0       9587   stm32f1xx_hal_tim.o
       108         14          0          0          0       2461   stm32f1xx_hal_tim_ex.o
      1788         12          0          0          0      12992   stm32f1xx_hal_uart.o
        56         18          0          0          0       5180   stm32f1xx_it.o
         2          0         24          4          0       1119   system_stm32f1xx.o
       160         12          0          0         72       1662   tim.o
       344         40          0          1        144       2406   usart.o

    ----------------------------------------------------------------------
     21416       1742       8602         88       3192    1035105   Object Totals
         0          0         32          0          0          0   (incl. Generated)
        50          0          2          3          0          0   (incl. Padding)

    ----------------------------------------------------------------------

      Code (inc. data)   RO Data    RW Data    ZI Data      Debug   Library Member Name

         8          0          0          0          0         68   __main.o
       392          4         17          0          0         92   __printf_flags_ss_wp.o
        14          0          0          0          0         68   __printf_wp.o
         0          0          0          0          0          0   __rtentry.o
        12          0          0          0          0          0   __rtentry2.o
         6          0          0          0          0          0   __rtentry4.o
        52          8          0          0          0          0   __scatter.o
        26          0          0          0          0          0   __scatter_copy.o
        28          0          0          0          0          0   __scatter_zi.o
         6          0          0          0          0          0   _printf_a.o
         6          0          0          0          0          0   _printf_c.o
        44          0          0          0          0        108   _printf_char.o
        48          6          0          0          0         96   _printf_char_common.o
        40          0          0          0          0         68   _printf_charcount.o
         6          0          0          0          0          0   _printf_d.o
       120         16          0          0          0         92   _printf_dec.o
         6          0          0          0          0          0   _printf_e.o
         6          0          0          0          0          0   _printf_f.o
      1054          0          0          0          0        216   _printf_fp_dec.o
       764          8         38          0          0        100   _printf_fp_hex.o
       128         16          0          0          0         84   _printf_fp_infnan.o
         6          0          0          0          0          0   _printf_g.o
       148          4         40          0          0        160   _printf_hex_int_ll_ptr.o
         6          0          0          0          0          0   _printf_i.o
       178          0          0          0          0         88   _printf_intcommon.o
        10          0          0          0          0          0   _printf_l.o
         6          0          0          0          0          0   _printf_lc.o
        10          0          0          0          0          0   _printf_ll.o
         6          0          0          0          0          0   _printf_lld.o
         6          0          0          0          0          0   _printf_lli.o
         6          0          0          0          0          0   _printf_llo.o
         6          0          0          0          0          0   _printf_llu.o
         6          0          0          0          0          0   _printf_llx.o
       124         16          0          0          0         92   _printf_longlong_dec.o
         6          0          0          0          0          0   _printf_ls.o
         6          0          0          0          0          0   _printf_n.o
         6          0          0          0          0          0   _printf_o.o
       112         10          0          0          0        124   _printf_oct_int_ll.o
         6          0          0          0          0          0   _printf_p.o
        78          0          0          0          0        108   _printf_pad.o
         0          0          0          0          0          0   _printf_percent.o
         4          0          0          0          0          0   _printf_percent_end.o
         6          0          0          0          0          0   _printf_s.o
        82          0          0          0          0         80   _printf_str.o
        36          0          0          0          0         84   _printf_truncate.o
         6          0          0          0          0          0   _printf_u.o
        44          0          0          0          0        108   _printf_wchar.o
       188          6          8          0          0         92   _printf_wctomb.o
         6          0          0          0          0          0   _printf_x.o
        10          0          0          0          0         68   _sputc.o
        64          0          0          0          0         92   _wcrtomb.o
       228          4        148          0          0         96   bigflt0.o
      1936        128          0          0          0        672   btod.o
        18          0          0          0          0         80   exit.o
         6          0          0          0          0        152   heapauxi.o
         0          0          0          0          0          0   indicate_semi.o
        44         10        272          0          0         76   lc_ctype_c.o
        44         10         28          0          0         76   lc_numeric_c.o
         2          0          0          0          0          0   libinit.o
        30          0          0          0          0          0   libinit2.o
         2          0          0          0          0          0   libshutdown.o
         2          0          0          0          0          0   libshutdown2.o
         8          4          0          0         96         68   libspace.o
       138          0          0          0          0         80   lludiv10.o
        38          0          0          0          0         68   llushr.o
        16          4          0          0          0         76   rt_ctype_table.o
         8          4          0          0          0         68   rt_locale_intlibspace.o
        78          0          0          0          0         80   rt_memclr_w.o
       138          0          0          0          0         68   rt_memcpy_v6.o
       100          0          0          0          0         80   rt_memcpy_w.o
         2          0          0          0          0          0   rtexit.o
        10          0          0          0          0          0   rtexit2.o
       128          0          0          0          0         68   strcmpv7m.o
        62          0          0          0          0         76   strlen.o
        12          4          0          0          0         68   sys_exit.o
        74          0          0          0          0         80   sys_stackheap_outer.o
         2          0          0          0          0         68   use_no_semi.o
        36          4          0          0          0         76   vsprintf.o
        98          4          0          0          0         92   d2f.o
       804         16          0          0          0        272   daddsub_clz.o
        24          0          0          0          0         68   dcmpi.o
        46          0          0          0          0         68   dflt_clz.o
       120          4          0          0          0         92   dleqf.o
       340         12          0          0          0        104   dmul.o
       156          4          0          0          0         92   dnaninf.o
        12          0          0          0          0         68   dretinf.o
       430          8          0          0          0        168   faddsub_clz.o
        48          0          0          0          0         68   fflt_clz.o
       140          4          0          0          0         84   fnaninf.o
        10          0          0          0          0         68   fretinf.o
         4          0          0          0          0         68   printf1.o
         4          0          0          0          0         68   printf2.o
         0          0          0          0          0          0   usenofp.o
        40          0          0          0          0         68   fpclassify.o

    ----------------------------------------------------------------------
      9406        318        552          0         96       5712   Library Totals
        24          0          1          0          0          0   (incl. Padding)

    ----------------------------------------------------------------------

      Code (inc. data)   RO Data    RW Data    ZI Data      Debug   Library Name

      7106        266        551          0         96       4264   c_w.l
      2236         52          0          0          0       1380   fz_ws.l
        40          0          0          0          0         68   m_ws.l

    ----------------------------------------------------------------------
      9406        318        552          0         96       5712   Library Totals

    ----------------------------------------------------------------------

==============================================================================


      Code (inc. data)   RO Data    RW Data    ZI Data      Debug   

     30822       2060       9154         88       3288    1027033   Grand Totals
     30822       2060       9154         88       3288    1027033   ELF Image Totals
     30822       2060       9154         88          0          0   ROM Totals

==============================================================================

    Total RO  Size (Code + RO Data)                39976 (  39.04kB)
    Total RW  Size (RW Data + ZI Data)              3376 (   3.30kB)
    Total ROM Size (Code + RO Data + RW Data)      40064 (  39.13kB)

==============================================================================

